<*GNU-Linker-generated-mapfile*> 
Archive member included to satisfy reference by file (symbol)

C:\Program Files\dSPACE RCPHIL 2016-B\DS1202\Lib/librtversion.a(RtVersion.o)
                              (--whole-archive)
C:\Program Files\dSPACE RCPHIL 2016-B\DS1202\Lib/librtglobals.a(DsEESPort.o)
                              (--whole-archive)
C:\Program Files\dSPACE RCPHIL 2016-B\DS1202\Lib/libm_fastpow.a(w_pow.o)
                              C:\Program Files\dSPACE RCPHIL 2016-B\DS1202\Lib/libDsRealTimeTestingRP.so (pow)
C:\Program Files\dSPACE RCPHIL 2016-B\DS1202\Lib/libm_fastpow.a(e_pow.o)
                              C:\Program Files\dSPACE RCPHIL 2016-B\DS1202\Lib/libm_fastpow.a(w_pow.o) (__ieee754_pow)
C:\Program Files\dSPACE RCPHIL 2016-B\DS1202\Lib/libm_fastpow.a(s_scalbn.o)
                              C:\Program Files\dSPACE RCPHIL 2016-B\DS1202\Lib/libm_fastpow.a(e_pow.o) (scalbn)

Memory Configuration

Name             Origin             Length             Attributes
*default*        0x0000000000000000 0xffffffffffffffff

Linker script and memory map

LOAD C:\Program Files\dSPACE RCPHIL 2016-B\Compiler\QNX650_520\target\qnx6/ppcbe/lib/crt1.o
LOAD C:\Program Files\dSPACE RCPHIL 2016-B\Compiler\QNX650_520\target\qnx6/ppcbe/lib/crti.o
LOAD c:/program files/dspace rcphil 2016-b/compiler/qnx650_520/host/win32/x86/usr/bin/../lib/gcc/powerpc-unknown-nto-qnx6.5.0/5.2.0/crtbegin.o
                0x0000000000000000                _DSPACE_START = 0x0
                0x0000000000000000                _DSPACE_START_ = 0x0
                0x00000000000004b2                DS_TARGET_PLATFORM = 0x4b2
START GROUP
LOAD test_regler_p_pd_aktoren_sensoren_ansprechen.o07
LOAD rtGetInf.o07
LOAD rtGetNaN.o07
LOAD rt_nonfinite.o07
LOAD test_regler_p_pd_aktoren_sensoren_ansprechen_data.o07
LOAD test_regler_p_pd_aktoren_sensoren_ansprechen_trc_ptr.o07
LOAD rti_sim_engine.o07
LOAD rti_init_c.o07
LOAD rt_sim.o07
LOAD rti_assert.o07
LOAD C:\Program Files\dSPACE RCPHIL 2016-B\DS1202\Lib/librtcan.so
LOAD C:\Program Files\dSPACE RCPHIL 2016-B\DS1202\Lib/librtj1939.so
LOAD C:\Program Files\dSPACE RCPHIL 2016-B\DS1202\Lib/librtser.so
LOAD C:\Program Files\dSPACE RCPHIL 2016-B\DS1202\Lib/librt13xxio.so
LOAD C:\Program Files\dSPACE RCPHIL 2016-B\DS1202\Lib/libDsRealTimeTestingRP.so
LOAD C:\Program Files\dSPACE RCPHIL 2016-B\DS1202\Lib/libDsXcpRP.so
LOAD C:\Program Files\dSPACE RCPHIL 2016-B\DS1202\Lib/libDsXcpComm.so
LOAD C:\Program Files\dSPACE RCPHIL 2016-B\DS1202\Lib/libDsFixedSizeFifo.so
LOAD C:\Program Files\dSPACE RCPHIL 2016-B\DS1202\Lib/libDsNvDataRP.so
LOAD C:\Program Files\dSPACE RCPHIL 2016-B\DS1202\Lib/libDsNVDataCommon.so
LOAD C:\Program Files\dSPACE RCPHIL 2016-B\DS1202\Lib/librt1202.so
LOAD C:\Program Files\dSPACE RCPHIL 2016-B\DS1202\Lib/librtwrap.so
LOAD C:\Program Files\dSPACE RCPHIL 2016-B\DS1202\Lib/librtversion.a
LOAD C:\Program Files\dSPACE RCPHIL 2016-B\DS1202\Lib/librtglobals.a
LOAD C:\Program Files\dSPACE RCPHIL 2016-B\DS1202\Lib/libm_fastpow.a
END GROUP
LOAD C:\Program Files\dSPACE RCPHIL 2016-B\DS1202\Lib/libstdc++.so
LOAD C:\Program Files\dSPACE RCPHIL 2016-B\Compiler\QNX650_520\target\qnx6/ppcbe/lib/libm.so
LOAD c:/program files/dspace rcphil 2016-b/compiler/qnx650_520/host/win32/x86/usr/bin/../lib/gcc/powerpc-unknown-nto-qnx6.5.0/5.2.0\libgcc.a
LOAD C:\Program Files\dSPACE RCPHIL 2016-B\Compiler\QNX650_520\target\qnx6/ppcbe/lib/libc.so
LOAD C:\Program Files\dSPACE RCPHIL 2016-B\Compiler\QNX650_520\target\qnx6/ppcbe/lib\libc.a
LOAD c:/program files/dspace rcphil 2016-b/compiler/qnx650_520/host/win32/x86/usr/bin/../lib/gcc/powerpc-unknown-nto-qnx6.5.0/5.2.0\libgcc.a
LOAD c:/program files/dspace rcphil 2016-b/compiler/qnx650_520/host/win32/x86/usr/bin/../lib/gcc/powerpc-unknown-nto-qnx6.5.0/5.2.0/crtend.o
LOAD C:\Program Files\dSPACE RCPHIL 2016-B\Compiler\QNX650_520\target\qnx6/ppcbe/lib/crtn.o
                [!provide]                        PROVIDE (__stack, 0x0)
                [!provide]                        PROVIDE (___stack, 0x0)
                [!provide]                        PROVIDE (__executable_start, 0x48040000)
                0x0000000048040134                . = (0x48040000 + SIZEOF_HEADERS)

.interp         0x0000000048040134       0x14
 *(.interp)
 .interp        0x0000000048040134       0x14 C:\Program Files\dSPACE RCPHIL 2016-B\Compiler\QNX650_520\target\qnx6/ppcbe/lib/crt1.o

.note           0x0000000048040150       0x18
 .note          0x0000000048040150       0x18 C:\Program Files\dSPACE RCPHIL 2016-B\Compiler\QNX650_520\target\qnx6/ppcbe/lib/crtn.o

.note.gnu.build-id
                0x0000000048040168       0x20
 *(.note.gnu.build-id)
 .note.gnu.build-id
                0x0000000048040168       0x20 C:\Program Files\dSPACE RCPHIL 2016-B\Compiler\QNX650_520\target\qnx6/ppcbe/lib/crt1.o

.hash           0x0000000048040188      0x358
 *(.hash)
 .hash          0x0000000048040188      0x358 C:\Program Files\dSPACE RCPHIL 2016-B\Compiler\QNX650_520\target\qnx6/ppcbe/lib/crt1.o

.gnu.hash
 *(.gnu.hash)

.dynsym         0x00000000480404e0      0x730
 *(.dynsym)
 .dynsym        0x00000000480404e0      0x730 C:\Program Files\dSPACE RCPHIL 2016-B\Compiler\QNX650_520\target\qnx6/ppcbe/lib/crt1.o

.dynstr         0x0000000048040c10      0xa06
 *(.dynstr)
 .dynstr        0x0000000048040c10      0xa06 C:\Program Files\dSPACE RCPHIL 2016-B\Compiler\QNX650_520\target\qnx6/ppcbe/lib/crt1.o

.gnu.version    0x0000000048041616        0x0
 *(.gnu.version)
 .gnu.version   0x0000000048041616        0x0 C:\Program Files\dSPACE RCPHIL 2016-B\Compiler\QNX650_520\target\qnx6/ppcbe/lib/crt1.o

.gnu.version_d  0x0000000048041618        0x0
 *(.gnu.version_d)
 .gnu.version_d
                0x0000000048041618        0x0 C:\Program Files\dSPACE RCPHIL 2016-B\Compiler\QNX650_520\target\qnx6/ppcbe/lib/crt1.o

.gnu.version_r  0x0000000048041618        0x0
 *(.gnu.version_r)
 .gnu.version_r
                0x0000000048041618        0x0 C:\Program Files\dSPACE RCPHIL 2016-B\Compiler\QNX650_520\target\qnx6/ppcbe/lib/crt1.o

.rel.dyn
 *(.rel.init)
 *(.rel.text .rel.text.* .rel.gnu.linkonce.t.*)
 *(.rel.fini)
 *(.rel.rodata .rel.rodata.* .rel.gnu.linkonce.r.*)
 *(.rel.data.rel.ro* .rel.gnu.linkonce.d.rel.ro.*)
 *(.rel.data .rel.data.* .rel.gnu.linkonce.d.*)
 *(.rel.tdata .rel.tdata.* .rel.gnu.linkonce.td.*)
 *(.rel.tbss .rel.tbss.* .rel.gnu.linkonce.tb.*)
 *(.rel.ctors)
 *(.rel.dtors)
 *(.rel.got)
 *(.rel.sdata .rel.sdata.* .rel.gnu.linkonce.s.*)
 *(.rel.sbss .rel.sbss.* .rel.gnu.linkonce.sb.*)
 *(.rel.sdata2 .rel.sdata2.* .rel.gnu.linkonce.s2.*)
 *(.rel.sbss2 .rel.sbss2.* .rel.gnu.linkonce.sb2.*)
 *(.rel.bss .rel.bss.* .rel.gnu.linkonce.b.*)

.rela.dyn       0x0000000048041618       0x6c
 *(.rela.init)
 *(.rela.text .rela.text.* .rela.gnu.linkonce.t.*)
 .rela.text     0x0000000048041618        0x0 C:\Program Files\dSPACE RCPHIL 2016-B\Compiler\QNX650_520\target\qnx6/ppcbe/lib/crt1.o
 *(.rela.fini)
 *(.rela.rodata .rela.rodata.* .rela.gnu.linkonce.r.*)
 .rela.rodata   0x0000000048041618        0x0 C:\Program Files\dSPACE RCPHIL 2016-B\Compiler\QNX650_520\target\qnx6/ppcbe/lib/crt1.o
 *(.rela.data .rela.data.* .rela.gnu.linkonce.d.*)
 *(.rela.tdata .rela.tdata.* .rela.gnu.linkonce.td.*)
 *(.rela.tbss .rela.tbss.* .rela.gnu.linkonce.tb.*)
 *(.rela.ctors)
 *(.rela.dtors)
 *(.rela.got)
 .rela.got      0x0000000048041618       0x48 C:\Program Files\dSPACE RCPHIL 2016-B\Compiler\QNX650_520\target\qnx6/ppcbe/lib/crt1.o
 *(.rela.got1)
 *(.rela.got2)
 *(.rela.sdata .rela.sdata.* .rela.gnu.linkonce.s.*)
 *(.rela.sbss .rela.sbss.* .rela.gnu.linkonce.sb.*)
 .rela.sbss     0x0000000048041660        0x0 C:\Program Files\dSPACE RCPHIL 2016-B\Compiler\QNX650_520\target\qnx6/ppcbe/lib/crt1.o
 *(.rela.sdata2 .rela.sdata2.* .rela.gnu.linkonce.s2.*)
 *(.rela.sbss2 .rela.sbss2.* .rela.gnu.linkonce.sb2.*)
 *(.rela.bss .rela.bss.* .rela.gnu.linkonce.b.*)
 .rela.bss      0x0000000048041660       0x24 C:\Program Files\dSPACE RCPHIL 2016-B\Compiler\QNX650_520\target\qnx6/ppcbe/lib/crt1.o
 .rela.iplt     0x0000000048041684        0x0 C:\Program Files\dSPACE RCPHIL 2016-B\Compiler\QNX650_520\target\qnx6/ppcbe/lib/crt1.o

.rel.plt
 *(.rel.plt)

.rela.plt       0x0000000048041684      0x480
 *(.rela.plt)
 .rela.plt      0x0000000048041684      0x480 C:\Program Files\dSPACE RCPHIL 2016-B\Compiler\QNX650_520\target\qnx6/ppcbe/lib/crt1.o

.init           0x0000000048041b04       0x24
 *(.init)
 .init          0x0000000048041b04        0xc C:\Program Files\dSPACE RCPHIL 2016-B\Compiler\QNX650_520\target\qnx6/ppcbe/lib/crti.o
                0x0000000048041b04                _init
 .init          0x0000000048041b10        0x4 c:/program files/dspace rcphil 2016-b/compiler/qnx650_520/host/win32/x86/usr/bin/../lib/gcc/powerpc-unknown-nto-qnx6.5.0/5.2.0/crtbegin.o
 .init          0x0000000048041b14        0x4 c:/program files/dspace rcphil 2016-b/compiler/qnx650_520/host/win32/x86/usr/bin/../lib/gcc/powerpc-unknown-nto-qnx6.5.0/5.2.0/crtend.o
 .init          0x0000000048041b18       0x10 C:\Program Files\dSPACE RCPHIL 2016-B\Compiler\QNX650_520\target\qnx6/ppcbe/lib/crtn.o

.text           0x0000000048041b30     0x578c
                0x0000000048041b30                _btext = .
 *(.text .stub .text.* .gnu.linkonce.t.*)
 .text          0x0000000048041b30      0x118 C:\Program Files\dSPACE RCPHIL 2016-B\Compiler\QNX650_520\target\qnx6/ppcbe/lib/crt1.o
                0x0000000048041b30                _start
 .text          0x0000000048041c48        0x0 C:\Program Files\dSPACE RCPHIL 2016-B\Compiler\QNX650_520\target\qnx6/ppcbe/lib/crti.o
 .text          0x0000000048041c48      0x2b0 c:/program files/dspace rcphil 2016-b/compiler/qnx650_520/host/win32/x86/usr/bin/../lib/gcc/powerpc-unknown-nto-qnx6.5.0/5.2.0/crtbegin.o
 *fill*         0x0000000048041ef8        0x8 00000000
 .text          0x0000000048041f00     0x34d0 test_regler_p_pd_aktoren_sensoren_ansprechen.o07
                0x0000000048042670                test_reg_IfActionSubsystem_Init
                0x0000000048042680                test_regler_p_IfActionSubsystem
                0x0000000048042690                test_regler_p__regler_on2_Start
                0x00000000480426b0                test_regler_p_pd_akt_regler_on2
                0x00000000480426d0                test_regler_p_p_regler_on2_Term
                0x00000000480426f0                test_regler_p_pd_aktoren_sensoren_ansprechen_output
                0x00000000480448c0                test_regler_p_pd_aktoren_sensoren_ansprechen_derivatives
                0x00000000480449b0                test_regler_p_pd_aktoren_sensoren_ansprechen_update
                0x0000000048044b70                test_regler_p_pd_aktoren_sensoren_ansprechen_initialize
                0x0000000048045140                test_regler_p_pd_aktoren_sensoren_ansprechen_terminate
 .text          0x00000000480453d0       0x5c rtGetInf.o07
                0x00000000480453d0                rtGetInf
                0x00000000480453f0                rtGetInfF
                0x0000000048045400                rtGetMinusInf
                0x0000000048045420                rtGetMinusInfF
 *fill*         0x000000004804542c        0x4 00000000
 .text          0x0000000048045430       0x3c rtGetNaN.o07
                0x0000000048045430                rtGetNaN
                0x0000000048045460                rtGetNaNF
 *fill*         0x000000004804546c        0x4 00000000
 .text          0x0000000048045470       0xf4 rt_nonfinite.o07
                0x0000000048045470                rt_InitInfAndNaN
                0x00000000480454d0                rtIsInf
                0x0000000048045500                rtIsInfF
                0x0000000048045530                rtIsNaN
                0x0000000048045550                rtIsNaNF
 .text          0x0000000048045564        0x0 test_regler_p_pd_aktoren_sensoren_ansprechen_data.o07
 .text          0x0000000048045564      0x204 test_regler_p_pd_aktoren_sensoren_ansprechen_trc_ptr.o07
                0x0000000048045734                test_regler_p_pd_aktoren_sensoren_ansprechen_rti_init_trc_pointers
 *fill*         0x0000000048045768        0x8 00000000
 .text          0x0000000048045770      0x604 rti_sim_engine.o07
                0x0000000048045d00                rtk_idle_function
                0x0000000048045d10                rti_th_timertask1_trigger_source
                0x0000000048045d60                initConditions
                0x0000000048045d70                initVariables
 *fill*         0x0000000048045d74        0xc 00000000
 .text.startup  0x0000000048045d80      0x930 rti_sim_engine.o07
                0x0000000048045d80                main
 .text          0x00000000480466b0       0x40 rti_init_c.o07
                0x00000000480466b0                rti_init
 .text          0x00000000480466f0       0x44 rt_sim.o07
                0x00000000480466f0                rt_SimInitTimingEngine
                0x0000000048046720                rt_SimGetNextSampleHit
                0x0000000048046730                rt_SimUpdateDiscreteTaskSampleHits
 *fill*         0x0000000048046734        0xc 00000000
 .text          0x0000000048046740       0xd4 rti_assert.o07
                0x0000000048046740                rti_assertion_handler
                0x00000000480467d0                rti_assertion_mode_msg
 .text          0x0000000048046814        0x0 C:\Program Files\dSPACE RCPHIL 2016-B\DS1202\Lib/librtversion.a(RtVersion.o)
 *fill*         0x0000000048046814        0xc 00000000
 .text          0x0000000048046820        0x4 C:\Program Files\dSPACE RCPHIL 2016-B\DS1202\Lib/librtglobals.a(DsEESPort.o)
                0x0000000048046820                DsEesPort_init()
 .text          0x0000000048046824       0x20 C:\Program Files\dSPACE RCPHIL 2016-B\DS1202\Lib/libm_fastpow.a(w_pow.o)
                0x0000000048046824                pow
 .text          0x0000000048046844      0x85c C:\Program Files\dSPACE RCPHIL 2016-B\DS1202\Lib/libm_fastpow.a(e_pow.o)
                0x0000000048046844                __ieee754_pow
 .text          0x00000000480470a0      0x188 C:\Program Files\dSPACE RCPHIL 2016-B\DS1202\Lib/libm_fastpow.a(s_scalbn.o)
                0x00000000480470a0                scalbn
 .text          0x0000000048047228       0x94 c:/program files/dspace rcphil 2016-b/compiler/qnx650_520/host/win32/x86/usr/bin/../lib/gcc/powerpc-unknown-nto-qnx6.5.0/5.2.0/crtend.o
 .text          0x00000000480472bc        0x0 C:\Program Files\dSPACE RCPHIL 2016-B\Compiler\QNX650_520\target\qnx6/ppcbe/lib/crtn.o
 *(.gnu.warning)
 *(.glink)
 .glink         0x00000000480472bc        0x0 C:\Program Files\dSPACE RCPHIL 2016-B\Compiler\QNX650_520\target\qnx6/ppcbe/lib/crt1.o

.fini           0x00000000480472bc       0x20
 *(.fini)
 .fini          0x00000000480472bc        0xc C:\Program Files\dSPACE RCPHIL 2016-B\Compiler\QNX650_520\target\qnx6/ppcbe/lib/crti.o
                0x00000000480472bc                _fini
 .fini          0x00000000480472c8        0x4 c:/program files/dspace rcphil 2016-b/compiler/qnx650_520/host/win32/x86/usr/bin/../lib/gcc/powerpc-unknown-nto-qnx6.5.0/5.2.0/crtbegin.o
 .fini          0x00000000480472cc       0x10 C:\Program Files\dSPACE RCPHIL 2016-B\Compiler\QNX650_520\target\qnx6/ppcbe/lib/crtn.o
                [!provide]                        PROVIDE (__etext, .)
                0x00000000480472dc                PROVIDE (_etext, .)
                [!provide]                        PROVIDE (etext, .)

.rodata         0x00000000480472e0      0x5b8
 *(.rodata .rodata.* .gnu.linkonce.r.*)
 .rodata        0x00000000480472e0       0x18 test_regler_p_pd_aktoren_sensoren_ansprechen.o07
                0x00000000480472f4                test_regler_p_pd_aktoren_sen_M
 .rodata.cst4   0x00000000480472f8       0x58 test_regler_p_pd_aktoren_sensoren_ansprechen.o07
 .rodata.cst8   0x0000000048047350       0x58 test_regler_p_pd_aktoren_sensoren_ansprechen.o07
 .rodata.str1.4
                0x00000000480473a8        0x5 test_regler_p_pd_aktoren_sensoren_ansprechen.o07
 *fill*         0x00000000480473ad        0x3 
 .rodata.cst4   0x00000000480473b0        0x8 rtGetInf.o07
 .rodata.cst4   0x00000000480473b8        0x4 rtGetNaN.o07
 .rodata        0x00000000480473bc        0xc rti_sim_engine.o07
                0x00000000480473bc                rtiDataSetStorageEnabled
                0x00000000480473c0                p_dsts_sum_of_reset_time
                0x00000000480473c4                p_msg_last_error_no
 .rodata.cst4   0x00000000480473c8       0x10 rti_sim_engine.o07
 .rodata.cst8   0x00000000480473d8        0x8 rti_sim_engine.o07
 .rodata.str1.4
                0x00000000480473d8      0x284 rti_sim_engine.o07
 .rodata.cst4   0x000000004804765c        0x4 rt_sim.o07
                                          0x8 (size before relaxing)
 .rodata.str1.4
                0x0000000048047660       0x71 rt_sim.o07
 *fill*         0x00000000480476d1        0x3 
 .rodata.str1.4
                0x00000000480476d4       0x70 rti_assert.o07
                                         0x6d (size before relaxing)
 *fill*         0x0000000048047744        0x4 
 .rodata        0x0000000048047748       0x30 C:\Program Files\dSPACE RCPHIL 2016-B\DS1202\Lib/libm_fastpow.a(e_pow.o)
 .rodata.cst4   0x0000000048047778        0x8 C:\Program Files\dSPACE RCPHIL 2016-B\DS1202\Lib/libm_fastpow.a(e_pow.o)
 .rodata.cst8   0x0000000048047780       0xe8 C:\Program Files\dSPACE RCPHIL 2016-B\DS1202\Lib/libm_fastpow.a(e_pow.o)
 .rodata.cst8   0x0000000048047868       0x30 C:\Program Files\dSPACE RCPHIL 2016-B\DS1202\Lib/libm_fastpow.a(s_scalbn.o)

.rodata1
 *(.rodata1)

.sdata2         0x0000000048047898        0x0
                0x0000000000008000                PROVIDE (_SDA2_BASE_, 0x8000)
 *(.sdata2 .sdata2.* .gnu.linkonce.s2.*)
 .sdata2        0x0000000048047898        0x0 C:\Program Files\dSPACE RCPHIL 2016-B\Compiler\QNX650_520\target\qnx6/ppcbe/lib/crt1.o

.sbss2
 *(.sbss2 .sbss2.* .gnu.linkonce.sb2.*)

.eh_frame_hdr   0x0000000048047898       0x14
 *(.eh_frame_hdr)
 .eh_frame_hdr  0x0000000048047898       0x14 C:\Program Files\dSPACE RCPHIL 2016-B\DS1202\Lib/librtglobals.a(DsEESPort.o)

.eh_frame       0x00000000480478ac       0x2c
 *(.eh_frame)
 .eh_frame      0x00000000480478ac        0x0 C:\Program Files\dSPACE RCPHIL 2016-B\Compiler\QNX650_520\target\qnx6/ppcbe/lib/crt1.o
 .eh_frame      0x00000000480478ac        0x0 c:/program files/dspace rcphil 2016-b/compiler/qnx650_520/host/win32/x86/usr/bin/../lib/gcc/powerpc-unknown-nto-qnx6.5.0/5.2.0/crtbegin.o
 .eh_frame      0x00000000480478ac       0x28 C:\Program Files\dSPACE RCPHIL 2016-B\DS1202\Lib/librtglobals.a(DsEESPort.o)
 .eh_frame      0x00000000480478d4        0x4 c:/program files/dspace rcphil 2016-b/compiler/qnx650_520/host/win32/x86/usr/bin/../lib/gcc/powerpc-unknown-nto-qnx6.5.0/5.2.0/crtend.o

.gcc_except_table
 *(.gcc_except_table .gcc_except_table.*)
                0x00000000480478d8                . = (ALIGN (0x1000) - ((0x1000 - .) & 0xfff))
                0x0000000048048000                . = DATA_SEGMENT_ALIGN (0x1000, 0x1000)

.eh_frame
 *(.eh_frame)

.gcc_except_table
 *(.gcc_except_table .gcc_except_table.*)

.tdata
 *(.tdata .tdata.* .gnu.linkonce.td.*)

.tbss
 *(.tbss .tbss.* .gnu.linkonce.tb.*)
 *(.tcommon)

.preinit_array  0x0000000048048000        0x0
                0x0000000048048000                PROVIDE (__preinit_array_start, .)
 *(.preinit_array)
                0x0000000048048000                PROVIDE (__preinit_array_end, .)

.init_array     0x0000000048048000        0x0
                0x0000000048048000                PROVIDE (__init_array_start, .)
 *(SORT(.init_array.*))
 *(.init_array)
                0x0000000048048000                PROVIDE (__init_array_end, .)

.fini_array     0x0000000048048000        0x0
                0x0000000048048000                PROVIDE (__fini_array_start, .)
 *(.fini_array)
 *(SORT(.fini_array.*))
                0x0000000048048000                PROVIDE (__fini_array_end, .)

.ctors          0x0000000048048000        0x8
 *crtbegin.o(.ctors)
 .ctors         0x0000000048048000        0x4 c:/program files/dspace rcphil 2016-b/compiler/qnx650_520/host/win32/x86/usr/bin/../lib/gcc/powerpc-unknown-nto-qnx6.5.0/5.2.0/crtbegin.o
 *crtbegin?.o(.ctors)
 *(EXCLUDE_FILE(*crtend?.o *crtend.o) .ctors)
 *(SORT(.ctors.*))
 *(.ctors)
 .ctors         0x0000000048048004        0x4 c:/program files/dspace rcphil 2016-b/compiler/qnx650_520/host/win32/x86/usr/bin/../lib/gcc/powerpc-unknown-nto-qnx6.5.0/5.2.0/crtend.o

.dtors          0x0000000048048008        0x8
 *crtbegin.o(.dtors)
 .dtors         0x0000000048048008        0x4 c:/program files/dspace rcphil 2016-b/compiler/qnx650_520/host/win32/x86/usr/bin/../lib/gcc/powerpc-unknown-nto-qnx6.5.0/5.2.0/crtbegin.o
 *crtbegin?.o(.dtors)
 *(EXCLUDE_FILE(*crtend?.o *crtend.o) .dtors)
 *(SORT(.dtors.*))
 *(.dtors)
 .dtors         0x000000004804800c        0x4 c:/program files/dspace rcphil 2016-b/compiler/qnx650_520/host/win32/x86/usr/bin/../lib/gcc/powerpc-unknown-nto-qnx6.5.0/5.2.0/crtend.o
                0x000000004804800c                __DTOR_END__

.jcr            0x0000000048048010        0x4
 *(.jcr)
 .jcr           0x0000000048048010        0x0 c:/program files/dspace rcphil 2016-b/compiler/qnx650_520/host/win32/x86/usr/bin/../lib/gcc/powerpc-unknown-nto-qnx6.5.0/5.2.0/crtbegin.o
 .jcr           0x0000000048048010        0x4 c:/program files/dspace rcphil 2016-b/compiler/qnx650_520/host/win32/x86/usr/bin/../lib/gcc/powerpc-unknown-nto-qnx6.5.0/5.2.0/crtend.o

.data.rel.ro
 *(.data.rel.ro.local* .gnu.linkonce.d.rel.ro.local.*)
 *(.data.rel.ro* .gnu.linkonce.d.rel.ro.*)

.fixup
 *(.fixup)

.got1
 *(.got1)

.got2
 *(.got2)

.dynamic        0x0000000048048014      0x128
 *(.dynamic)
 .dynamic       0x0000000048048014      0x128 C:\Program Files\dSPACE RCPHIL 2016-B\Compiler\QNX650_520\target\qnx6/ppcbe/lib/crt1.o
                0x0000000048048014                _DYNAMIC

.got
 *(.got)
                0x000000004804813c                . = DATA_SEGMENT_RELRO_END (., 0x0)

.plt
 *(.plt)

.data           0x0000000048048140      0xf00
 *(.data .data.* .gnu.linkonce.d.*)
 .data          0x0000000048048140        0x0 C:\Program Files\dSPACE RCPHIL 2016-B\Compiler\QNX650_520\target\qnx6/ppcbe/lib/crt1.o
 .data          0x0000000048048140        0x0 C:\Program Files\dSPACE RCPHIL 2016-B\Compiler\QNX650_520\target\qnx6/ppcbe/lib/crti.o
 .data          0x0000000048048140        0x0 c:/program files/dspace rcphil 2016-b/compiler/qnx650_520/host/win32/x86/usr/bin/../lib/gcc/powerpc-unknown-nto-qnx6.5.0/5.2.0/crtbegin.o
 .data.rel.local
                0x0000000048048140        0x4 c:/program files/dspace rcphil 2016-b/compiler/qnx650_520/host/win32/x86/usr/bin/../lib/gcc/powerpc-unknown-nto-qnx6.5.0/5.2.0/crtbegin.o
                0x0000000048048140                __dso_handle
 .data          0x0000000048048144        0x0 test_regler_p_pd_aktoren_sensoren_ansprechen.o07
 .data          0x0000000048048144        0x0 rtGetInf.o07
 .data          0x0000000048048144        0x0 rtGetNaN.o07
 .data          0x0000000048048144        0x0 rt_nonfinite.o07
 *fill*         0x0000000048048144        0x4 
 .data          0x0000000048048148      0xed8 test_regler_p_pd_aktoren_sensoren_ansprechen_data.o07
                0x0000000048048148                test_regler_p_pd_aktoren_sens_P
 .data          0x0000000048049020        0x0 test_regler_p_pd_aktoren_sensoren_ansprechen_trc_ptr.o07
 .data          0x0000000048049020       0x14 rti_sim_engine.o07
                0x0000000048049020                simState
                0x0000000048049030                lastSimState
 .data          0x0000000048049034        0x0 rti_init_c.o07
 .data          0x0000000048049034        0x0 rt_sim.o07
 .data          0x0000000048049034        0x0 rti_assert.o07
 .data          0x0000000048049034        0x0 C:\Program Files\dSPACE RCPHIL 2016-B\DS1202\Lib/librtversion.a(RtVersion.o)
 .data          0x0000000048049034        0x0 C:\Program Files\dSPACE RCPHIL 2016-B\DS1202\Lib/librtglobals.a(DsEESPort.o)
 .data.rel      0x0000000048049034        0xc C:\Program Files\dSPACE RCPHIL 2016-B\DS1202\Lib/librtglobals.a(DsEESPort.o)
                0x0000000048049034                p_xilapi_eesport_errorswitching_uint32_T
                0x0000000048049038                p_xilapi_eesport_erroractivated_uint32_T
                0x000000004804903c                p_xilapi_eesport_activeerrorset_uint32_T
 .data          0x0000000048049040        0x0 C:\Program Files\dSPACE RCPHIL 2016-B\DS1202\Lib/libm_fastpow.a(w_pow.o)
 .data          0x0000000048049040        0x0 C:\Program Files\dSPACE RCPHIL 2016-B\DS1202\Lib/libm_fastpow.a(e_pow.o)
 .data          0x0000000048049040        0x0 C:\Program Files\dSPACE RCPHIL 2016-B\DS1202\Lib/libm_fastpow.a(s_scalbn.o)
 .data          0x0000000048049040        0x0 c:/program files/dspace rcphil 2016-b/compiler/qnx650_520/host/win32/x86/usr/bin/../lib/gcc/powerpc-unknown-nto-qnx6.5.0/5.2.0/crtend.o
 .data          0x0000000048049040        0x0 C:\Program Files\dSPACE RCPHIL 2016-B\Compiler\QNX650_520\target\qnx6/ppcbe/lib/crtn.o

.tm_clone_table
                0x0000000048049040        0x0
 .tm_clone_table
                0x0000000048049040        0x0 c:/program files/dspace rcphil 2016-b/compiler/qnx650_520/host/win32/x86/usr/bin/../lib/gcc/powerpc-unknown-nto-qnx6.5.0/5.2.0/crtbegin.o
 .tm_clone_table
                0x0000000048049040        0x0 c:/program files/dspace rcphil 2016-b/compiler/qnx650_520/host/win32/x86/usr/bin/../lib/gcc/powerpc-unknown-nto-qnx6.5.0/5.2.0/crtend.o

.data1
 *(.data1)

.got            0x0000000048049040       0x54
 *(.got)
 .got           0x0000000048049040       0x54 C:\Program Files\dSPACE RCPHIL 2016-B\Compiler\QNX650_520\target\qnx6/ppcbe/lib/crt1.o
                0x0000000048049088                _GLOBAL_OFFSET_TABLE_

.sdata          0x0000000048049094        0x0
                0x0000000000008000                PROVIDE (_SDA_BASE_, 0x8000)
 *(.sdata .sdata.* .gnu.linkonce.s.*)
 .sdata         0x0000000048049094        0x0 C:\Program Files\dSPACE RCPHIL 2016-B\Compiler\QNX650_520\target\qnx6/ppcbe/lib/crt1.o
                0x0000000048049094                _edata = .
                [!provide]                        PROVIDE (edata, .)
                0x0000000048049094                __bss_start = .

.sbss           0x0000000048049094        0x0
                [!provide]                        PROVIDE (__sbss_start, .)
                [!provide]                        PROVIDE (___sbss_start, .)
 *(.dynsbss)
 .dynsbss       0x0000000048049094        0x0 C:\Program Files\dSPACE RCPHIL 2016-B\Compiler\QNX650_520\target\qnx6/ppcbe/lib/crt1.o
 *(.sbss .sbss.* .gnu.linkonce.sb.*)
 *(.scommon)
                [!provide]                        PROVIDE (__sbss_end, .)
                [!provide]                        PROVIDE (___sbss_end, .)

.plt            0x0000000048049094      0x4c8
 *(.plt)
 .plt           0x0000000048049094      0x4c8 C:\Program Files\dSPACE RCPHIL 2016-B\Compiler\QNX650_520\target\qnx6/ppcbe/lib/crt1.o
                0x00000000480490dc                ts_reset
                0x00000000480490e4                __register_frame_info
                0x00000000480490ec                DioCl2EncoderIn_create
                0x00000000480490f4                msg_error_clear
                0x00000000480490fc                AdcCl1AnalogIn_read
                0x0000000048049104                dsrtt_set_current_time
                0x000000004804910c                sqrt
                0x0000000048049114                DioCl2EncoderIn_read
                0x000000004804911c                rtk_current_task_absolute_time_ptr_get
                0x0000000048049124                DsTimeSync_simstateRun
                0x000000004804912c                DacCl1AnalogOut_create
                0x0000000048049134                DioCl2EncoderIn_setEncPosition
                0x000000004804913c                DioCl2EncoderIn_stop
                0x0000000048049144                memcpy
                0x000000004804914c                rtk_setup_temp_overrun_handling
                0x0000000048049154                DioCl2EncoderIn_setIndexMode
                0x000000004804915c                rtk_reset_tasks
                0x0000000048049164                __cxa_finalize
                0x000000004804916c                _init_array
                0x0000000048049174                rtk_set_task_type
                0x000000004804917c                DsTimeSync_baserate
                0x0000000048049184                rtk_task_name_set
                0x000000004804918c                DacCl1AnalogOut_apply
                0x0000000048049194                dsrtt_script_service_post_computation
                0x000000004804919c                rtk_create_task
                0x00000000480491a4                msg_warning_printf
                0x00000000480491ac                msg_last_error_number
                0x00000000480491b4                DioCl2EncoderIn_start
                0x00000000480491bc                AdcCl1AnalogIn_setConversTrigger
                0x00000000480491c4                dsparam_copy_data_set
                0x00000000480491cc                SrtkPreload_preloadRegion
                0x00000000480491d4                DioCl2EncoderIn_getMechVelocity
                0x00000000480491dc                msg_error_set
                0x00000000480491e4                asin
                0x00000000480491ec                rtk_enable_services
                0x00000000480491f4                SrtkDaq_Init
                0x00000000480491fc                rtk_task_task_calls_get
                0x0000000048049204                DsTimeSync_setCurrentTimePtr
                0x000000004804920c                SrtkIntBase_enableIntGlobal
                0x0000000048049214                DacCl1AnalogOut_write
                0x000000004804921c                AdcCl1AnalogIn_setConversionMode
                0x0000000048049224                rtk_overrun_flag_clear
                0x000000004804922c                rtk_bind_interrupt
                0x0000000048049234                DacCl1AnalogOut_stop
                0x000000004804923c                AdcCl1AnalogIn_apply
                0x0000000048049244                _init_libc
                0x000000004804924c                DioCl2EncoderIn_setGatedMode
                0x0000000048049254                dsrtt_init
                0x000000004804925c                AdcCl1AnalogIn_write
                0x0000000048049264                SrtkApp_terminate
                0x000000004804926c                DioCl2EncoderIn_setMaxPosition
                0x0000000048049274                DioCl2EncoderIn_setMinPosition
                0x000000004804927c                DioCl2EncoderIn_getMechPosition
                0x0000000048049284                AdcCl1AnalogIn_isDataReady
                0x000000004804928c                msg_info_set
                0x0000000048049294                SensorSupply_create
                0x000000004804929c                dsrtt_script_service_pre_computation
                0x00000000480492a4                DacCl1AnalogOut_start
                0x00000000480492ac                msg_error_printf
                0x00000000480492b4                memset
                0x00000000480492bc                _Sin
                0x00000000480492c4                rtk_leave_idle_mode
                0x00000000480492cc                __wrap_exit
                0x00000000480492d4                __wrap_atexit
                0x00000000480492dc                DioCl2EncoderIn_setMeasurementInterval
                0x00000000480492e4                DacCl1AnalogOut_setOutputValue
                0x00000000480492ec                AdcCl1AnalogIn_start
                0x00000000480492f4                _fini_array
                0x00000000480492fc                SensorSupply_setVoltage
                0x0000000048049304                SrtkDaq_Background
                0x000000004804930c                _preinit_array
                0x0000000048049314                SrtkApp_init
                0x000000004804931c                SrtkDaq_Service
                0x0000000048049324                rtk_task_task_name_get
                0x000000004804932c                AdcCl1AnalogIn_setConversSwTrigger
                0x0000000048049334                SrtkSim_notifyStateTransition
                0x000000004804933c                AdcCl1AnalogIn_getSingleValue
                0x0000000048049344                DioCl2EncoderIn_apply
                0x000000004804934c                msg_set
                0x0000000048049354                SensorSupply_apply
                0x000000004804935c                rtk_get_subentry
                0x0000000048049364                dsrtt_set_step_size
                0x000000004804936c                rtk_enter_idle_mode
                0x0000000048049374                rtk_initialize
                0x000000004804937c                DacCl1AnalogOut_setOutputHighZ
                0x0000000048049384                DioCl2EncoderIn_setEncoderLines
                0x000000004804938c                SensorSupply_setSensorState
                0x0000000048049394                SensorSupply_start
                0x000000004804939c                SrtkApp_background
                0x00000000480493a4                rtk_default_overrun_fcn
                0x00000000480493ac                AdcCl1AnalogIn_create
                0x00000000480493b4                vcm_module_register
                0x00000000480493bc                DsTimeSync_simstateStop
                0x00000000480493c4                SrtkIntBase_disableIntGlobal
                0x00000000480493cc                SrtkSim_registerState
                0x00000000480493d4                __deregister_frame_info

.bss            0x0000000048049560     0x3940
 *(.dynbss)
 .dynbss        0x0000000048049560       0x14 C:\Program Files\dSPACE RCPHIL 2016-B\Compiler\QNX650_520\target\qnx6/ppcbe/lib/crt1.o
                0x0000000048049560                errno
                0x0000000048049568                dsts_sum_of_reseted_time
                0x0000000048049570                msg_last_error_no
 *(.bss .bss.* .gnu.linkonce.b.*)
 .bss           0x0000000048049574        0x0 C:\Program Files\dSPACE RCPHIL 2016-B\Compiler\QNX650_520\target\qnx6/ppcbe/lib/crt1.o
 .bss           0x0000000048049574        0x0 C:\Program Files\dSPACE RCPHIL 2016-B\Compiler\QNX650_520\target\qnx6/ppcbe/lib/crti.o
 .bss           0x0000000048049574       0x20 c:/program files/dspace rcphil 2016-b/compiler/qnx650_520/host/win32/x86/usr/bin/../lib/gcc/powerpc-unknown-nto-qnx6.5.0/5.2.0/crtbegin.o
 *fill*         0x0000000048049594        0x4 
 .bss           0x0000000048049598     0x3800 test_regler_p_pd_aktoren_sensoren_ansprechen.o07
                0x0000000048049598                test_regler_p_pd_aktoren_sen_DW
                0x000000004804b710                test_regler_p_pd_aktoren_sen_M_
                0x000000004804b9f8                test_regler_p_pd_aktoren_sens_B
                0x000000004804cc08                test_regler_p_pd_aktore_PrevZCX
                0x000000004804cc10                test_regler_p_pd_aktoren_sens_X
 .bss           0x000000004804cd98        0x0 rtGetInf.o07
 .bss           0x000000004804cd98        0x0 rtGetNaN.o07
 .bss           0x000000004804cd98       0x2c rt_nonfinite.o07
                0x000000004804cd98                rtNaN
                0x000000004804cda0                rtNaNF
                0x000000004804cda8                rtInf
                0x000000004804cdb0                rtInfF
                0x000000004804cdb8                rtMinusInf
                0x000000004804cdc0                rtMinusInfF
 .bss           0x000000004804cdc4        0x0 test_regler_p_pd_aktoren_sensoren_ansprechen_data.o07
 .bss           0x000000004804cdc4       0x6c test_regler_p_pd_aktoren_sensoren_ansprechen_trc_ptr.o07
                0x000000004804cdc4                p_0_test_regler_p_pd_aktoren_sensoren_ansprechen_real_T_0
                0x000000004804cdc8                p_0_test_regler_p_pd_aktoren_sensoren_ansprechen_real32_T_1
                0x000000004804cdcc                p_0_test_regler_p_pd_aktoren_sensoren_ansprechen_boolean_T_2
                0x000000004804cdd0                p_0_test_regler_p_pd_aktoren_sensoren_ansprechen_real_T_3
                0x000000004804cdd4                p_0_test_regler_p_pd_aktoren_sensoren_ansprechen_real_T_4
                0x000000004804cdd8                p_0_test_regler_p_pd_aktoren_sensoren_ansprechen_real_T_5
                0x000000004804cddc                p_0_test_regler_p_pd_aktoren_sensoren_ansprechen_real_T_6
                0x000000004804cde0                p_0_test_regler_p_pd_aktoren_sensoren_ansprechen_real_T_7
                0x000000004804cde4                p_1_test_regler_p_pd_aktoren_sensoren_ansprechen_struct_Uq2ZZGZsGHdIt1p08F6KYD_0
                0x000000004804cde8                p_1_test_regler_p_pd_aktoren_sensoren_ansprechen_struct_V3XwXYNi6dhvgEezMVGCoF_1
                0x000000004804cdec                p_1_test_regler_p_pd_aktoren_sensoren_ansprechen_real_T_2
                0x000000004804cdf0                p_1_test_regler_p_pd_aktoren_sensoren_ansprechen_real32_T_3
                0x000000004804cdf4                p_1_test_regler_p_pd_aktoren_sensoren_ansprechen_int32_T_4
                0x000000004804cdf8                p_1_test_regler_p_pd_aktoren_sensoren_ansprechen_uint32_T_5
                0x000000004804cdfc                p_1_test_regler_p_pd_aktoren_sensoren_ansprechen_uint16_T_6
                0x000000004804ce00                p_1_test_regler_p_pd_aktoren_sensoren_ansprechen_uint8_T_7
                0x000000004804ce04                p_1_test_regler_p_pd_aktoren_sensoren_ansprechen_boolean_T_8
                0x000000004804ce08                p_1_test_regler_p_pd_aktoren_sensoren_ansprechen_real_T_9
                0x000000004804ce0c                p_1_test_regler_p_pd_aktoren_sensoren_ansprechen_real_T_10
                0x000000004804ce10                p_2_test_regler_p_pd_aktoren_sensoren_ansprechen_real_T_2
                0x000000004804ce14                p_2_test_regler_p_pd_aktoren_sensoren_ansprechen_int_T_5
                0x000000004804ce18                p_2_test_regler_p_pd_aktoren_sensoren_ansprechen_int8_T_6
                0x000000004804ce1c                p_2_test_regler_p_pd_aktoren_sensoren_ansprechen_boolean_T_7
                0x000000004804ce20                p_2_test_regler_p_pd_aktoren_sensoren_ansprechen_boolean_T_10
                0x000000004804ce24                p_2_test_regler_p_pd_aktoren_sensoren_ansprechen_boolean_T_13
                0x000000004804ce28                p_2_test_regler_p_pd_aktoren_sensoren_ansprechen_boolean_T_16
                0x000000004804ce2c                p_3_test_regler_p_pd_aktoren_sensoren_ansprechen_real_T_0
 .bss           0x000000004804ce30       0x58 rti_sim_engine.o07
                0x000000004804ce30                currentTime
                0x000000004804ce34                finalTime
                0x000000004804ce38                modelStepSize
                0x000000004804ce40                pRTIDacC1AnalogOut_Ch_2
                0x000000004804ce44                pRTIDacC1AnalogOut_Ch_3
                0x000000004804ce48                pRTIEmcEncoder_Unit_1_DioCl_2_Port_1_Ch1
                0x000000004804ce4c                pRTIDacC1AnalogOut_Ch_1
                0x000000004804ce50                pRTIAdcC1AnalogIn_Ch_1
                0x000000004804ce54                pRTIAdcC1AnalogIn_Ch_10
                0x000000004804ce58                pRTIAdcC1AnalogIn_Ch_2
                0x000000004804ce5c                pRTI_Sensor_Supply
                0x000000004804ce60                pRti_TIMERA_STime
                0x000000004804ce64                pRti_TIMERA_TTime
                0x000000004804ce68                pRti_TIMERA_TState
                0x000000004804ce6c                pRti_TIMERA_OType
                0x000000004804ce70                pRti_TIMERA_OMax
                0x000000004804ce74                pRti_TIMERA_ORpt
                0x000000004804ce78                pRti_TIMERA_OCnt
                0x000000004804ce7c                pRti_TIMERA_TCnt
                0x000000004804ce80                pRti_TIMERA_Prio
                0x000000004804ce84                rtiAssertionMode
 .bss           0x000000004804ce88        0x4 rti_init_c.o07
 .bss           0x000000004804ce8c        0x0 rt_sim.o07
 .bss           0x000000004804ce8c        0x0 rti_assert.o07
 .bss           0x000000004804ce8c        0x0 C:\Program Files\dSPACE RCPHIL 2016-B\DS1202\Lib/librtversion.a(RtVersion.o)
 .bss           0x000000004804ce8c       0x14 C:\Program Files\dSPACE RCPHIL 2016-B\DS1202\Lib/librtglobals.a(DsEESPort.o)
                0x000000004804ce8c                xilapi_eesport_trigger_uint32_T
                0x000000004804ce90                xilapi_eesport_flags_uint32_T
                0x000000004804ce94                xilapi_eesport_errorswitching_uint32_T
                0x000000004804ce98                xilapi_eesport_erroractivated_uint32_T
                0x000000004804ce9c                xilapi_eesport_activeerrorset_uint32_T
 .bss           0x000000004804cea0        0x0 C:\Program Files\dSPACE RCPHIL 2016-B\DS1202\Lib/libm_fastpow.a(w_pow.o)
 .bss           0x000000004804cea0        0x0 C:\Program Files\dSPACE RCPHIL 2016-B\DS1202\Lib/libm_fastpow.a(e_pow.o)
 .bss           0x000000004804cea0        0x0 C:\Program Files\dSPACE RCPHIL 2016-B\DS1202\Lib/libm_fastpow.a(s_scalbn.o)
 .bss           0x000000004804cea0        0x0 c:/program files/dspace rcphil 2016-b/compiler/qnx650_520/host/win32/x86/usr/bin/../lib/gcc/powerpc-unknown-nto-qnx6.5.0/5.2.0/crtend.o
 .bss           0x000000004804cea0        0x0 C:\Program Files\dSPACE RCPHIL 2016-B\Compiler\QNX650_520\target\qnx6/ppcbe/lib/crtn.o
 *(COMMON)
                0x000000004804cea0                . = ALIGN ((. != 0x0)?0x4:0x1)

.iplt           0x000000004804cea0        0x0
 .iplt          0x000000004804cea0        0x0 C:\Program Files\dSPACE RCPHIL 2016-B\Compiler\QNX650_520\target\qnx6/ppcbe/lib/crt1.o
                0x000000004804cea0                . = ALIGN (0x4)
                0x000000004804cea0                . = ALIGN (0x4)
                0x000000004804cea0                __end = .
                0x000000004804cea0                _end = .
                [!provide]                        PROVIDE (end, .)
                0x000000004804cea0                . = DATA_SEGMENT_END (.)

.stab
 *(.stab)

.stabstr
 *(.stabstr)

.stab.excl
 *(.stab.excl)

.stab.exclstr
 *(.stab.exclstr)

.stab.index
 *(.stab.index)

.stab.indexstr
 *(.stab.indexstr)

.comment        0x0000000000000000       0x47
 *(.comment)
 .comment       0x0000000000000000       0x11 c:/program files/dspace rcphil 2016-b/compiler/qnx650_520/host/win32/x86/usr/bin/../lib/gcc/powerpc-unknown-nto-qnx6.5.0/5.2.0/crtbegin.o
                                         0x12 (size before relaxing)
 .comment       0x0000000000000011       0x12 test_regler_p_pd_aktoren_sensoren_ansprechen.o07
 .comment       0x0000000000000011       0x12 rtGetInf.o07
 .comment       0x0000000000000011       0x12 rtGetNaN.o07
 .comment       0x0000000000000011       0x12 rt_nonfinite.o07
 .comment       0x0000000000000011       0x12 test_regler_p_pd_aktoren_sensoren_ansprechen_data.o07
 .comment       0x0000000000000011       0x12 test_regler_p_pd_aktoren_sensoren_ansprechen_trc_ptr.o07
 .comment       0x0000000000000011       0x12 rti_sim_engine.o07
 .comment       0x0000000000000011       0x12 rti_init_c.o07
 .comment       0x0000000000000011       0x12 rt_sim.o07
 .comment       0x0000000000000011       0x12 rti_assert.o07
 .comment       0x0000000000000011       0x12 C:\Program Files\dSPACE RCPHIL 2016-B\DS1202\Lib/librtversion.a(RtVersion.o)
 .comment       0x0000000000000011       0x12 C:\Program Files\dSPACE RCPHIL 2016-B\DS1202\Lib/librtglobals.a(DsEESPort.o)
 .comment       0x0000000000000011       0x12 C:\Program Files\dSPACE RCPHIL 2016-B\DS1202\Lib/libm_fastpow.a(w_pow.o)
 .comment       0x0000000000000023       0x12 C:\Program Files\dSPACE RCPHIL 2016-B\DS1202\Lib/libm_fastpow.a(e_pow.o)
 .comment       0x0000000000000035       0x12 C:\Program Files\dSPACE RCPHIL 2016-B\DS1202\Lib/libm_fastpow.a(s_scalbn.o)
 .comment       0x0000000000000047       0x12 c:/program files/dspace rcphil 2016-b/compiler/qnx650_520/host/win32/x86/usr/bin/../lib/gcc/powerpc-unknown-nto-qnx6.5.0/5.2.0/crtend.o

.debug
 *(.debug)

.line
 *(.line)

.debug_srcinfo
 *(.debug_srcinfo)

.debug_sfnames
 *(.debug_sfnames)

.debug_aranges
 *(.debug_aranges)

.debug_pubnames
 *(.debug_pubnames)

.debug_info
 *(.debug_info .gnu.linkonce.wi.*)

.debug_abbrev
 *(.debug_abbrev)

.debug_line
 *(.debug_line)

.debug_frame
 *(.debug_frame)

.debug_str
 *(.debug_str)

.debug_loc
 *(.debug_loc)

.debug_macinfo
 *(.debug_macinfo)

.debug_weaknames
 *(.debug_weaknames)

.debug_funcnames
 *(.debug_funcnames)

.debug_typenames
 *(.debug_typenames)

.debug_varnames
 *(.debug_varnames)

.debug_pubtypes
 *(.debug_pubtypes)

.debug_ranges
 *(.debug_ranges)

.gnu.attributes
                0x0000000000000000       0x14
 *(.gnu.attributes)
 .gnu.attributes
                0x0000000000000000       0x10 test_regler_p_pd_aktoren_sensoren_ansprechen.o07
 .gnu.attributes
                0x0000000000000010       0x10 rtGetInf.o07
 .gnu.attributes
                0x0000000000000020       0x10 rtGetNaN.o07
 .gnu.attributes
                0x0000000000000030       0x10 rt_nonfinite.o07
 .gnu.attributes
                0x0000000000000040       0x10 rti_sim_engine.o07
 .gnu.attributes
                0x0000000000000050       0x10 rt_sim.o07
 .gnu.attributes
                0x0000000000000060       0x10 rti_assert.o07
 .gnu.attributes
                0x0000000000000070       0x14 C:\Program Files\dSPACE RCPHIL 2016-B\DS1202\Lib/libm_fastpow.a(w_pow.o)
 .gnu.attributes
                0x0000000000000084       0x14 C:\Program Files\dSPACE RCPHIL 2016-B\DS1202\Lib/libm_fastpow.a(e_pow.o)
 .gnu.attributes
                0x0000000000000098       0x14 C:\Program Files\dSPACE RCPHIL 2016-B\DS1202\Lib/libm_fastpow.a(s_scalbn.o)

/DISCARD/
 *(.note.GNU-stack)
 *(.gnu_debuglink)
OUTPUT(test_regler_p_pd_aktoren_sensoren_ansprechen.ppc elf32-powerpc)
