<*GNU-Linker-generated-mapfile*> 
Archive member included to satisfy reference by file (symbol)

C:\Program Files\dSPACE RCPHIL 2016-B\DS1202\Lib/librtversion.a(RtVersion.o)
                              (--whole-archive)
C:\Program Files\dSPACE RCPHIL 2016-B\DS1202\Lib/librtglobals.a(DsEESPort.o)
                              (--whole-archive)
C:\Program Files\dSPACE RCPHIL 2016-B\DS1202\Lib/libm_fastpow.a(w_pow.o)
                              C:\Program Files\dSPACE RCPHIL 2016-B\DS1202\Lib/libDsRealTimeTestingRP.so (pow)
C:\Program Files\dSPACE RCPHIL 2016-B\DS1202\Lib/libm_fastpow.a(e_pow.o)
                              C:\Program Files\dSPACE RCPHIL 2016-B\DS1202\Lib/libm_fastpow.a(w_pow.o) (__ieee754_pow)
C:\Program Files\dSPACE RCPHIL 2016-B\DS1202\Lib/libm_fastpow.a(s_scalbn.o)
                              C:\Program Files\dSPACE RCPHIL 2016-B\DS1202\Lib/libm_fastpow.a(e_pow.o) (scalbn)

Memory Configuration

Name             Origin             Length             Attributes
*default*        0x0000000000000000 0xffffffffffffffff

Linker script and memory map

LOAD C:\Program Files\dSPACE RCPHIL 2016-B\Compiler\QNX650_520\target\qnx6/ppcbe/lib/crt1.o
LOAD C:\Program Files\dSPACE RCPHIL 2016-B\Compiler\QNX650_520\target\qnx6/ppcbe/lib/crti.o
LOAD c:/program files/dspace rcphil 2016-b/compiler/qnx650_520/host/win32/x86/usr/bin/../lib/gcc/powerpc-unknown-nto-qnx6.5.0/5.2.0/crtbegin.o
                0x0000000000000000                _DSPACE_START = 0x0
                0x0000000000000000                _DSPACE_START_ = 0x0
                0x00000000000004b2                DS_TARGET_PLATFORM = 0x4b2
START GROUP
LOAD ModellAnlage.o07
LOAD ModellAnlage_data.o07
LOAD ModellAnlage_trc_ptr.o07
LOAD rtGetInf.o07
LOAD rtGetNaN.o07
LOAD rt_nonfinite.o07
LOAD rti_sim_engine.o07
LOAD rti_init_c.o07
LOAD rt_sim.o07
LOAD rti_assert.o07
LOAD C:\Program Files\dSPACE RCPHIL 2016-B\DS1202\Lib/librtcan.so
LOAD C:\Program Files\dSPACE RCPHIL 2016-B\DS1202\Lib/librtj1939.so
LOAD C:\Program Files\dSPACE RCPHIL 2016-B\DS1202\Lib/librtser.so
LOAD C:\Program Files\dSPACE RCPHIL 2016-B\DS1202\Lib/librt13xxio.so
LOAD C:\Program Files\dSPACE RCPHIL 2016-B\DS1202\Lib/libDsRealTimeTestingRP.so
LOAD C:\Program Files\dSPACE RCPHIL 2016-B\DS1202\Lib/libDsXcpRP.so
LOAD C:\Program Files\dSPACE RCPHIL 2016-B\DS1202\Lib/libDsXcpComm.so
LOAD C:\Program Files\dSPACE RCPHIL 2016-B\DS1202\Lib/libDsFixedSizeFifo.so
LOAD C:\Program Files\dSPACE RCPHIL 2016-B\DS1202\Lib/libDsNvDataRP.so
LOAD C:\Program Files\dSPACE RCPHIL 2016-B\DS1202\Lib/libDsNVDataCommon.so
LOAD C:\Program Files\dSPACE RCPHIL 2016-B\DS1202\Lib/librt1202.so
LOAD C:\Program Files\dSPACE RCPHIL 2016-B\DS1202\Lib/librtwrap.so
LOAD C:\Program Files\dSPACE RCPHIL 2016-B\DS1202\Lib/librtversion.a
LOAD C:\Program Files\dSPACE RCPHIL 2016-B\DS1202\Lib/librtglobals.a
LOAD C:\Program Files\dSPACE RCPHIL 2016-B\DS1202\Lib/libm_fastpow.a
END GROUP
LOAD C:\Program Files\dSPACE RCPHIL 2016-B\DS1202\Lib/libstdc++.so
LOAD C:\Program Files\dSPACE RCPHIL 2016-B\Compiler\QNX650_520\target\qnx6/ppcbe/lib/libm.so
LOAD c:/program files/dspace rcphil 2016-b/compiler/qnx650_520/host/win32/x86/usr/bin/../lib/gcc/powerpc-unknown-nto-qnx6.5.0/5.2.0\libgcc.a
LOAD C:\Program Files\dSPACE RCPHIL 2016-B\Compiler\QNX650_520\target\qnx6/ppcbe/lib/libc.so
LOAD C:\Program Files\dSPACE RCPHIL 2016-B\Compiler\QNX650_520\target\qnx6/ppcbe/lib\libc.a
LOAD c:/program files/dspace rcphil 2016-b/compiler/qnx650_520/host/win32/x86/usr/bin/../lib/gcc/powerpc-unknown-nto-qnx6.5.0/5.2.0\libgcc.a
LOAD c:/program files/dspace rcphil 2016-b/compiler/qnx650_520/host/win32/x86/usr/bin/../lib/gcc/powerpc-unknown-nto-qnx6.5.0/5.2.0/crtend.o
LOAD C:\Program Files\dSPACE RCPHIL 2016-B\Compiler\QNX650_520\target\qnx6/ppcbe/lib/crtn.o
                [!provide]                        PROVIDE (__stack, 0x0)
                [!provide]                        PROVIDE (___stack, 0x0)
                [!provide]                        PROVIDE (__executable_start, 0x48040000)
                0x0000000048040134                . = (0x48040000 + SIZEOF_HEADERS)

.interp         0x0000000048040134       0x14
 *(.interp)
 .interp        0x0000000048040134       0x14 C:\Program Files\dSPACE RCPHIL 2016-B\Compiler\QNX650_520\target\qnx6/ppcbe/lib/crt1.o

.note           0x0000000048040150       0x18
 .note          0x0000000048040150       0x18 C:\Program Files\dSPACE RCPHIL 2016-B\Compiler\QNX650_520\target\qnx6/ppcbe/lib/crtn.o

.note.gnu.build-id
                0x0000000048040168       0x20
 *(.note.gnu.build-id)
 .note.gnu.build-id
                0x0000000048040168       0x20 C:\Program Files\dSPACE RCPHIL 2016-B\Compiler\QNX650_520\target\qnx6/ppcbe/lib/crt1.o

.hash           0x0000000048040188      0x38c
 *(.hash)
 .hash          0x0000000048040188      0x38c C:\Program Files\dSPACE RCPHIL 2016-B\Compiler\QNX650_520\target\qnx6/ppcbe/lib/crt1.o

.gnu.hash
 *(.gnu.hash)

.dynsym         0x0000000048040514      0x800
 *(.dynsym)
 .dynsym        0x0000000048040514      0x800 C:\Program Files\dSPACE RCPHIL 2016-B\Compiler\QNX650_520\target\qnx6/ppcbe/lib/crt1.o

.dynstr         0x0000000048040d14      0xb1f
 *(.dynstr)
 .dynstr        0x0000000048040d14      0xb1f C:\Program Files\dSPACE RCPHIL 2016-B\Compiler\QNX650_520\target\qnx6/ppcbe/lib/crt1.o

.gnu.version    0x0000000048041834        0x0
 *(.gnu.version)
 .gnu.version   0x0000000048041834        0x0 C:\Program Files\dSPACE RCPHIL 2016-B\Compiler\QNX650_520\target\qnx6/ppcbe/lib/crt1.o

.gnu.version_d  0x0000000048041834        0x0
 *(.gnu.version_d)
 .gnu.version_d
                0x0000000048041834        0x0 C:\Program Files\dSPACE RCPHIL 2016-B\Compiler\QNX650_520\target\qnx6/ppcbe/lib/crt1.o

.gnu.version_r  0x0000000048041834        0x0
 *(.gnu.version_r)
 .gnu.version_r
                0x0000000048041834        0x0 C:\Program Files\dSPACE RCPHIL 2016-B\Compiler\QNX650_520\target\qnx6/ppcbe/lib/crt1.o

.rel.dyn
 *(.rel.init)
 *(.rel.text .rel.text.* .rel.gnu.linkonce.t.*)
 *(.rel.fini)
 *(.rel.rodata .rel.rodata.* .rel.gnu.linkonce.r.*)
 *(.rel.data.rel.ro* .rel.gnu.linkonce.d.rel.ro.*)
 *(.rel.data .rel.data.* .rel.gnu.linkonce.d.*)
 *(.rel.tdata .rel.tdata.* .rel.gnu.linkonce.td.*)
 *(.rel.tbss .rel.tbss.* .rel.gnu.linkonce.tb.*)
 *(.rel.ctors)
 *(.rel.dtors)
 *(.rel.got)
 *(.rel.sdata .rel.sdata.* .rel.gnu.linkonce.s.*)
 *(.rel.sbss .rel.sbss.* .rel.gnu.linkonce.sb.*)
 *(.rel.sdata2 .rel.sdata2.* .rel.gnu.linkonce.s2.*)
 *(.rel.sbss2 .rel.sbss2.* .rel.gnu.linkonce.sb2.*)
 *(.rel.bss .rel.bss.* .rel.gnu.linkonce.b.*)

.rela.dyn       0x0000000048041834       0x6c
 *(.rela.init)
 *(.rela.text .rela.text.* .rela.gnu.linkonce.t.*)
 .rela.text     0x0000000048041834        0x0 C:\Program Files\dSPACE RCPHIL 2016-B\Compiler\QNX650_520\target\qnx6/ppcbe/lib/crt1.o
 *(.rela.fini)
 *(.rela.rodata .rela.rodata.* .rela.gnu.linkonce.r.*)
 .rela.rodata   0x0000000048041834        0x0 C:\Program Files\dSPACE RCPHIL 2016-B\Compiler\QNX650_520\target\qnx6/ppcbe/lib/crt1.o
 *(.rela.data .rela.data.* .rela.gnu.linkonce.d.*)
 *(.rela.tdata .rela.tdata.* .rela.gnu.linkonce.td.*)
 *(.rela.tbss .rela.tbss.* .rela.gnu.linkonce.tb.*)
 *(.rela.ctors)
 *(.rela.dtors)
 *(.rela.got)
 .rela.got      0x0000000048041834       0x48 C:\Program Files\dSPACE RCPHIL 2016-B\Compiler\QNX650_520\target\qnx6/ppcbe/lib/crt1.o
 *(.rela.got1)
 *(.rela.got2)
 *(.rela.sdata .rela.sdata.* .rela.gnu.linkonce.s.*)
 *(.rela.sbss .rela.sbss.* .rela.gnu.linkonce.sb.*)
 .rela.sbss     0x000000004804187c        0x0 C:\Program Files\dSPACE RCPHIL 2016-B\Compiler\QNX650_520\target\qnx6/ppcbe/lib/crt1.o
 *(.rela.sdata2 .rela.sdata2.* .rela.gnu.linkonce.s2.*)
 *(.rela.sbss2 .rela.sbss2.* .rela.gnu.linkonce.sb2.*)
 *(.rela.bss .rela.bss.* .rela.gnu.linkonce.b.*)
 .rela.bss      0x000000004804187c       0x24 C:\Program Files\dSPACE RCPHIL 2016-B\Compiler\QNX650_520\target\qnx6/ppcbe/lib/crt1.o
 .rela.iplt     0x00000000480418a0        0x0 C:\Program Files\dSPACE RCPHIL 2016-B\Compiler\QNX650_520\target\qnx6/ppcbe/lib/crt1.o

.rel.plt
 *(.rel.plt)

.rela.plt       0x00000000480418a0      0x51c
 *(.rela.plt)
 .rela.plt      0x00000000480418a0      0x51c C:\Program Files\dSPACE RCPHIL 2016-B\Compiler\QNX650_520\target\qnx6/ppcbe/lib/crt1.o

.init           0x0000000048041dbc       0x24
 *(.init)
 .init          0x0000000048041dbc        0xc C:\Program Files\dSPACE RCPHIL 2016-B\Compiler\QNX650_520\target\qnx6/ppcbe/lib/crti.o
                0x0000000048041dbc                _init
 .init          0x0000000048041dc8        0x4 c:/program files/dspace rcphil 2016-b/compiler/qnx650_520/host/win32/x86/usr/bin/../lib/gcc/powerpc-unknown-nto-qnx6.5.0/5.2.0/crtbegin.o
 .init          0x0000000048041dcc        0x4 c:/program files/dspace rcphil 2016-b/compiler/qnx650_520/host/win32/x86/usr/bin/../lib/gcc/powerpc-unknown-nto-qnx6.5.0/5.2.0/crtend.o
 .init          0x0000000048041dd0       0x10 C:\Program Files\dSPACE RCPHIL 2016-B\Compiler\QNX650_520\target\qnx6/ppcbe/lib/crtn.o

.text           0x0000000048041de0     0x4bcc
                0x0000000048041de0                _btext = .
 *(.text .stub .text.* .gnu.linkonce.t.*)
 .text          0x0000000048041de0      0x118 C:\Program Files\dSPACE RCPHIL 2016-B\Compiler\QNX650_520\target\qnx6/ppcbe/lib/crt1.o
                0x0000000048041de0                _start
 .text          0x0000000048041ef8        0x0 C:\Program Files\dSPACE RCPHIL 2016-B\Compiler\QNX650_520\target\qnx6/ppcbe/lib/crti.o
 .text          0x0000000048041ef8      0x2b0 c:/program files/dspace rcphil 2016-b/compiler/qnx650_520/host/win32/x86/usr/bin/../lib/gcc/powerpc-unknown-nto-qnx6.5.0/5.2.0/crtbegin.o
 *fill*         0x00000000480421a8        0x8 00000000
 .text          0x00000000480421b0     0x27dc ModellAnlage.o07
                0x0000000048042920                ModellAn_IfActionSubsystem_Init
                0x0000000048042930                ModellAnlage_IfActionSubsystem
                0x0000000048042940                Modell_IfActionSubsystem_l_Init
                0x0000000048042950                ModellAnlag_IfActionSubsystem_g
                0x0000000048042960                Modell_IfActionSubsystem_m_Init
                0x0000000048042970                ModellAnlag_IfActionSubsystem_f
                0x0000000048042980                ModellAnlage_output
                0x0000000048044180                ModellAnlage_derivatives
                0x00000000480441d0                ModellAnlage_update
                0x0000000048044320                ModellAnlage_initialize
                0x00000000480447f0                ModellAnlage_terminate
 .text          0x000000004804498c        0x0 ModellAnlage_data.o07
 .text          0x000000004804498c      0x204 ModellAnlage_trc_ptr.o07
                0x0000000048044b5c                ModellAnlage_rti_init_trc_pointers
 .text          0x0000000048044b90       0x5c rtGetInf.o07
                0x0000000048044b90                rtGetInf
                0x0000000048044bb0                rtGetInfF
                0x0000000048044bc0                rtGetMinusInf
                0x0000000048044be0                rtGetMinusInfF
 *fill*         0x0000000048044bec        0x4 00000000
 .text          0x0000000048044bf0       0x3c rtGetNaN.o07
                0x0000000048044bf0                rtGetNaN
                0x0000000048044c20                rtGetNaNF
 *fill*         0x0000000048044c2c        0x4 00000000
 .text          0x0000000048044c30       0xf4 rt_nonfinite.o07
                0x0000000048044c30                rt_InitInfAndNaN
                0x0000000048044c90                rtIsInf
                0x0000000048044cc0                rtIsInfF
                0x0000000048044cf0                rtIsNaN
                0x0000000048044d10                rtIsNaNF
 *fill*         0x0000000048044d24        0xc 00000000
 .text          0x0000000048044d30      0x654 rti_sim_engine.o07
                0x0000000048045310                rtk_idle_function
                0x0000000048045320                rti_th_timertask1_trigger_source
                0x0000000048045370                initConditions
                0x0000000048045380                initVariables
 *fill*         0x0000000048045384        0xc 00000000
 .text.startup  0x0000000048045390      0xa10 rti_sim_engine.o07
                0x0000000048045390                main
 .text          0x0000000048045da0       0x40 rti_init_c.o07
                0x0000000048045da0                rti_init
 .text          0x0000000048045de0       0x44 rt_sim.o07
                0x0000000048045de0                rt_SimInitTimingEngine
                0x0000000048045e10                rt_SimGetNextSampleHit
                0x0000000048045e20                rt_SimUpdateDiscreteTaskSampleHits
 *fill*         0x0000000048045e24        0xc 00000000
 .text          0x0000000048045e30       0xd4 rti_assert.o07
                0x0000000048045e30                rti_assertion_handler
                0x0000000048045ec0                rti_assertion_mode_msg
 .text          0x0000000048045f04        0x0 C:\Program Files\dSPACE RCPHIL 2016-B\DS1202\Lib/librtversion.a(RtVersion.o)
 *fill*         0x0000000048045f04        0xc 00000000
 .text          0x0000000048045f10        0x4 C:\Program Files\dSPACE RCPHIL 2016-B\DS1202\Lib/librtglobals.a(DsEESPort.o)
                0x0000000048045f10                DsEesPort_init()
 .text          0x0000000048045f14       0x20 C:\Program Files\dSPACE RCPHIL 2016-B\DS1202\Lib/libm_fastpow.a(w_pow.o)
                0x0000000048045f14                pow
 .text          0x0000000048045f34      0x85c C:\Program Files\dSPACE RCPHIL 2016-B\DS1202\Lib/libm_fastpow.a(e_pow.o)
                0x0000000048045f34                __ieee754_pow
 .text          0x0000000048046790      0x188 C:\Program Files\dSPACE RCPHIL 2016-B\DS1202\Lib/libm_fastpow.a(s_scalbn.o)
                0x0000000048046790                scalbn
 .text          0x0000000048046918       0x94 c:/program files/dspace rcphil 2016-b/compiler/qnx650_520/host/win32/x86/usr/bin/../lib/gcc/powerpc-unknown-nto-qnx6.5.0/5.2.0/crtend.o
 .text          0x00000000480469ac        0x0 C:\Program Files\dSPACE RCPHIL 2016-B\Compiler\QNX650_520\target\qnx6/ppcbe/lib/crtn.o
 *(.gnu.warning)
 *(.glink)
 .glink         0x00000000480469ac        0x0 C:\Program Files\dSPACE RCPHIL 2016-B\Compiler\QNX650_520\target\qnx6/ppcbe/lib/crt1.o

.fini           0x00000000480469ac       0x20
 *(.fini)
 .fini          0x00000000480469ac        0xc C:\Program Files\dSPACE RCPHIL 2016-B\Compiler\QNX650_520\target\qnx6/ppcbe/lib/crti.o
                0x00000000480469ac                _fini
 .fini          0x00000000480469b8        0x4 c:/program files/dspace rcphil 2016-b/compiler/qnx650_520/host/win32/x86/usr/bin/../lib/gcc/powerpc-unknown-nto-qnx6.5.0/5.2.0/crtbegin.o
 .fini          0x00000000480469bc       0x10 C:\Program Files\dSPACE RCPHIL 2016-B\Compiler\QNX650_520\target\qnx6/ppcbe/lib/crtn.o
                [!provide]                        PROVIDE (__etext, .)
                0x00000000480469cc                PROVIDE (_etext, .)
                [!provide]                        PROVIDE (etext, .)

.rodata         0x00000000480469d0      0x598
 *(.rodata .rodata.* .gnu.linkonce.r.*)
 .rodata        0x00000000480469d0        0xc ModellAnlage.o07
                0x00000000480469d8                ModellAnlage_M
 .rodata.cst4   0x00000000480469dc       0x4c ModellAnlage.o07
 .rodata.cst8   0x0000000048046a28       0x50 ModellAnlage.o07
 .rodata.str1.4
                0x0000000048046a78        0x5 ModellAnlage.o07
 *fill*         0x0000000048046a7d        0x3 
 .rodata.cst4   0x0000000048046a80        0x8 rtGetInf.o07
 .rodata.cst4   0x0000000048046a88        0x4 rtGetNaN.o07
 .rodata        0x0000000048046a8c        0xc rti_sim_engine.o07
                0x0000000048046a8c                rtiDataSetStorageEnabled
                0x0000000048046a90                p_dsts_sum_of_reset_time
                0x0000000048046a94                p_msg_last_error_no
 .rodata.cst4   0x0000000048046a98       0x14 rti_sim_engine.o07
 .rodata.cst8   0x0000000048046aac        0x8 rti_sim_engine.o07
 .rodata.str1.4
                0x0000000048046aac      0x284 rti_sim_engine.o07
 .rodata.cst4   0x0000000048046d30        0x4 rt_sim.o07
                                          0x8 (size before relaxing)
 .rodata.str1.4
                0x0000000048046d34       0x71 rt_sim.o07
 *fill*         0x0000000048046da5        0x3 
 .rodata.str1.4
                0x0000000048046da8       0x70 rti_assert.o07
                                         0x6d (size before relaxing)
 .rodata        0x0000000048046e18       0x30 C:\Program Files\dSPACE RCPHIL 2016-B\DS1202\Lib/libm_fastpow.a(e_pow.o)
 .rodata.cst4   0x0000000048046e48        0x8 C:\Program Files\dSPACE RCPHIL 2016-B\DS1202\Lib/libm_fastpow.a(e_pow.o)
 .rodata.cst8   0x0000000048046e50       0xe8 C:\Program Files\dSPACE RCPHIL 2016-B\DS1202\Lib/libm_fastpow.a(e_pow.o)
 .rodata.cst8   0x0000000048046f38       0x30 C:\Program Files\dSPACE RCPHIL 2016-B\DS1202\Lib/libm_fastpow.a(s_scalbn.o)

.rodata1
 *(.rodata1)

.sdata2         0x0000000048046f68        0x0
                0x0000000000008000                PROVIDE (_SDA2_BASE_, 0x8000)
 *(.sdata2 .sdata2.* .gnu.linkonce.s2.*)
 .sdata2        0x0000000048046f68        0x0 C:\Program Files\dSPACE RCPHIL 2016-B\Compiler\QNX650_520\target\qnx6/ppcbe/lib/crt1.o

.sbss2
 *(.sbss2 .sbss2.* .gnu.linkonce.sb2.*)

.eh_frame_hdr   0x0000000048046f68       0x14
 *(.eh_frame_hdr)
 .eh_frame_hdr  0x0000000048046f68       0x14 C:\Program Files\dSPACE RCPHIL 2016-B\DS1202\Lib/librtglobals.a(DsEESPort.o)

.eh_frame       0x0000000048046f7c       0x2c
 *(.eh_frame)
 .eh_frame      0x0000000048046f7c        0x0 C:\Program Files\dSPACE RCPHIL 2016-B\Compiler\QNX650_520\target\qnx6/ppcbe/lib/crt1.o
 .eh_frame      0x0000000048046f7c        0x0 c:/program files/dspace rcphil 2016-b/compiler/qnx650_520/host/win32/x86/usr/bin/../lib/gcc/powerpc-unknown-nto-qnx6.5.0/5.2.0/crtbegin.o
 .eh_frame      0x0000000048046f7c       0x28 C:\Program Files\dSPACE RCPHIL 2016-B\DS1202\Lib/librtglobals.a(DsEESPort.o)
 .eh_frame      0x0000000048046fa4        0x4 c:/program files/dspace rcphil 2016-b/compiler/qnx650_520/host/win32/x86/usr/bin/../lib/gcc/powerpc-unknown-nto-qnx6.5.0/5.2.0/crtend.o

.gcc_except_table
 *(.gcc_except_table .gcc_except_table.*)
                0x0000000048046fa8                . = (ALIGN (0x1000) - ((0x1000 - .) & 0xfff))
                0x0000000048047000                . = DATA_SEGMENT_ALIGN (0x1000, 0x1000)

.eh_frame
 *(.eh_frame)

.gcc_except_table
 *(.gcc_except_table .gcc_except_table.*)

.tdata
 *(.tdata .tdata.* .gnu.linkonce.td.*)

.tbss
 *(.tbss .tbss.* .gnu.linkonce.tb.*)
 *(.tcommon)

.preinit_array  0x0000000048047000        0x0
                0x0000000048047000                PROVIDE (__preinit_array_start, .)
 *(.preinit_array)
                0x0000000048047000                PROVIDE (__preinit_array_end, .)

.init_array     0x0000000048047000        0x0
                0x0000000048047000                PROVIDE (__init_array_start, .)
 *(SORT(.init_array.*))
 *(.init_array)
                0x0000000048047000                PROVIDE (__init_array_end, .)

.fini_array     0x0000000048047000        0x0
                0x0000000048047000                PROVIDE (__fini_array_start, .)
 *(.fini_array)
 *(SORT(.fini_array.*))
                0x0000000048047000                PROVIDE (__fini_array_end, .)

.ctors          0x0000000048047000        0x8
 *crtbegin.o(.ctors)
 .ctors         0x0000000048047000        0x4 c:/program files/dspace rcphil 2016-b/compiler/qnx650_520/host/win32/x86/usr/bin/../lib/gcc/powerpc-unknown-nto-qnx6.5.0/5.2.0/crtbegin.o
 *crtbegin?.o(.ctors)
 *(EXCLUDE_FILE(*crtend?.o *crtend.o) .ctors)
 *(SORT(.ctors.*))
 *(.ctors)
 .ctors         0x0000000048047004        0x4 c:/program files/dspace rcphil 2016-b/compiler/qnx650_520/host/win32/x86/usr/bin/../lib/gcc/powerpc-unknown-nto-qnx6.5.0/5.2.0/crtend.o

.dtors          0x0000000048047008        0x8
 *crtbegin.o(.dtors)
 .dtors         0x0000000048047008        0x4 c:/program files/dspace rcphil 2016-b/compiler/qnx650_520/host/win32/x86/usr/bin/../lib/gcc/powerpc-unknown-nto-qnx6.5.0/5.2.0/crtbegin.o
 *crtbegin?.o(.dtors)
 *(EXCLUDE_FILE(*crtend?.o *crtend.o) .dtors)
 *(SORT(.dtors.*))
 *(.dtors)
 .dtors         0x000000004804700c        0x4 c:/program files/dspace rcphil 2016-b/compiler/qnx650_520/host/win32/x86/usr/bin/../lib/gcc/powerpc-unknown-nto-qnx6.5.0/5.2.0/crtend.o
                0x000000004804700c                __DTOR_END__

.jcr            0x0000000048047010        0x4
 *(.jcr)
 .jcr           0x0000000048047010        0x0 c:/program files/dspace rcphil 2016-b/compiler/qnx650_520/host/win32/x86/usr/bin/../lib/gcc/powerpc-unknown-nto-qnx6.5.0/5.2.0/crtbegin.o
 .jcr           0x0000000048047010        0x4 c:/program files/dspace rcphil 2016-b/compiler/qnx650_520/host/win32/x86/usr/bin/../lib/gcc/powerpc-unknown-nto-qnx6.5.0/5.2.0/crtend.o

.data.rel.ro
 *(.data.rel.ro.local* .gnu.linkonce.d.rel.ro.local.*)
 *(.data.rel.ro* .gnu.linkonce.d.rel.ro.*)

.fixup
 *(.fixup)

.got1
 *(.got1)

.got2
 *(.got2)

.dynamic        0x0000000048047014      0x128
 *(.dynamic)
 .dynamic       0x0000000048047014      0x128 C:\Program Files\dSPACE RCPHIL 2016-B\Compiler\QNX650_520\target\qnx6/ppcbe/lib/crt1.o
                0x0000000048047014                _DYNAMIC

.got
 *(.got)
                0x000000004804713c                . = DATA_SEGMENT_RELRO_END (., 0x0)

.plt
 *(.plt)

.data           0x0000000048047140      0x9e8
 *(.data .data.* .gnu.linkonce.d.*)
 .data          0x0000000048047140        0x0 C:\Program Files\dSPACE RCPHIL 2016-B\Compiler\QNX650_520\target\qnx6/ppcbe/lib/crt1.o
 .data          0x0000000048047140        0x0 C:\Program Files\dSPACE RCPHIL 2016-B\Compiler\QNX650_520\target\qnx6/ppcbe/lib/crti.o
 .data          0x0000000048047140        0x0 c:/program files/dspace rcphil 2016-b/compiler/qnx650_520/host/win32/x86/usr/bin/../lib/gcc/powerpc-unknown-nto-qnx6.5.0/5.2.0/crtbegin.o
 .data.rel.local
                0x0000000048047140        0x4 c:/program files/dspace rcphil 2016-b/compiler/qnx650_520/host/win32/x86/usr/bin/../lib/gcc/powerpc-unknown-nto-qnx6.5.0/5.2.0/crtbegin.o
                0x0000000048047140                __dso_handle
 .data          0x0000000048047144        0x0 ModellAnlage.o07
 *fill*         0x0000000048047144        0x4 
 .data          0x0000000048047148      0x9c0 ModellAnlage_data.o07
                0x0000000048047148                ModellAnlage_P
 .data          0x0000000048047b08        0x0 ModellAnlage_trc_ptr.o07
 .data          0x0000000048047b08        0x0 rtGetInf.o07
 .data          0x0000000048047b08        0x0 rtGetNaN.o07
 .data          0x0000000048047b08        0x0 rt_nonfinite.o07
 .data          0x0000000048047b08       0x14 rti_sim_engine.o07
                0x0000000048047b08                simState
                0x0000000048047b18                lastSimState
 .data          0x0000000048047b1c        0x0 rti_init_c.o07
 .data          0x0000000048047b1c        0x0 rt_sim.o07
 .data          0x0000000048047b1c        0x0 rti_assert.o07
 .data          0x0000000048047b1c        0x0 C:\Program Files\dSPACE RCPHIL 2016-B\DS1202\Lib/librtversion.a(RtVersion.o)
 .data          0x0000000048047b1c        0x0 C:\Program Files\dSPACE RCPHIL 2016-B\DS1202\Lib/librtglobals.a(DsEESPort.o)
 .data.rel      0x0000000048047b1c        0xc C:\Program Files\dSPACE RCPHIL 2016-B\DS1202\Lib/librtglobals.a(DsEESPort.o)
                0x0000000048047b1c                p_xilapi_eesport_errorswitching_uint32_T
                0x0000000048047b20                p_xilapi_eesport_erroractivated_uint32_T
                0x0000000048047b24                p_xilapi_eesport_activeerrorset_uint32_T
 .data          0x0000000048047b28        0x0 C:\Program Files\dSPACE RCPHIL 2016-B\DS1202\Lib/libm_fastpow.a(w_pow.o)
 .data          0x0000000048047b28        0x0 C:\Program Files\dSPACE RCPHIL 2016-B\DS1202\Lib/libm_fastpow.a(e_pow.o)
 .data          0x0000000048047b28        0x0 C:\Program Files\dSPACE RCPHIL 2016-B\DS1202\Lib/libm_fastpow.a(s_scalbn.o)
 .data          0x0000000048047b28        0x0 c:/program files/dspace rcphil 2016-b/compiler/qnx650_520/host/win32/x86/usr/bin/../lib/gcc/powerpc-unknown-nto-qnx6.5.0/5.2.0/crtend.o
 .data          0x0000000048047b28        0x0 C:\Program Files\dSPACE RCPHIL 2016-B\Compiler\QNX650_520\target\qnx6/ppcbe/lib/crtn.o

.tm_clone_table
                0x0000000048047b28        0x0
 .tm_clone_table
                0x0000000048047b28        0x0 c:/program files/dspace rcphil 2016-b/compiler/qnx650_520/host/win32/x86/usr/bin/../lib/gcc/powerpc-unknown-nto-qnx6.5.0/5.2.0/crtbegin.o
 .tm_clone_table
                0x0000000048047b28        0x0 c:/program files/dspace rcphil 2016-b/compiler/qnx650_520/host/win32/x86/usr/bin/../lib/gcc/powerpc-unknown-nto-qnx6.5.0/5.2.0/crtend.o

.data1
 *(.data1)

.got            0x0000000048047b28       0x54
 *(.got)
 .got           0x0000000048047b28       0x54 C:\Program Files\dSPACE RCPHIL 2016-B\Compiler\QNX650_520\target\qnx6/ppcbe/lib/crt1.o
                0x0000000048047b70                _GLOBAL_OFFSET_TABLE_

.sdata          0x0000000048047b7c        0x0
                0x0000000000008000                PROVIDE (_SDA_BASE_, 0x8000)
 *(.sdata .sdata.* .gnu.linkonce.s.*)
 .sdata         0x0000000048047b7c        0x0 C:\Program Files\dSPACE RCPHIL 2016-B\Compiler\QNX650_520\target\qnx6/ppcbe/lib/crt1.o
                0x0000000048047b7c                _edata = .
                [!provide]                        PROVIDE (edata, .)
                0x0000000048047b7c                __bss_start = .

.sbss           0x0000000048047b7c        0x0
                [!provide]                        PROVIDE (__sbss_start, .)
                [!provide]                        PROVIDE (___sbss_start, .)
 *(.dynsbss)
 .dynsbss       0x0000000048047b7c        0x0 C:\Program Files\dSPACE RCPHIL 2016-B\Compiler\QNX650_520\target\qnx6/ppcbe/lib/crt1.o
 *(.sbss .sbss.* .gnu.linkonce.sb.*)
 *(.scommon)
                [!provide]                        PROVIDE (__sbss_end, .)
                [!provide]                        PROVIDE (___sbss_end, .)

.plt            0x0000000048047b7c      0x564
 *(.plt)
 .plt           0x0000000048047b7c      0x564 C:\Program Files\dSPACE RCPHIL 2016-B\Compiler\QNX650_520\target\qnx6/ppcbe/lib/crt1.o
                0x0000000048047bc4                ts_reset
                0x0000000048047bcc                __register_frame_info
                0x0000000048047bd4                DioCl2EncoderIn_create
                0x0000000048047bdc                msg_error_clear
                0x0000000048047be4                AdcCl1AnalogIn_read
                0x0000000048047bec                dsrtt_set_current_time
                0x0000000048047bf4                sqrt
                0x0000000048047bfc                DioCl2EncoderIn_read
                0x0000000048047c04                rtk_current_task_absolute_time_ptr_get
                0x0000000048047c0c                DsTimeSync_simstateRun
                0x0000000048047c14                DacCl1AnalogOut_create
                0x0000000048047c1c                DioCl2EncoderIn_setEncPosition
                0x0000000048047c24                DioCl2EncoderIn_stop
                0x0000000048047c2c                ResolverIn_create
                0x0000000048047c34                memcpy
                0x0000000048047c3c                rtk_setup_temp_overrun_handling
                0x0000000048047c44                DioCl2EncoderIn_setIndexMode
                0x0000000048047c4c                rtk_reset_tasks
                0x0000000048047c54                __cxa_finalize
                0x0000000048047c5c                _init_array
                0x0000000048047c64                rtk_set_task_type
                0x0000000048047c6c                DsTimeSync_baserate
                0x0000000048047c74                rtk_task_name_set
                0x0000000048047c7c                DacCl1AnalogOut_apply
                0x0000000048047c84                dsrtt_script_service_post_computation
                0x0000000048047c8c                rtk_create_task
                0x0000000048047c94                msg_warning_printf
                0x0000000048047c9c                ResolverIn_setMaximumSpeed
                0x0000000048047ca4                ResolverIn_getPosition
                0x0000000048047cac                msg_last_error_number
                0x0000000048047cb4                DioCl2EncoderIn_start
                0x0000000048047cbc                AdcCl1AnalogIn_setConversTrigger
                0x0000000048047cc4                dsparam_copy_data_set
                0x0000000048047ccc                SrtkPreload_preloadRegion
                0x0000000048047cd4                DioCl2EncoderIn_getMechVelocity
                0x0000000048047cdc                msg_error_set
                0x0000000048047ce4                asin
                0x0000000048047cec                rtk_enable_services
                0x0000000048047cf4                SrtkDaq_Init
                0x0000000048047cfc                rtk_task_task_calls_get
                0x0000000048047d04                DsTimeSync_setCurrentTimePtr
                0x0000000048047d0c                SrtkIntBase_enableIntGlobal
                0x0000000048047d14                DacCl1AnalogOut_write
                0x0000000048047d1c                AdcCl1AnalogIn_setConversionMode
                0x0000000048047d24                ResolverIn_stop
                0x0000000048047d2c                rtk_overrun_flag_clear
                0x0000000048047d34                rtk_bind_interrupt
                0x0000000048047d3c                DacCl1AnalogOut_stop
                0x0000000048047d44                AdcCl1AnalogIn_apply
                0x0000000048047d4c                _init_libc
                0x0000000048047d54                DioCl2EncoderIn_setGatedMode
                0x0000000048047d5c                dsrtt_init
                0x0000000048047d64                AdcCl1AnalogIn_write
                0x0000000048047d6c                SrtkApp_terminate
                0x0000000048047d74                DioCl2EncoderIn_setMaxPosition
                0x0000000048047d7c                DioCl2EncoderIn_setMinPosition
                0x0000000048047d84                DioCl2EncoderIn_getMechPosition
                0x0000000048047d8c                AdcCl1AnalogIn_isDataReady
                0x0000000048047d94                msg_info_set
                0x0000000048047d9c                SensorSupply_create
                0x0000000048047da4                dsrtt_script_service_pre_computation
                0x0000000048047dac                DacCl1AnalogOut_start
                0x0000000048047db4                msg_error_printf
                0x0000000048047dbc                ResolverIn_setSineCosineVoltRms
                0x0000000048047dc4                ResolverIn_read
                0x0000000048047dcc                ResolverIn_setReverseDirection
                0x0000000048047dd4                ResolverIn_getIsDataValid
                0x0000000048047ddc                memset
                0x0000000048047de4                _Sin
                0x0000000048047dec                rtk_leave_idle_mode
                0x0000000048047df4                ResolverIn_apply
                0x0000000048047dfc                __wrap_exit
                0x0000000048047e04                __wrap_atexit
                0x0000000048047e0c                DioCl2EncoderIn_setMeasurementInterval
                0x0000000048047e14                ResolverIn_setExcitationVoltRms
                0x0000000048047e1c                DacCl1AnalogOut_setOutputValue
                0x0000000048047e24                AdcCl1AnalogIn_start
                0x0000000048047e2c                _fini_array
                0x0000000048047e34                SensorSupply_setVoltage
                0x0000000048047e3c                SrtkDaq_Background
                0x0000000048047e44                _preinit_array
                0x0000000048047e4c                SrtkApp_init
                0x0000000048047e54                SrtkDaq_Service
                0x0000000048047e5c                rtk_task_task_name_get
                0x0000000048047e64                AdcCl1AnalogIn_setConversSwTrigger
                0x0000000048047e6c                SrtkSim_notifyStateTransition
                0x0000000048047e74                AdcCl1AnalogIn_getSingleValue
                0x0000000048047e7c                DioCl2EncoderIn_apply
                0x0000000048047e84                msg_set
                0x0000000048047e8c                ResolverIn_setExcitationFreq
                0x0000000048047e94                SensorSupply_apply
                0x0000000048047e9c                ResolverIn_start
                0x0000000048047ea4                rtk_get_subentry
                0x0000000048047eac                dsrtt_set_step_size
                0x0000000048047eb4                rtk_enter_idle_mode
                0x0000000048047ebc                rtk_initialize
                0x0000000048047ec4                DacCl1AnalogOut_setOutputHighZ
                0x0000000048047ecc                DioCl2EncoderIn_setEncoderLines
                0x0000000048047ed4                SensorSupply_setSensorState
                0x0000000048047edc                SensorSupply_start
                0x0000000048047ee4                SrtkApp_background
                0x0000000048047eec                rtk_default_overrun_fcn
                0x0000000048047ef4                AdcCl1AnalogIn_create
                0x0000000048047efc                vcm_module_register
                0x0000000048047f04                DsTimeSync_simstateStop
                0x0000000048047f0c                SrtkIntBase_disableIntGlobal
                0x0000000048047f14                ResolverIn_setPositionOffset
                0x0000000048047f1c                SrtkSim_registerState
                0x0000000048047f24                __deregister_frame_info

.bss            0x00000000480480e0     0x2fdc
 *(.dynbss)
 .dynbss        0x00000000480480e0       0x14 C:\Program Files\dSPACE RCPHIL 2016-B\Compiler\QNX650_520\target\qnx6/ppcbe/lib/crt1.o
                0x00000000480480e0                errno
                0x00000000480480e8                dsts_sum_of_reseted_time
                0x00000000480480f0                msg_last_error_no
 *(.bss .bss.* .gnu.linkonce.b.*)
 .bss           0x00000000480480f4        0x0 C:\Program Files\dSPACE RCPHIL 2016-B\Compiler\QNX650_520\target\qnx6/ppcbe/lib/crt1.o
 .bss           0x00000000480480f4        0x0 C:\Program Files\dSPACE RCPHIL 2016-B\Compiler\QNX650_520\target\qnx6/ppcbe/lib/crti.o
 .bss           0x00000000480480f4       0x20 c:/program files/dspace rcphil 2016-b/compiler/qnx650_520/host/win32/x86/usr/bin/../lib/gcc/powerpc-unknown-nto-qnx6.5.0/5.2.0/crtbegin.o
 *fill*         0x0000000048048114        0x4 
 .bss           0x0000000048048118     0x2e90 ModellAnlage.o07
                0x0000000048048118                ModellAnlage_DW
                0x000000004804a1c8                ModellAnlage_M_
                0x000000004804a368                ModellAnlage_B
                0x000000004804af68                ModellAnlage_X
 .bss           0x000000004804afa8        0x0 ModellAnlage_data.o07
 .bss           0x000000004804afa8       0x6c ModellAnlage_trc_ptr.o07
                0x000000004804afa8                p_0_ModellAnlage_real_T_0
                0x000000004804afac                p_0_ModellAnlage_real32_T_1
                0x000000004804afb0                p_0_ModellAnlage_boolean_T_2
                0x000000004804afb4                p_0_ModellAnlage_real_T_3
                0x000000004804afb8                p_0_ModellAnlage_real_T_4
                0x000000004804afbc                p_0_ModellAnlage_real_T_5
                0x000000004804afc0                p_0_ModellAnlage_real_T_6
                0x000000004804afc4                p_0_ModellAnlage_real_T_7
                0x000000004804afc8                p_0_ModellAnlage_real_T_8
                0x000000004804afcc                p_1_ModellAnlage_struct_fjV6IdSatgurDUg9jrdNzD_0
                0x000000004804afd0                p_1_ModellAnlage_real_T_1
                0x000000004804afd4                p_1_ModellAnlage_real32_T_2
                0x000000004804afd8                p_1_ModellAnlage_int32_T_3
                0x000000004804afdc                p_1_ModellAnlage_uint16_T_4
                0x000000004804afe0                p_1_ModellAnlage_uint8_T_5
                0x000000004804afe4                p_1_ModellAnlage_boolean_T_6
                0x000000004804afe8                p_1_ModellAnlage_real_T_7
                0x000000004804afec                p_1_ModellAnlage_real_T_8
                0x000000004804aff0                p_1_ModellAnlage_real_T_9
                0x000000004804aff4                p_1_ModellAnlage_real_T_10
                0x000000004804aff8                p_1_ModellAnlage_real_T_11
                0x000000004804affc                p_1_ModellAnlage_real_T_12
                0x000000004804b000                p_2_ModellAnlage_real_T_2
                0x000000004804b004                p_2_ModellAnlage_int_T_4
                0x000000004804b008                p_2_ModellAnlage_int8_T_5
                0x000000004804b00c                p_2_ModellAnlage_boolean_T_6
                0x000000004804b010                p_3_ModellAnlage_real_T_0
 .bss           0x000000004804b014        0x0 rtGetInf.o07
 .bss           0x000000004804b014        0x0 rtGetNaN.o07
 *fill*         0x000000004804b014        0x4 
 .bss           0x000000004804b018       0x2c rt_nonfinite.o07
                0x000000004804b018                rtNaN
                0x000000004804b020                rtNaNF
                0x000000004804b028                rtInf
                0x000000004804b030                rtInfF
                0x000000004804b038                rtMinusInf
                0x000000004804b040                rtMinusInfF
 *fill*         0x000000004804b044        0x4 
 .bss           0x000000004804b048       0x5c rti_sim_engine.o07
                0x000000004804b048                currentTime
                0x000000004804b04c                finalTime
                0x000000004804b050                modelStepSize
                0x000000004804b058                pRTIEmcEncoder_Unit_1_DioCl_2_Port_1_Ch1
                0x000000004804b05c                pRTIDacC1AnalogOut_Ch_2
                0x000000004804b060                pRTIDacC1AnalogOut_Ch_3
                0x000000004804b064                pRTIDacC1AnalogOut_Ch_1
                0x000000004804b068                pRTIEmcResolver_Unit_1
                0x000000004804b06c                pRTIAdcC1AnalogIn_Ch_1
                0x000000004804b070                pRTIAdcC1AnalogIn_Ch_10
                0x000000004804b074                pRTIAdcC1AnalogIn_Ch_2
                0x000000004804b078                pRTI_Sensor_Supply
                0x000000004804b07c                pRti_TIMERA_STime
                0x000000004804b080                pRti_TIMERA_TTime
                0x000000004804b084                pRti_TIMERA_TState
                0x000000004804b088                pRti_TIMERA_OType
                0x000000004804b08c                pRti_TIMERA_OMax
                0x000000004804b090                pRti_TIMERA_ORpt
                0x000000004804b094                pRti_TIMERA_OCnt
                0x000000004804b098                pRti_TIMERA_TCnt
                0x000000004804b09c                pRti_TIMERA_Prio
                0x000000004804b0a0                rtiAssertionMode
 .bss           0x000000004804b0a4        0x4 rti_init_c.o07
 .bss           0x000000004804b0a8        0x0 rt_sim.o07
 .bss           0x000000004804b0a8        0x0 rti_assert.o07
 .bss           0x000000004804b0a8        0x0 C:\Program Files\dSPACE RCPHIL 2016-B\DS1202\Lib/librtversion.a(RtVersion.o)
 .bss           0x000000004804b0a8       0x14 C:\Program Files\dSPACE RCPHIL 2016-B\DS1202\Lib/librtglobals.a(DsEESPort.o)
                0x000000004804b0a8                xilapi_eesport_trigger_uint32_T
                0x000000004804b0ac                xilapi_eesport_flags_uint32_T
                0x000000004804b0b0                xilapi_eesport_errorswitching_uint32_T
                0x000000004804b0b4                xilapi_eesport_erroractivated_uint32_T
                0x000000004804b0b8                xilapi_eesport_activeerrorset_uint32_T
 .bss           0x000000004804b0bc        0x0 C:\Program Files\dSPACE RCPHIL 2016-B\DS1202\Lib/libm_fastpow.a(w_pow.o)
 .bss           0x000000004804b0bc        0x0 C:\Program Files\dSPACE RCPHIL 2016-B\DS1202\Lib/libm_fastpow.a(e_pow.o)
 .bss           0x000000004804b0bc        0x0 C:\Program Files\dSPACE RCPHIL 2016-B\DS1202\Lib/libm_fastpow.a(s_scalbn.o)
 .bss           0x000000004804b0bc        0x0 c:/program files/dspace rcphil 2016-b/compiler/qnx650_520/host/win32/x86/usr/bin/../lib/gcc/powerpc-unknown-nto-qnx6.5.0/5.2.0/crtend.o
 .bss           0x000000004804b0bc        0x0 C:\Program Files\dSPACE RCPHIL 2016-B\Compiler\QNX650_520\target\qnx6/ppcbe/lib/crtn.o
 *(COMMON)
                0x000000004804b0bc                . = ALIGN ((. != 0x0)?0x4:0x1)

.iplt           0x000000004804b0c0        0x0
 .iplt          0x000000004804b0c0        0x0 C:\Program Files\dSPACE RCPHIL 2016-B\Compiler\QNX650_520\target\qnx6/ppcbe/lib/crt1.o
                0x000000004804b0c0                . = ALIGN (0x4)
                0x000000004804b0c0                . = ALIGN (0x4)
                0x000000004804b0c0                __end = .
                0x000000004804b0c0                _end = .
                [!provide]                        PROVIDE (end, .)
                0x000000004804b0c0                . = DATA_SEGMENT_END (.)

.stab
 *(.stab)

.stabstr
 *(.stabstr)

.stab.excl
 *(.stab.excl)

.stab.exclstr
 *(.stab.exclstr)

.stab.index
 *(.stab.index)

.stab.indexstr
 *(.stab.indexstr)

.comment        0x0000000000000000       0x47
 *(.comment)
 .comment       0x0000000000000000       0x11 c:/program files/dspace rcphil 2016-b/compiler/qnx650_520/host/win32/x86/usr/bin/../lib/gcc/powerpc-unknown-nto-qnx6.5.0/5.2.0/crtbegin.o
                                         0x12 (size before relaxing)
 .comment       0x0000000000000011       0x12 ModellAnlage.o07
 .comment       0x0000000000000011       0x12 ModellAnlage_data.o07
 .comment       0x0000000000000011       0x12 ModellAnlage_trc_ptr.o07
 .comment       0x0000000000000011       0x12 rtGetInf.o07
 .comment       0x0000000000000011       0x12 rtGetNaN.o07
 .comment       0x0000000000000011       0x12 rt_nonfinite.o07
 .comment       0x0000000000000011       0x12 rti_sim_engine.o07
 .comment       0x0000000000000011       0x12 rti_init_c.o07
 .comment       0x0000000000000011       0x12 rt_sim.o07
 .comment       0x0000000000000011       0x12 rti_assert.o07
 .comment       0x0000000000000011       0x12 C:\Program Files\dSPACE RCPHIL 2016-B\DS1202\Lib/librtversion.a(RtVersion.o)
 .comment       0x0000000000000011       0x12 C:\Program Files\dSPACE RCPHIL 2016-B\DS1202\Lib/librtglobals.a(DsEESPort.o)
 .comment       0x0000000000000011       0x12 C:\Program Files\dSPACE RCPHIL 2016-B\DS1202\Lib/libm_fastpow.a(w_pow.o)
 .comment       0x0000000000000023       0x12 C:\Program Files\dSPACE RCPHIL 2016-B\DS1202\Lib/libm_fastpow.a(e_pow.o)
 .comment       0x0000000000000035       0x12 C:\Program Files\dSPACE RCPHIL 2016-B\DS1202\Lib/libm_fastpow.a(s_scalbn.o)
 .comment       0x0000000000000047       0x12 c:/program files/dspace rcphil 2016-b/compiler/qnx650_520/host/win32/x86/usr/bin/../lib/gcc/powerpc-unknown-nto-qnx6.5.0/5.2.0/crtend.o

.debug
 *(.debug)

.line
 *(.line)

.debug_srcinfo
 *(.debug_srcinfo)

.debug_sfnames
 *(.debug_sfnames)

.debug_aranges
 *(.debug_aranges)

.debug_pubnames
 *(.debug_pubnames)

.debug_info
 *(.debug_info .gnu.linkonce.wi.*)

.debug_abbrev
 *(.debug_abbrev)

.debug_line
 *(.debug_line)

.debug_frame
 *(.debug_frame)

.debug_str
 *(.debug_str)

.debug_loc
 *(.debug_loc)

.debug_macinfo
 *(.debug_macinfo)

.debug_weaknames
 *(.debug_weaknames)

.debug_funcnames
 *(.debug_funcnames)

.debug_typenames
 *(.debug_typenames)

.debug_varnames
 *(.debug_varnames)

.debug_pubtypes
 *(.debug_pubtypes)

.debug_ranges
 *(.debug_ranges)

.gnu.attributes
                0x0000000000000000       0x14
 *(.gnu.attributes)
 .gnu.attributes
                0x0000000000000000       0x10 ModellAnlage.o07
 .gnu.attributes
                0x0000000000000010       0x10 rtGetInf.o07
 .gnu.attributes
                0x0000000000000020       0x10 rtGetNaN.o07
 .gnu.attributes
                0x0000000000000030       0x10 rt_nonfinite.o07
 .gnu.attributes
                0x0000000000000040       0x10 rti_sim_engine.o07
 .gnu.attributes
                0x0000000000000050       0x10 rt_sim.o07
 .gnu.attributes
                0x0000000000000060       0x10 rti_assert.o07
 .gnu.attributes
                0x0000000000000070       0x14 C:\Program Files\dSPACE RCPHIL 2016-B\DS1202\Lib/libm_fastpow.a(w_pow.o)
 .gnu.attributes
                0x0000000000000084       0x14 C:\Program Files\dSPACE RCPHIL 2016-B\DS1202\Lib/libm_fastpow.a(e_pow.o)
 .gnu.attributes
                0x0000000000000098       0x14 C:\Program Files\dSPACE RCPHIL 2016-B\DS1202\Lib/libm_fastpow.a(s_scalbn.o)

/DISCARD/
 *(.note.GNU-stack)
 *(.gnu_debuglink)
OUTPUT(ModellAnlage.ppc elf32-powerpc)
