<*GNU-Linker-generated-mapfile*> 
Archive member included to satisfy reference by file (symbol)

C:\Program Files\dSPACE RCPHIL 2016-B\DS1202\Lib/librtversion.a(RtVersion.o)
                              (--whole-archive)
C:\Program Files\dSPACE RCPHIL 2016-B\DS1202\Lib/librtglobals.a(DsEESPort.o)
                              (--whole-archive)
C:\Program Files\dSPACE RCPHIL 2016-B\DS1202\Lib/libm_fastpow.a(w_pow.o)
                              C:\Program Files\dSPACE RCPHIL 2016-B\DS1202\Lib/libDsRealTimeTestingRP.so (pow)
C:\Program Files\dSPACE RCPHIL 2016-B\DS1202\Lib/libm_fastpow.a(e_pow.o)
                              C:\Program Files\dSPACE RCPHIL 2016-B\DS1202\Lib/libm_fastpow.a(w_pow.o) (__ieee754_pow)
C:\Program Files\dSPACE RCPHIL 2016-B\DS1202\Lib/libm_fastpow.a(s_scalbn.o)
                              C:\Program Files\dSPACE RCPHIL 2016-B\DS1202\Lib/libm_fastpow.a(e_pow.o) (scalbn)

Memory Configuration

Name             Origin             Length             Attributes
*default*        0x0000000000000000 0xffffffffffffffff

Linker script and memory map

LOAD C:\Program Files\dSPACE RCPHIL 2016-B\Compiler\QNX650_520\target\qnx6/ppcbe/lib/crt1.o
LOAD C:\Program Files\dSPACE RCPHIL 2016-B\Compiler\QNX650_520\target\qnx6/ppcbe/lib/crti.o
LOAD c:/program files/dspace rcphil 2016-b/compiler/qnx650_520/host/win32/x86/usr/bin/../lib/gcc/powerpc-unknown-nto-qnx6.5.0/5.2.0/crtbegin.o
                0x0000000000000000                _DSPACE_START = 0x0
                0x0000000000000000                _DSPACE_START_ = 0x0
                0x00000000000004b2                DS_TARGET_PLATFORM = 0x4b2
START GROUP
LOAD aktoren_sensoren_ansprechen.o07
LOAD aktoren_sensoren_ansprechen_data.o07
LOAD aktoren_sensoren_ansprechen_trc_ptr.o07
LOAD rti_sim_engine.o07
LOAD rti_init_c.o07
LOAD rt_sim.o07
LOAD rti_assert.o07
LOAD C:\Program Files\dSPACE RCPHIL 2016-B\DS1202\Lib/librtcan.so
LOAD C:\Program Files\dSPACE RCPHIL 2016-B\DS1202\Lib/librtj1939.so
LOAD C:\Program Files\dSPACE RCPHIL 2016-B\DS1202\Lib/librtser.so
LOAD C:\Program Files\dSPACE RCPHIL 2016-B\DS1202\Lib/librt13xxio.so
LOAD C:\Program Files\dSPACE RCPHIL 2016-B\DS1202\Lib/libDsRealTimeTestingRP.so
LOAD C:\Program Files\dSPACE RCPHIL 2016-B\DS1202\Lib/libDsXcpRP.so
LOAD C:\Program Files\dSPACE RCPHIL 2016-B\DS1202\Lib/libDsXcpComm.so
LOAD C:\Program Files\dSPACE RCPHIL 2016-B\DS1202\Lib/libDsFixedSizeFifo.so
LOAD C:\Program Files\dSPACE RCPHIL 2016-B\DS1202\Lib/libDsNvDataRP.so
LOAD C:\Program Files\dSPACE RCPHIL 2016-B\DS1202\Lib/libDsNVDataCommon.so
LOAD C:\Program Files\dSPACE RCPHIL 2016-B\DS1202\Lib/librt1202.so
LOAD C:\Program Files\dSPACE RCPHIL 2016-B\DS1202\Lib/librtwrap.so
LOAD C:\Program Files\dSPACE RCPHIL 2016-B\DS1202\Lib/librtversion.a
LOAD C:\Program Files\dSPACE RCPHIL 2016-B\DS1202\Lib/librtglobals.a
LOAD C:\Program Files\dSPACE RCPHIL 2016-B\DS1202\Lib/libm_fastpow.a
END GROUP
LOAD C:\Program Files\dSPACE RCPHIL 2016-B\DS1202\Lib/libstdc++.so
LOAD C:\Program Files\dSPACE RCPHIL 2016-B\Compiler\QNX650_520\target\qnx6/ppcbe/lib/libm.so
LOAD c:/program files/dspace rcphil 2016-b/compiler/qnx650_520/host/win32/x86/usr/bin/../lib/gcc/powerpc-unknown-nto-qnx6.5.0/5.2.0\libgcc.a
LOAD C:\Program Files\dSPACE RCPHIL 2016-B\Compiler\QNX650_520\target\qnx6/ppcbe/lib/libc.so
LOAD C:\Program Files\dSPACE RCPHIL 2016-B\Compiler\QNX650_520\target\qnx6/ppcbe/lib\libc.a
LOAD c:/program files/dspace rcphil 2016-b/compiler/qnx650_520/host/win32/x86/usr/bin/../lib/gcc/powerpc-unknown-nto-qnx6.5.0/5.2.0\libgcc.a
LOAD c:/program files/dspace rcphil 2016-b/compiler/qnx650_520/host/win32/x86/usr/bin/../lib/gcc/powerpc-unknown-nto-qnx6.5.0/5.2.0/crtend.o
LOAD C:\Program Files\dSPACE RCPHIL 2016-B\Compiler\QNX650_520\target\qnx6/ppcbe/lib/crtn.o
                [!provide]                        PROVIDE (__stack, 0x0)
                [!provide]                        PROVIDE (___stack, 0x0)
                [!provide]                        PROVIDE (__executable_start, 0x48040000)
                0x0000000048040134                . = (0x48040000 + SIZEOF_HEADERS)

.interp         0x0000000048040134       0x14
 *(.interp)
 .interp        0x0000000048040134       0x14 C:\Program Files\dSPACE RCPHIL 2016-B\Compiler\QNX650_520\target\qnx6/ppcbe/lib/crt1.o

.note           0x0000000048040150       0x18
 .note          0x0000000048040150       0x18 C:\Program Files\dSPACE RCPHIL 2016-B\Compiler\QNX650_520\target\qnx6/ppcbe/lib/crtn.o

.note.gnu.build-id
                0x0000000048040168       0x20
 *(.note.gnu.build-id)
 .note.gnu.build-id
                0x0000000048040168       0x20 C:\Program Files\dSPACE RCPHIL 2016-B\Compiler\QNX650_520\target\qnx6/ppcbe/lib/crt1.o

.hash           0x0000000048040188      0x380
 *(.hash)
 .hash          0x0000000048040188      0x380 C:\Program Files\dSPACE RCPHIL 2016-B\Compiler\QNX650_520\target\qnx6/ppcbe/lib/crt1.o

.gnu.hash
 *(.gnu.hash)

.dynsym         0x0000000048040508      0x7d0
 *(.dynsym)
 .dynsym        0x0000000048040508      0x7d0 C:\Program Files\dSPACE RCPHIL 2016-B\Compiler\QNX650_520\target\qnx6/ppcbe/lib/crt1.o

.dynstr         0x0000000048040cd8      0xb1d
 *(.dynstr)
 .dynstr        0x0000000048040cd8      0xb1d C:\Program Files\dSPACE RCPHIL 2016-B\Compiler\QNX650_520\target\qnx6/ppcbe/lib/crt1.o

.gnu.version    0x00000000480417f6        0x0
 *(.gnu.version)
 .gnu.version   0x00000000480417f6        0x0 C:\Program Files\dSPACE RCPHIL 2016-B\Compiler\QNX650_520\target\qnx6/ppcbe/lib/crt1.o

.gnu.version_d  0x00000000480417f8        0x0
 *(.gnu.version_d)
 .gnu.version_d
                0x00000000480417f8        0x0 C:\Program Files\dSPACE RCPHIL 2016-B\Compiler\QNX650_520\target\qnx6/ppcbe/lib/crt1.o

.gnu.version_r  0x00000000480417f8        0x0
 *(.gnu.version_r)
 .gnu.version_r
                0x00000000480417f8        0x0 C:\Program Files\dSPACE RCPHIL 2016-B\Compiler\QNX650_520\target\qnx6/ppcbe/lib/crt1.o

.rel.dyn
 *(.rel.init)
 *(.rel.text .rel.text.* .rel.gnu.linkonce.t.*)
 *(.rel.fini)
 *(.rel.rodata .rel.rodata.* .rel.gnu.linkonce.r.*)
 *(.rel.data.rel.ro* .rel.gnu.linkonce.d.rel.ro.*)
 *(.rel.data .rel.data.* .rel.gnu.linkonce.d.*)
 *(.rel.tdata .rel.tdata.* .rel.gnu.linkonce.td.*)
 *(.rel.tbss .rel.tbss.* .rel.gnu.linkonce.tb.*)
 *(.rel.ctors)
 *(.rel.dtors)
 *(.rel.got)
 *(.rel.sdata .rel.sdata.* .rel.gnu.linkonce.s.*)
 *(.rel.sbss .rel.sbss.* .rel.gnu.linkonce.sb.*)
 *(.rel.sdata2 .rel.sdata2.* .rel.gnu.linkonce.s2.*)
 *(.rel.sbss2 .rel.sbss2.* .rel.gnu.linkonce.sb2.*)
 *(.rel.bss .rel.bss.* .rel.gnu.linkonce.b.*)

.rela.dyn       0x00000000480417f8       0x6c
 *(.rela.init)
 *(.rela.text .rela.text.* .rela.gnu.linkonce.t.*)
 .rela.text     0x00000000480417f8        0x0 C:\Program Files\dSPACE RCPHIL 2016-B\Compiler\QNX650_520\target\qnx6/ppcbe/lib/crt1.o
 *(.rela.fini)
 *(.rela.rodata .rela.rodata.* .rela.gnu.linkonce.r.*)
 .rela.rodata   0x00000000480417f8        0x0 C:\Program Files\dSPACE RCPHIL 2016-B\Compiler\QNX650_520\target\qnx6/ppcbe/lib/crt1.o
 *(.rela.data .rela.data.* .rela.gnu.linkonce.d.*)
 *(.rela.tdata .rela.tdata.* .rela.gnu.linkonce.td.*)
 *(.rela.tbss .rela.tbss.* .rela.gnu.linkonce.tb.*)
 *(.rela.ctors)
 *(.rela.dtors)
 *(.rela.got)
 .rela.got      0x00000000480417f8       0x48 C:\Program Files\dSPACE RCPHIL 2016-B\Compiler\QNX650_520\target\qnx6/ppcbe/lib/crt1.o
 *(.rela.got1)
 *(.rela.got2)
 *(.rela.sdata .rela.sdata.* .rela.gnu.linkonce.s.*)
 *(.rela.sbss .rela.sbss.* .rela.gnu.linkonce.sb.*)
 .rela.sbss     0x0000000048041840        0x0 C:\Program Files\dSPACE RCPHIL 2016-B\Compiler\QNX650_520\target\qnx6/ppcbe/lib/crt1.o
 *(.rela.sdata2 .rela.sdata2.* .rela.gnu.linkonce.s2.*)
 *(.rela.sbss2 .rela.sbss2.* .rela.gnu.linkonce.sb2.*)
 *(.rela.bss .rela.bss.* .rela.gnu.linkonce.b.*)
 .rela.bss      0x0000000048041840       0x24 C:\Program Files\dSPACE RCPHIL 2016-B\Compiler\QNX650_520\target\qnx6/ppcbe/lib/crt1.o
 .rela.iplt     0x0000000048041864        0x0 C:\Program Files\dSPACE RCPHIL 2016-B\Compiler\QNX650_520\target\qnx6/ppcbe/lib/crt1.o

.rel.plt
 *(.rel.plt)

.rela.plt       0x0000000048041864      0x4f8
 *(.rela.plt)
 .rela.plt      0x0000000048041864      0x4f8 C:\Program Files\dSPACE RCPHIL 2016-B\Compiler\QNX650_520\target\qnx6/ppcbe/lib/crt1.o

.init           0x0000000048041d5c       0x24
 *(.init)
 .init          0x0000000048041d5c        0xc C:\Program Files\dSPACE RCPHIL 2016-B\Compiler\QNX650_520\target\qnx6/ppcbe/lib/crti.o
                0x0000000048041d5c                _init
 .init          0x0000000048041d68        0x4 c:/program files/dspace rcphil 2016-b/compiler/qnx650_520/host/win32/x86/usr/bin/../lib/gcc/powerpc-unknown-nto-qnx6.5.0/5.2.0/crtbegin.o
 .init          0x0000000048041d6c        0x4 c:/program files/dspace rcphil 2016-b/compiler/qnx650_520/host/win32/x86/usr/bin/../lib/gcc/powerpc-unknown-nto-qnx6.5.0/5.2.0/crtend.o
 .init          0x0000000048041d70       0x10 C:\Program Files\dSPACE RCPHIL 2016-B\Compiler\QNX650_520\target\qnx6/ppcbe/lib/crtn.o

.text           0x0000000048041d80     0x28dc
                0x0000000048041d80                _btext = .
 *(.text .stub .text.* .gnu.linkonce.t.*)
 .text          0x0000000048041d80      0x118 C:\Program Files\dSPACE RCPHIL 2016-B\Compiler\QNX650_520\target\qnx6/ppcbe/lib/crt1.o
                0x0000000048041d80                _start
 .text          0x0000000048041e98        0x0 C:\Program Files\dSPACE RCPHIL 2016-B\Compiler\QNX650_520\target\qnx6/ppcbe/lib/crti.o
 .text          0x0000000048041e98      0x2b0 c:/program files/dspace rcphil 2016-b/compiler/qnx650_520/host/win32/x86/usr/bin/../lib/gcc/powerpc-unknown-nto-qnx6.5.0/5.2.0/crtbegin.o
 *fill*         0x0000000048042148        0x8 00000000
 .text          0x0000000048042150      0x72c aktoren_sensoren_ansprechen.o07
                0x0000000048042150                aktoren_sensoren_ansprechen_output
                0x0000000048042620                aktoren_sensoren_ansprechen_update
                0x00000000480426c0                aktoren_sensoren_ansprechen_initialize
                0x00000000480427c0                aktoren_sensoren_ansprechen_terminate
 .text          0x000000004804287c        0x0 aktoren_sensoren_ansprechen_data.o07
 .text          0x000000004804287c       0x94 aktoren_sensoren_ansprechen_trc_ptr.o07
                0x00000000480428dc                aktoren_sensoren_ansprechen_rti_init_trc_pointers
 .text          0x0000000048042910      0x6c4 rti_sim_engine.o07
                0x0000000048042f60                rtk_idle_function
                0x0000000048042f70                rti_th_timertask1_trigger_source
                0x0000000048042fc0                initConditions
                0x0000000048042fd0                initVariables
 *fill*         0x0000000048042fd4        0xc 00000000
 .text.startup  0x0000000048042fe0      0xa70 rti_sim_engine.o07
                0x0000000048042fe0                main
 .text          0x0000000048043a50       0x40 rti_init_c.o07
                0x0000000048043a50                rti_init
 .text          0x0000000048043a90       0x44 rt_sim.o07
                0x0000000048043a90                rt_SimInitTimingEngine
                0x0000000048043ac0                rt_SimGetNextSampleHit
                0x0000000048043ad0                rt_SimUpdateDiscreteTaskSampleHits
 *fill*         0x0000000048043ad4        0xc 00000000
 .text          0x0000000048043ae0       0xd4 rti_assert.o07
                0x0000000048043ae0                rti_assertion_handler
                0x0000000048043b70                rti_assertion_mode_msg
 .text          0x0000000048043bb4        0x0 C:\Program Files\dSPACE RCPHIL 2016-B\DS1202\Lib/librtversion.a(RtVersion.o)
 *fill*         0x0000000048043bb4        0xc 00000000
 .text          0x0000000048043bc0        0x4 C:\Program Files\dSPACE RCPHIL 2016-B\DS1202\Lib/librtglobals.a(DsEESPort.o)
                0x0000000048043bc0                DsEesPort_init()
 .text          0x0000000048043bc4       0x20 C:\Program Files\dSPACE RCPHIL 2016-B\DS1202\Lib/libm_fastpow.a(w_pow.o)
                0x0000000048043bc4                pow
 .text          0x0000000048043be4      0x85c C:\Program Files\dSPACE RCPHIL 2016-B\DS1202\Lib/libm_fastpow.a(e_pow.o)
                0x0000000048043be4                __ieee754_pow
 .text          0x0000000048044440      0x188 C:\Program Files\dSPACE RCPHIL 2016-B\DS1202\Lib/libm_fastpow.a(s_scalbn.o)
                0x0000000048044440                scalbn
 .text          0x00000000480445c8       0x94 c:/program files/dspace rcphil 2016-b/compiler/qnx650_520/host/win32/x86/usr/bin/../lib/gcc/powerpc-unknown-nto-qnx6.5.0/5.2.0/crtend.o
 .text          0x000000004804465c        0x0 C:\Program Files\dSPACE RCPHIL 2016-B\Compiler\QNX650_520\target\qnx6/ppcbe/lib/crtn.o
 *(.gnu.warning)
 *(.glink)
 .glink         0x000000004804465c        0x0 C:\Program Files\dSPACE RCPHIL 2016-B\Compiler\QNX650_520\target\qnx6/ppcbe/lib/crt1.o

.fini           0x000000004804465c       0x20
 *(.fini)
 .fini          0x000000004804465c        0xc C:\Program Files\dSPACE RCPHIL 2016-B\Compiler\QNX650_520\target\qnx6/ppcbe/lib/crti.o
                0x000000004804465c                _fini
 .fini          0x0000000048044668        0x4 c:/program files/dspace rcphil 2016-b/compiler/qnx650_520/host/win32/x86/usr/bin/../lib/gcc/powerpc-unknown-nto-qnx6.5.0/5.2.0/crtbegin.o
 .fini          0x000000004804466c       0x10 C:\Program Files\dSPACE RCPHIL 2016-B\Compiler\QNX650_520\target\qnx6/ppcbe/lib/crtn.o
                [!provide]                        PROVIDE (__etext, .)
                0x000000004804467c                PROVIDE (_etext, .)
                [!provide]                        PROVIDE (etext, .)

.rodata         0x0000000048044680      0x520
 *(.rodata .rodata.* .gnu.linkonce.r.*)
 .rodata        0x0000000048044680        0x4 aktoren_sensoren_ansprechen.o07
                0x0000000048044680                aktoren_sensoren_ansprechen_M
 .rodata.cst4   0x0000000048044684       0x28 aktoren_sensoren_ansprechen.o07
 *fill*         0x00000000480446ac        0x4 
 .rodata.cst8   0x00000000480446b0       0x20 aktoren_sensoren_ansprechen.o07
 .rodata.str1.4
                0x00000000480446d0       0x12 aktoren_sensoren_ansprechen.o07
 *fill*         0x00000000480446e2        0x2 
 .rodata        0x00000000480446e4        0xc rti_sim_engine.o07
                0x00000000480446e4                rtiDataSetStorageEnabled
                0x00000000480446e8                p_dsts_sum_of_reset_time
                0x00000000480446ec                p_msg_last_error_no
 .rodata.cst4   0x00000000480446f0        0xc rti_sim_engine.o07
                                         0x10 (size before relaxing)
 .rodata.cst8   0x00000000480446fc        0x8 rti_sim_engine.o07
 .rodata.str1.4
                0x00000000480446fc      0x268 rti_sim_engine.o07
 .rodata.cst4   0x0000000048044964        0x4 rt_sim.o07
                                          0x8 (size before relaxing)
 .rodata.str1.4
                0x0000000048044968       0x71 rt_sim.o07
 *fill*         0x00000000480449d9        0x3 
 .rodata.str1.4
                0x00000000480449dc       0x70 rti_assert.o07
                                         0x6d (size before relaxing)
 *fill*         0x0000000048044a4c        0x4 
 .rodata        0x0000000048044a50       0x30 C:\Program Files\dSPACE RCPHIL 2016-B\DS1202\Lib/libm_fastpow.a(e_pow.o)
 .rodata.cst4   0x0000000048044a80        0x8 C:\Program Files\dSPACE RCPHIL 2016-B\DS1202\Lib/libm_fastpow.a(e_pow.o)
 .rodata.cst8   0x0000000048044a88       0xe8 C:\Program Files\dSPACE RCPHIL 2016-B\DS1202\Lib/libm_fastpow.a(e_pow.o)
 .rodata.cst8   0x0000000048044b70       0x30 C:\Program Files\dSPACE RCPHIL 2016-B\DS1202\Lib/libm_fastpow.a(s_scalbn.o)

.rodata1
 *(.rodata1)

.sdata2         0x0000000048044ba0        0x0
                0x0000000000008000                PROVIDE (_SDA2_BASE_, 0x8000)
 *(.sdata2 .sdata2.* .gnu.linkonce.s2.*)
 .sdata2        0x0000000048044ba0        0x0 C:\Program Files\dSPACE RCPHIL 2016-B\Compiler\QNX650_520\target\qnx6/ppcbe/lib/crt1.o

.sbss2
 *(.sbss2 .sbss2.* .gnu.linkonce.sb2.*)

.eh_frame_hdr   0x0000000048044ba0       0x14
 *(.eh_frame_hdr)
 .eh_frame_hdr  0x0000000048044ba0       0x14 C:\Program Files\dSPACE RCPHIL 2016-B\DS1202\Lib/librtglobals.a(DsEESPort.o)

.eh_frame       0x0000000048044bb4       0x2c
 *(.eh_frame)
 .eh_frame      0x0000000048044bb4        0x0 C:\Program Files\dSPACE RCPHIL 2016-B\Compiler\QNX650_520\target\qnx6/ppcbe/lib/crt1.o
 .eh_frame      0x0000000048044bb4        0x0 c:/program files/dspace rcphil 2016-b/compiler/qnx650_520/host/win32/x86/usr/bin/../lib/gcc/powerpc-unknown-nto-qnx6.5.0/5.2.0/crtbegin.o
 .eh_frame      0x0000000048044bb4       0x28 C:\Program Files\dSPACE RCPHIL 2016-B\DS1202\Lib/librtglobals.a(DsEESPort.o)
 .eh_frame      0x0000000048044bdc        0x4 c:/program files/dspace rcphil 2016-b/compiler/qnx650_520/host/win32/x86/usr/bin/../lib/gcc/powerpc-unknown-nto-qnx6.5.0/5.2.0/crtend.o

.gcc_except_table
 *(.gcc_except_table .gcc_except_table.*)
                0x0000000048044be0                . = (ALIGN (0x1000) - ((0x1000 - .) & 0xfff))
                0x0000000048045000                . = DATA_SEGMENT_ALIGN (0x1000, 0x1000)

.eh_frame
 *(.eh_frame)

.gcc_except_table
 *(.gcc_except_table .gcc_except_table.*)

.tdata
 *(.tdata .tdata.* .gnu.linkonce.td.*)

.tbss
 *(.tbss .tbss.* .gnu.linkonce.tb.*)
 *(.tcommon)

.preinit_array  0x0000000048045000        0x0
                0x0000000048045000                PROVIDE (__preinit_array_start, .)
 *(.preinit_array)
                0x0000000048045000                PROVIDE (__preinit_array_end, .)

.init_array     0x0000000048045000        0x0
                0x0000000048045000                PROVIDE (__init_array_start, .)
 *(SORT(.init_array.*))
 *(.init_array)
                0x0000000048045000                PROVIDE (__init_array_end, .)

.fini_array     0x0000000048045000        0x0
                0x0000000048045000                PROVIDE (__fini_array_start, .)
 *(.fini_array)
 *(SORT(.fini_array.*))
                0x0000000048045000                PROVIDE (__fini_array_end, .)

.ctors          0x0000000048045000        0x8
 *crtbegin.o(.ctors)
 .ctors         0x0000000048045000        0x4 c:/program files/dspace rcphil 2016-b/compiler/qnx650_520/host/win32/x86/usr/bin/../lib/gcc/powerpc-unknown-nto-qnx6.5.0/5.2.0/crtbegin.o
 *crtbegin?.o(.ctors)
 *(EXCLUDE_FILE(*crtend?.o *crtend.o) .ctors)
 *(SORT(.ctors.*))
 *(.ctors)
 .ctors         0x0000000048045004        0x4 c:/program files/dspace rcphil 2016-b/compiler/qnx650_520/host/win32/x86/usr/bin/../lib/gcc/powerpc-unknown-nto-qnx6.5.0/5.2.0/crtend.o

.dtors          0x0000000048045008        0x8
 *crtbegin.o(.dtors)
 .dtors         0x0000000048045008        0x4 c:/program files/dspace rcphil 2016-b/compiler/qnx650_520/host/win32/x86/usr/bin/../lib/gcc/powerpc-unknown-nto-qnx6.5.0/5.2.0/crtbegin.o
 *crtbegin?.o(.dtors)
 *(EXCLUDE_FILE(*crtend?.o *crtend.o) .dtors)
 *(SORT(.dtors.*))
 *(.dtors)
 .dtors         0x000000004804500c        0x4 c:/program files/dspace rcphil 2016-b/compiler/qnx650_520/host/win32/x86/usr/bin/../lib/gcc/powerpc-unknown-nto-qnx6.5.0/5.2.0/crtend.o
                0x000000004804500c                __DTOR_END__

.jcr            0x0000000048045010        0x4
 *(.jcr)
 .jcr           0x0000000048045010        0x0 c:/program files/dspace rcphil 2016-b/compiler/qnx650_520/host/win32/x86/usr/bin/../lib/gcc/powerpc-unknown-nto-qnx6.5.0/5.2.0/crtbegin.o
 .jcr           0x0000000048045010        0x4 c:/program files/dspace rcphil 2016-b/compiler/qnx650_520/host/win32/x86/usr/bin/../lib/gcc/powerpc-unknown-nto-qnx6.5.0/5.2.0/crtend.o

.data.rel.ro
 *(.data.rel.ro.local* .gnu.linkonce.d.rel.ro.local.*)
 *(.data.rel.ro* .gnu.linkonce.d.rel.ro.*)

.fixup
 *(.fixup)

.got1
 *(.got1)

.got2
 *(.got2)

.dynamic        0x0000000048045014      0x128
 *(.dynamic)
 .dynamic       0x0000000048045014      0x128 C:\Program Files\dSPACE RCPHIL 2016-B\Compiler\QNX650_520\target\qnx6/ppcbe/lib/crt1.o
                0x0000000048045014                _DYNAMIC

.got
 *(.got)
                0x000000004804513c                . = DATA_SEGMENT_RELRO_END (., 0x0)

.plt
 *(.plt)

.data           0x0000000048045140       0x68
 *(.data .data.* .gnu.linkonce.d.*)
 .data          0x0000000048045140        0x0 C:\Program Files\dSPACE RCPHIL 2016-B\Compiler\QNX650_520\target\qnx6/ppcbe/lib/crt1.o
 .data          0x0000000048045140        0x0 C:\Program Files\dSPACE RCPHIL 2016-B\Compiler\QNX650_520\target\qnx6/ppcbe/lib/crti.o
 .data          0x0000000048045140        0x0 c:/program files/dspace rcphil 2016-b/compiler/qnx650_520/host/win32/x86/usr/bin/../lib/gcc/powerpc-unknown-nto-qnx6.5.0/5.2.0/crtbegin.o
 .data.rel.local
                0x0000000048045140        0x4 c:/program files/dspace rcphil 2016-b/compiler/qnx650_520/host/win32/x86/usr/bin/../lib/gcc/powerpc-unknown-nto-qnx6.5.0/5.2.0/crtbegin.o
                0x0000000048045140                __dso_handle
 .data          0x0000000048045144        0x0 aktoren_sensoren_ansprechen.o07
 *fill*         0x0000000048045144        0x4 
 .data          0x0000000048045148       0x40 aktoren_sensoren_ansprechen_data.o07
                0x0000000048045148                aktoren_sensoren_ansprechen_P
 .data          0x0000000048045188        0x0 aktoren_sensoren_ansprechen_trc_ptr.o07
 .data          0x0000000048045188       0x14 rti_sim_engine.o07
                0x0000000048045188                simState
                0x0000000048045198                lastSimState
 .data          0x000000004804519c        0x0 rti_init_c.o07
 .data          0x000000004804519c        0x0 rt_sim.o07
 .data          0x000000004804519c        0x0 rti_assert.o07
 .data          0x000000004804519c        0x0 C:\Program Files\dSPACE RCPHIL 2016-B\DS1202\Lib/librtversion.a(RtVersion.o)
 .data          0x000000004804519c        0x0 C:\Program Files\dSPACE RCPHIL 2016-B\DS1202\Lib/librtglobals.a(DsEESPort.o)
 .data.rel      0x000000004804519c        0xc C:\Program Files\dSPACE RCPHIL 2016-B\DS1202\Lib/librtglobals.a(DsEESPort.o)
                0x000000004804519c                p_xilapi_eesport_errorswitching_uint32_T
                0x00000000480451a0                p_xilapi_eesport_erroractivated_uint32_T
                0x00000000480451a4                p_xilapi_eesport_activeerrorset_uint32_T
 .data          0x00000000480451a8        0x0 C:\Program Files\dSPACE RCPHIL 2016-B\DS1202\Lib/libm_fastpow.a(w_pow.o)
 .data          0x00000000480451a8        0x0 C:\Program Files\dSPACE RCPHIL 2016-B\DS1202\Lib/libm_fastpow.a(e_pow.o)
 .data          0x00000000480451a8        0x0 C:\Program Files\dSPACE RCPHIL 2016-B\DS1202\Lib/libm_fastpow.a(s_scalbn.o)
 .data          0x00000000480451a8        0x0 c:/program files/dspace rcphil 2016-b/compiler/qnx650_520/host/win32/x86/usr/bin/../lib/gcc/powerpc-unknown-nto-qnx6.5.0/5.2.0/crtend.o
 .data          0x00000000480451a8        0x0 C:\Program Files\dSPACE RCPHIL 2016-B\Compiler\QNX650_520\target\qnx6/ppcbe/lib/crtn.o

.tm_clone_table
                0x00000000480451a8        0x0
 .tm_clone_table
                0x00000000480451a8        0x0 c:/program files/dspace rcphil 2016-b/compiler/qnx650_520/host/win32/x86/usr/bin/../lib/gcc/powerpc-unknown-nto-qnx6.5.0/5.2.0/crtbegin.o
 .tm_clone_table
                0x00000000480451a8        0x0 c:/program files/dspace rcphil 2016-b/compiler/qnx650_520/host/win32/x86/usr/bin/../lib/gcc/powerpc-unknown-nto-qnx6.5.0/5.2.0/crtend.o

.data1
 *(.data1)

.got            0x00000000480451a8       0x54
 *(.got)
 .got           0x00000000480451a8       0x54 C:\Program Files\dSPACE RCPHIL 2016-B\Compiler\QNX650_520\target\qnx6/ppcbe/lib/crt1.o
                0x00000000480451f0                _GLOBAL_OFFSET_TABLE_

.sdata          0x00000000480451fc        0x0
                0x0000000000008000                PROVIDE (_SDA_BASE_, 0x8000)
 *(.sdata .sdata.* .gnu.linkonce.s.*)
 .sdata         0x00000000480451fc        0x0 C:\Program Files\dSPACE RCPHIL 2016-B\Compiler\QNX650_520\target\qnx6/ppcbe/lib/crt1.o
                0x00000000480451fc                _edata = .
                [!provide]                        PROVIDE (edata, .)
                0x00000000480451fc                __bss_start = .

.sbss           0x00000000480451fc        0x0
                [!provide]                        PROVIDE (__sbss_start, .)
                [!provide]                        PROVIDE (___sbss_start, .)
 *(.dynsbss)
 .dynsbss       0x00000000480451fc        0x0 C:\Program Files\dSPACE RCPHIL 2016-B\Compiler\QNX650_520\target\qnx6/ppcbe/lib/crt1.o
 *(.sbss .sbss.* .gnu.linkonce.sb.*)
 *(.scommon)
                [!provide]                        PROVIDE (__sbss_end, .)
                [!provide]                        PROVIDE (___sbss_end, .)

.plt            0x00000000480451fc      0x540
 *(.plt)
 .plt           0x00000000480451fc      0x540 C:\Program Files\dSPACE RCPHIL 2016-B\Compiler\QNX650_520\target\qnx6/ppcbe/lib/crt1.o
                0x0000000048045244                ts_reset
                0x000000004804524c                __register_frame_info
                0x0000000048045254                DioCl2EncoderIn_create
                0x000000004804525c                msg_error_clear
                0x0000000048045264                AdcCl1AnalogIn_read
                0x000000004804526c                dsrtt_set_current_time
                0x0000000048045274                sqrt
                0x000000004804527c                DioCl2EncoderIn_read
                0x0000000048045284                rtk_current_task_absolute_time_ptr_get
                0x000000004804528c                DsTimeSync_simstateRun
                0x0000000048045294                DacCl1AnalogOut_create
                0x000000004804529c                DioCl2EncoderIn_setEncPosition
                0x00000000480452a4                DioCl2EncoderIn_stop
                0x00000000480452ac                ResolverIn_create
                0x00000000480452b4                rtk_setup_temp_overrun_handling
                0x00000000480452bc                DioCl2EncoderIn_setIndexMode
                0x00000000480452c4                rtk_reset_tasks
                0x00000000480452cc                __cxa_finalize
                0x00000000480452d4                _init_array
                0x00000000480452dc                rtk_set_task_type
                0x00000000480452e4                DsTimeSync_baserate
                0x00000000480452ec                rtk_task_name_set
                0x00000000480452f4                DacCl1AnalogOut_apply
                0x00000000480452fc                dsrtt_script_service_post_computation
                0x0000000048045304                rtk_create_task
                0x000000004804530c                msg_warning_printf
                0x0000000048045314                ResolverIn_setMaximumSpeed
                0x000000004804531c                ResolverIn_getPosition
                0x0000000048045324                msg_last_error_number
                0x000000004804532c                DioCl2EncoderIn_start
                0x0000000048045334                AdcCl1AnalogIn_setConversTrigger
                0x000000004804533c                dsparam_copy_data_set
                0x0000000048045344                SrtkPreload_preloadRegion
                0x000000004804534c                DioCl2EncoderIn_getMechVelocity
                0x0000000048045354                msg_error_set
                0x000000004804535c                rtk_enable_services
                0x0000000048045364                SrtkDaq_Init
                0x000000004804536c                rtk_task_task_calls_get
                0x0000000048045374                DsTimeSync_setCurrentTimePtr
                0x000000004804537c                SrtkIntBase_enableIntGlobal
                0x0000000048045384                DacCl1AnalogOut_write
                0x000000004804538c                AdcCl1AnalogIn_setConversionMode
                0x0000000048045394                ResolverIn_stop
                0x000000004804539c                rtk_overrun_flag_clear
                0x00000000480453a4                rtk_bind_interrupt
                0x00000000480453ac                DacCl1AnalogOut_stop
                0x00000000480453b4                AdcCl1AnalogIn_apply
                0x00000000480453bc                _init_libc
                0x00000000480453c4                DioCl2EncoderIn_setGatedMode
                0x00000000480453cc                dsrtt_init
                0x00000000480453d4                AdcCl1AnalogIn_write
                0x00000000480453dc                SrtkApp_terminate
                0x00000000480453e4                DioCl2EncoderIn_setMaxPosition
                0x00000000480453ec                DioCl2EncoderIn_setMinPosition
                0x00000000480453f4                DioCl2EncoderIn_getMechPosition
                0x00000000480453fc                AdcCl1AnalogIn_isDataReady
                0x0000000048045404                msg_info_set
                0x000000004804540c                SensorSupply_create
                0x0000000048045414                dsrtt_script_service_pre_computation
                0x000000004804541c                DacCl1AnalogOut_start
                0x0000000048045424                msg_error_printf
                0x000000004804542c                ResolverIn_setSineCosineVoltRms
                0x0000000048045434                ResolverIn_read
                0x000000004804543c                ResolverIn_setReverseDirection
                0x0000000048045444                ResolverIn_getIsDataValid
                0x000000004804544c                memset
                0x0000000048045454                rtk_leave_idle_mode
                0x000000004804545c                ResolverIn_apply
                0x0000000048045464                __wrap_exit
                0x000000004804546c                __wrap_atexit
                0x0000000048045474                DioCl2EncoderIn_setMeasurementInterval
                0x000000004804547c                ResolverIn_setExcitationVoltRms
                0x0000000048045484                DacCl1AnalogOut_setOutputValue
                0x000000004804548c                AdcCl1AnalogIn_start
                0x0000000048045494                _fini_array
                0x000000004804549c                SensorSupply_setVoltage
                0x00000000480454a4                SrtkDaq_Background
                0x00000000480454ac                _preinit_array
                0x00000000480454b4                SrtkApp_init
                0x00000000480454bc                SrtkDaq_Service
                0x00000000480454c4                rtk_task_task_name_get
                0x00000000480454cc                AdcCl1AnalogIn_setConversSwTrigger
                0x00000000480454d4                SrtkSim_notifyStateTransition
                0x00000000480454dc                AdcCl1AnalogIn_getSingleValue
                0x00000000480454e4                DioCl2EncoderIn_apply
                0x00000000480454ec                msg_set
                0x00000000480454f4                ResolverIn_setExcitationFreq
                0x00000000480454fc                SensorSupply_apply
                0x0000000048045504                ResolverIn_start
                0x000000004804550c                rtk_get_subentry
                0x0000000048045514                dsrtt_set_step_size
                0x000000004804551c                rtk_enter_idle_mode
                0x0000000048045524                rtk_initialize
                0x000000004804552c                DacCl1AnalogOut_setOutputHighZ
                0x0000000048045534                DioCl2EncoderIn_setEncoderLines
                0x000000004804553c                SensorSupply_setSensorState
                0x0000000048045544                SensorSupply_start
                0x000000004804554c                SrtkApp_background
                0x0000000048045554                rtk_default_overrun_fcn
                0x000000004804555c                AdcCl1AnalogIn_create
                0x0000000048045564                vcm_module_register
                0x000000004804556c                DsTimeSync_simstateStop
                0x0000000048045574                SrtkIntBase_disableIntGlobal
                0x000000004804557c                ResolverIn_setPositionOffset
                0x0000000048045584                SrtkSim_registerState
                0x000000004804558c                __deregister_frame_info

.bss            0x0000000048045740      0x318
 *(.dynbss)
 .dynbss        0x0000000048045740       0x14 C:\Program Files\dSPACE RCPHIL 2016-B\Compiler\QNX650_520\target\qnx6/ppcbe/lib/crt1.o
                0x0000000048045740                errno
                0x0000000048045748                dsts_sum_of_reseted_time
                0x0000000048045750                msg_last_error_no
 *(.bss .bss.* .gnu.linkonce.b.*)
 .bss           0x0000000048045754        0x0 C:\Program Files\dSPACE RCPHIL 2016-B\Compiler\QNX650_520\target\qnx6/ppcbe/lib/crt1.o
 .bss           0x0000000048045754        0x0 C:\Program Files\dSPACE RCPHIL 2016-B\Compiler\QNX650_520\target\qnx6/ppcbe/lib/crti.o
 .bss           0x0000000048045754       0x20 c:/program files/dspace rcphil 2016-b/compiler/qnx650_520/host/win32/x86/usr/bin/../lib/gcc/powerpc-unknown-nto-qnx6.5.0/5.2.0/crtbegin.o
 *fill*         0x0000000048045774        0x4 
 .bss           0x0000000048045778      0x258 aktoren_sensoren_ansprechen.o07
                0x0000000048045778                aktoren_sensoren_ansprechen_B
                0x00000000480457f8                aktoren_sensoren_ansprechen_M_
                0x0000000048045930                aktoren_sensoren_ansprechen_DW
 .bss           0x00000000480459d0        0x0 aktoren_sensoren_ansprechen_data.o07
 .bss           0x00000000480459d0       0x10 aktoren_sensoren_ansprechen_trc_ptr.o07
                0x00000000480459d0                p_0_aktoren_sensoren_ansprechen_real_T_0
                0x00000000480459d4                p_0_aktoren_sensoren_ansprechen_boolean_T_1
                0x00000000480459d8                p_1_aktoren_sensoren_ansprechen_real_T_0
                0x00000000480459dc                p_2_aktoren_sensoren_ansprechen_boolean_T_2
 .bss           0x00000000480459e0       0x60 rti_sim_engine.o07
                0x00000000480459e0                currentTime
                0x00000000480459e4                finalTime
                0x00000000480459e8                modelStepSize
                0x00000000480459f0                pRTIDacC1AnalogOut_Ch_2
                0x00000000480459f4                pRTIDacC1AnalogOut_Ch_1
                0x00000000480459f8                pRTIDacC1AnalogOut_Ch_4
                0x00000000480459fc                pRTIEmcResolver_Unit_2
                0x0000000048045a00                pRTIEmcResolver_Unit_1
                0x0000000048045a04                pRTIEmcEncoder_Unit_1_DioCl_2_Port_1_Ch1
                0x0000000048045a08                pRTIAdcC1AnalogIn_Ch_3
                0x0000000048045a0c                pRTIAdcC1AnalogIn_Ch_1
                0x0000000048045a10                pRTIAdcC1AnalogIn_Ch_10
                0x0000000048045a14                pRTI_Sensor_Supply
                0x0000000048045a18                pRti_TIMERA_STime
                0x0000000048045a1c                pRti_TIMERA_TTime
                0x0000000048045a20                pRti_TIMERA_TState
                0x0000000048045a24                pRti_TIMERA_OType
                0x0000000048045a28                pRti_TIMERA_OMax
                0x0000000048045a2c                pRti_TIMERA_ORpt
                0x0000000048045a30                pRti_TIMERA_OCnt
                0x0000000048045a34                pRti_TIMERA_TCnt
                0x0000000048045a38                pRti_TIMERA_Prio
                0x0000000048045a3c                rtiAssertionMode
 .bss           0x0000000048045a40        0x4 rti_init_c.o07
 .bss           0x0000000048045a44        0x0 rt_sim.o07
 .bss           0x0000000048045a44        0x0 rti_assert.o07
 .bss           0x0000000048045a44        0x0 C:\Program Files\dSPACE RCPHIL 2016-B\DS1202\Lib/librtversion.a(RtVersion.o)
 .bss           0x0000000048045a44       0x14 C:\Program Files\dSPACE RCPHIL 2016-B\DS1202\Lib/librtglobals.a(DsEESPort.o)
                0x0000000048045a44                xilapi_eesport_trigger_uint32_T
                0x0000000048045a48                xilapi_eesport_flags_uint32_T
                0x0000000048045a4c                xilapi_eesport_errorswitching_uint32_T
                0x0000000048045a50                xilapi_eesport_erroractivated_uint32_T
                0x0000000048045a54                xilapi_eesport_activeerrorset_uint32_T
 .bss           0x0000000048045a58        0x0 C:\Program Files\dSPACE RCPHIL 2016-B\DS1202\Lib/libm_fastpow.a(w_pow.o)
 .bss           0x0000000048045a58        0x0 C:\Program Files\dSPACE RCPHIL 2016-B\DS1202\Lib/libm_fastpow.a(e_pow.o)
 .bss           0x0000000048045a58        0x0 C:\Program Files\dSPACE RCPHIL 2016-B\DS1202\Lib/libm_fastpow.a(s_scalbn.o)
 .bss           0x0000000048045a58        0x0 c:/program files/dspace rcphil 2016-b/compiler/qnx650_520/host/win32/x86/usr/bin/../lib/gcc/powerpc-unknown-nto-qnx6.5.0/5.2.0/crtend.o
 .bss           0x0000000048045a58        0x0 C:\Program Files\dSPACE RCPHIL 2016-B\Compiler\QNX650_520\target\qnx6/ppcbe/lib/crtn.o
 *(COMMON)
                0x0000000048045a58                . = ALIGN ((. != 0x0)?0x4:0x1)

.iplt           0x0000000048045a60        0x0
 .iplt          0x0000000048045a60        0x0 C:\Program Files\dSPACE RCPHIL 2016-B\Compiler\QNX650_520\target\qnx6/ppcbe/lib/crt1.o
                0x0000000048045a60                . = ALIGN (0x4)
                0x0000000048045a60                . = ALIGN (0x4)
                0x0000000048045a60                __end = .
                0x0000000048045a60                _end = .
                [!provide]                        PROVIDE (end, .)
                0x0000000048045a60                . = DATA_SEGMENT_END (.)

.stab
 *(.stab)

.stabstr
 *(.stabstr)

.stab.excl
 *(.stab.excl)

.stab.exclstr
 *(.stab.exclstr)

.stab.index
 *(.stab.index)

.stab.indexstr
 *(.stab.indexstr)

.comment        0x0000000000000000       0x47
 *(.comment)
 .comment       0x0000000000000000       0x11 c:/program files/dspace rcphil 2016-b/compiler/qnx650_520/host/win32/x86/usr/bin/../lib/gcc/powerpc-unknown-nto-qnx6.5.0/5.2.0/crtbegin.o
                                         0x12 (size before relaxing)
 .comment       0x0000000000000011       0x12 aktoren_sensoren_ansprechen.o07
 .comment       0x0000000000000011       0x12 aktoren_sensoren_ansprechen_data.o07
 .comment       0x0000000000000011       0x12 aktoren_sensoren_ansprechen_trc_ptr.o07
 .comment       0x0000000000000011       0x12 rti_sim_engine.o07
 .comment       0x0000000000000011       0x12 rti_init_c.o07
 .comment       0x0000000000000011       0x12 rt_sim.o07
 .comment       0x0000000000000011       0x12 rti_assert.o07
 .comment       0x0000000000000011       0x12 C:\Program Files\dSPACE RCPHIL 2016-B\DS1202\Lib/librtversion.a(RtVersion.o)
 .comment       0x0000000000000011       0x12 C:\Program Files\dSPACE RCPHIL 2016-B\DS1202\Lib/librtglobals.a(DsEESPort.o)
 .comment       0x0000000000000011       0x12 C:\Program Files\dSPACE RCPHIL 2016-B\DS1202\Lib/libm_fastpow.a(w_pow.o)
 .comment       0x0000000000000023       0x12 C:\Program Files\dSPACE RCPHIL 2016-B\DS1202\Lib/libm_fastpow.a(e_pow.o)
 .comment       0x0000000000000035       0x12 C:\Program Files\dSPACE RCPHIL 2016-B\DS1202\Lib/libm_fastpow.a(s_scalbn.o)
 .comment       0x0000000000000047       0x12 c:/program files/dspace rcphil 2016-b/compiler/qnx650_520/host/win32/x86/usr/bin/../lib/gcc/powerpc-unknown-nto-qnx6.5.0/5.2.0/crtend.o

.debug
 *(.debug)

.line
 *(.line)

.debug_srcinfo
 *(.debug_srcinfo)

.debug_sfnames
 *(.debug_sfnames)

.debug_aranges
 *(.debug_aranges)

.debug_pubnames
 *(.debug_pubnames)

.debug_info
 *(.debug_info .gnu.linkonce.wi.*)

.debug_abbrev
 *(.debug_abbrev)

.debug_line
 *(.debug_line)

.debug_frame
 *(.debug_frame)

.debug_str
 *(.debug_str)

.debug_loc
 *(.debug_loc)

.debug_macinfo
 *(.debug_macinfo)

.debug_weaknames
 *(.debug_weaknames)

.debug_funcnames
 *(.debug_funcnames)

.debug_typenames
 *(.debug_typenames)

.debug_varnames
 *(.debug_varnames)

.debug_pubtypes
 *(.debug_pubtypes)

.debug_ranges
 *(.debug_ranges)

.gnu.attributes
                0x0000000000000000       0x14
 *(.gnu.attributes)
 .gnu.attributes
                0x0000000000000000       0x10 aktoren_sensoren_ansprechen.o07
 .gnu.attributes
                0x0000000000000010       0x10 rti_sim_engine.o07
 .gnu.attributes
                0x0000000000000020       0x10 rt_sim.o07
 .gnu.attributes
                0x0000000000000030       0x10 rti_assert.o07
 .gnu.attributes
                0x0000000000000040       0x14 C:\Program Files\dSPACE RCPHIL 2016-B\DS1202\Lib/libm_fastpow.a(w_pow.o)
 .gnu.attributes
                0x0000000000000054       0x14 C:\Program Files\dSPACE RCPHIL 2016-B\DS1202\Lib/libm_fastpow.a(e_pow.o)
 .gnu.attributes
                0x0000000000000068       0x14 C:\Program Files\dSPACE RCPHIL 2016-B\DS1202\Lib/libm_fastpow.a(s_scalbn.o)

/DISCARD/
 *(.note.GNU-stack)
 *(.gnu_debuglink)
OUTPUT(aktoren_sensoren_ansprechen.ppc elf32-powerpc)
