<*GNU-Linker-generated-mapfile*> 
Archive member included to satisfy reference by file (symbol)

C:\Program Files\dSPACE RCPHIL 2016-B\DS1202\Lib/librtversion.a(RtVersion.o)
                              (--whole-archive)
C:\Program Files\dSPACE RCPHIL 2016-B\DS1202\Lib/librtglobals.a(DsEESPort.o)
                              (--whole-archive)
C:\Program Files\dSPACE RCPHIL 2016-B\DS1202\Lib/libm_fastpow.a(w_pow.o)
                              C:\Program Files\dSPACE RCPHIL 2016-B\DS1202\Lib/libDsRealTimeTestingRP.so (pow)
C:\Program Files\dSPACE RCPHIL 2016-B\DS1202\Lib/libm_fastpow.a(e_pow.o)
                              C:\Program Files\dSPACE RCPHIL 2016-B\DS1202\Lib/libm_fastpow.a(w_pow.o) (__ieee754_pow)
C:\Program Files\dSPACE RCPHIL 2016-B\DS1202\Lib/libm_fastpow.a(s_scalbn.o)
                              C:\Program Files\dSPACE RCPHIL 2016-B\DS1202\Lib/libm_fastpow.a(e_pow.o) (scalbn)

Memory Configuration

Name             Origin             Length             Attributes
*default*        0x0000000000000000 0xffffffffffffffff

Linker script and memory map

LOAD C:\Program Files\dSPACE RCPHIL 2016-B\Compiler\QNX650_520\target\qnx6/ppcbe/lib/crt1.o
LOAD C:\Program Files\dSPACE RCPHIL 2016-B\Compiler\QNX650_520\target\qnx6/ppcbe/lib/crti.o
LOAD c:/program files/dspace rcphil 2016-b/compiler/qnx650_520/host/win32/x86/usr/bin/../lib/gcc/powerpc-unknown-nto-qnx6.5.0/5.2.0/crtbegin.o
                0x0000000000000000                _DSPACE_START = 0x0
                0x0000000000000000                _DSPACE_START_ = 0x0
                0x00000000000004b2                DS_TARGET_PLATFORM = 0x4b2
START GROUP
LOAD gesamtkonzept_p_regler.o07
LOAD gesamtkonzept_p_regler_data.o07
LOAD gesamtkonzept_p_regler_trc_ptr.o07
LOAD rtGetInf.o07
LOAD rtGetNaN.o07
LOAD rt_nonfinite.o07
LOAD rti_sim_engine.o07
LOAD rti_init_c.o07
LOAD rt_sim.o07
LOAD rti_assert.o07
LOAD C:\Program Files\dSPACE RCPHIL 2016-B\DS1202\Lib/librtcan.so
LOAD C:\Program Files\dSPACE RCPHIL 2016-B\DS1202\Lib/librtj1939.so
LOAD C:\Program Files\dSPACE RCPHIL 2016-B\DS1202\Lib/librtser.so
LOAD C:\Program Files\dSPACE RCPHIL 2016-B\DS1202\Lib/librt13xxio.so
LOAD C:\Program Files\dSPACE RCPHIL 2016-B\DS1202\Lib/libDsRealTimeTestingRP.so
LOAD C:\Program Files\dSPACE RCPHIL 2016-B\DS1202\Lib/libDsXcpRP.so
LOAD C:\Program Files\dSPACE RCPHIL 2016-B\DS1202\Lib/libDsXcpComm.so
LOAD C:\Program Files\dSPACE RCPHIL 2016-B\DS1202\Lib/libDsFixedSizeFifo.so
LOAD C:\Program Files\dSPACE RCPHIL 2016-B\DS1202\Lib/libDsNvDataRP.so
LOAD C:\Program Files\dSPACE RCPHIL 2016-B\DS1202\Lib/libDsNVDataCommon.so
LOAD C:\Program Files\dSPACE RCPHIL 2016-B\DS1202\Lib/librt1202.so
LOAD C:\Program Files\dSPACE RCPHIL 2016-B\DS1202\Lib/librtwrap.so
LOAD C:\Program Files\dSPACE RCPHIL 2016-B\DS1202\Lib/librtversion.a
LOAD C:\Program Files\dSPACE RCPHIL 2016-B\DS1202\Lib/librtglobals.a
LOAD C:\Program Files\dSPACE RCPHIL 2016-B\DS1202\Lib/libm_fastpow.a
END GROUP
LOAD C:\Program Files\dSPACE RCPHIL 2016-B\DS1202\Lib/libstdc++.so
LOAD C:\Program Files\dSPACE RCPHIL 2016-B\Compiler\QNX650_520\target\qnx6/ppcbe/lib/libm.so
LOAD c:/program files/dspace rcphil 2016-b/compiler/qnx650_520/host/win32/x86/usr/bin/../lib/gcc/powerpc-unknown-nto-qnx6.5.0/5.2.0\libgcc.a
LOAD C:\Program Files\dSPACE RCPHIL 2016-B\Compiler\QNX650_520\target\qnx6/ppcbe/lib/libc.so
LOAD C:\Program Files\dSPACE RCPHIL 2016-B\Compiler\QNX650_520\target\qnx6/ppcbe/lib\libc.a
LOAD c:/program files/dspace rcphil 2016-b/compiler/qnx650_520/host/win32/x86/usr/bin/../lib/gcc/powerpc-unknown-nto-qnx6.5.0/5.2.0\libgcc.a
LOAD c:/program files/dspace rcphil 2016-b/compiler/qnx650_520/host/win32/x86/usr/bin/../lib/gcc/powerpc-unknown-nto-qnx6.5.0/5.2.0/crtend.o
LOAD C:\Program Files\dSPACE RCPHIL 2016-B\Compiler\QNX650_520\target\qnx6/ppcbe/lib/crtn.o
                [!provide]                        PROVIDE (__stack, 0x0)
                [!provide]                        PROVIDE (___stack, 0x0)
                [!provide]                        PROVIDE (__executable_start, 0x48040000)
                0x0000000048040134                . = (0x48040000 + SIZEOF_HEADERS)

.interp         0x0000000048040134       0x14
 *(.interp)
 .interp        0x0000000048040134       0x14 C:\Program Files\dSPACE RCPHIL 2016-B\Compiler\QNX650_520\target\qnx6/ppcbe/lib/crt1.o

.note           0x0000000048040150       0x18
 .note          0x0000000048040150       0x18 C:\Program Files\dSPACE RCPHIL 2016-B\Compiler\QNX650_520\target\qnx6/ppcbe/lib/crtn.o

.note.gnu.build-id
                0x0000000048040168       0x20
 *(.note.gnu.build-id)
 .note.gnu.build-id
                0x0000000048040168       0x20 C:\Program Files\dSPACE RCPHIL 2016-B\Compiler\QNX650_520\target\qnx6/ppcbe/lib/crt1.o

.hash           0x0000000048040188      0x358
 *(.hash)
 .hash          0x0000000048040188      0x358 C:\Program Files\dSPACE RCPHIL 2016-B\Compiler\QNX650_520\target\qnx6/ppcbe/lib/crt1.o

.gnu.hash
 *(.gnu.hash)

.dynsym         0x00000000480404e0      0x730
 *(.dynsym)
 .dynsym        0x00000000480404e0      0x730 C:\Program Files\dSPACE RCPHIL 2016-B\Compiler\QNX650_520\target\qnx6/ppcbe/lib/crt1.o

.dynstr         0x0000000048040c10      0x9f0
 *(.dynstr)
 .dynstr        0x0000000048040c10      0x9f0 C:\Program Files\dSPACE RCPHIL 2016-B\Compiler\QNX650_520\target\qnx6/ppcbe/lib/crt1.o

.gnu.version    0x0000000048041600        0x0
 *(.gnu.version)
 .gnu.version   0x0000000048041600        0x0 C:\Program Files\dSPACE RCPHIL 2016-B\Compiler\QNX650_520\target\qnx6/ppcbe/lib/crt1.o

.gnu.version_d  0x0000000048041600        0x0
 *(.gnu.version_d)
 .gnu.version_d
                0x0000000048041600        0x0 C:\Program Files\dSPACE RCPHIL 2016-B\Compiler\QNX650_520\target\qnx6/ppcbe/lib/crt1.o

.gnu.version_r  0x0000000048041600        0x0
 *(.gnu.version_r)
 .gnu.version_r
                0x0000000048041600        0x0 C:\Program Files\dSPACE RCPHIL 2016-B\Compiler\QNX650_520\target\qnx6/ppcbe/lib/crt1.o

.rel.dyn
 *(.rel.init)
 *(.rel.text .rel.text.* .rel.gnu.linkonce.t.*)
 *(.rel.fini)
 *(.rel.rodata .rel.rodata.* .rel.gnu.linkonce.r.*)
 *(.rel.data.rel.ro* .rel.gnu.linkonce.d.rel.ro.*)
 *(.rel.data .rel.data.* .rel.gnu.linkonce.d.*)
 *(.rel.tdata .rel.tdata.* .rel.gnu.linkonce.td.*)
 *(.rel.tbss .rel.tbss.* .rel.gnu.linkonce.tb.*)
 *(.rel.ctors)
 *(.rel.dtors)
 *(.rel.got)
 *(.rel.sdata .rel.sdata.* .rel.gnu.linkonce.s.*)
 *(.rel.sbss .rel.sbss.* .rel.gnu.linkonce.sb.*)
 *(.rel.sdata2 .rel.sdata2.* .rel.gnu.linkonce.s2.*)
 *(.rel.sbss2 .rel.sbss2.* .rel.gnu.linkonce.sb2.*)
 *(.rel.bss .rel.bss.* .rel.gnu.linkonce.b.*)

.rela.dyn       0x0000000048041600       0x6c
 *(.rela.init)
 *(.rela.text .rela.text.* .rela.gnu.linkonce.t.*)
 .rela.text     0x0000000048041600        0x0 C:\Program Files\dSPACE RCPHIL 2016-B\Compiler\QNX650_520\target\qnx6/ppcbe/lib/crt1.o
 *(.rela.fini)
 *(.rela.rodata .rela.rodata.* .rela.gnu.linkonce.r.*)
 .rela.rodata   0x0000000048041600        0x0 C:\Program Files\dSPACE RCPHIL 2016-B\Compiler\QNX650_520\target\qnx6/ppcbe/lib/crt1.o
 *(.rela.data .rela.data.* .rela.gnu.linkonce.d.*)
 *(.rela.tdata .rela.tdata.* .rela.gnu.linkonce.td.*)
 *(.rela.tbss .rela.tbss.* .rela.gnu.linkonce.tb.*)
 *(.rela.ctors)
 *(.rela.dtors)
 *(.rela.got)
 .rela.got      0x0000000048041600       0x48 C:\Program Files\dSPACE RCPHIL 2016-B\Compiler\QNX650_520\target\qnx6/ppcbe/lib/crt1.o
 *(.rela.got1)
 *(.rela.got2)
 *(.rela.sdata .rela.sdata.* .rela.gnu.linkonce.s.*)
 *(.rela.sbss .rela.sbss.* .rela.gnu.linkonce.sb.*)
 .rela.sbss     0x0000000048041648        0x0 C:\Program Files\dSPACE RCPHIL 2016-B\Compiler\QNX650_520\target\qnx6/ppcbe/lib/crt1.o
 *(.rela.sdata2 .rela.sdata2.* .rela.gnu.linkonce.s2.*)
 *(.rela.sbss2 .rela.sbss2.* .rela.gnu.linkonce.sb2.*)
 *(.rela.bss .rela.bss.* .rela.gnu.linkonce.b.*)
 .rela.bss      0x0000000048041648       0x24 C:\Program Files\dSPACE RCPHIL 2016-B\Compiler\QNX650_520\target\qnx6/ppcbe/lib/crt1.o
 .rela.iplt     0x000000004804166c        0x0 C:\Program Files\dSPACE RCPHIL 2016-B\Compiler\QNX650_520\target\qnx6/ppcbe/lib/crt1.o

.rel.plt
 *(.rel.plt)

.rela.plt       0x000000004804166c      0x480
 *(.rela.plt)
 .rela.plt      0x000000004804166c      0x480 C:\Program Files\dSPACE RCPHIL 2016-B\Compiler\QNX650_520\target\qnx6/ppcbe/lib/crt1.o

.init           0x0000000048041aec       0x24
 *(.init)
 .init          0x0000000048041aec        0xc C:\Program Files\dSPACE RCPHIL 2016-B\Compiler\QNX650_520\target\qnx6/ppcbe/lib/crti.o
                0x0000000048041aec                _init
 .init          0x0000000048041af8        0x4 c:/program files/dspace rcphil 2016-b/compiler/qnx650_520/host/win32/x86/usr/bin/../lib/gcc/powerpc-unknown-nto-qnx6.5.0/5.2.0/crtbegin.o
 .init          0x0000000048041afc        0x4 c:/program files/dspace rcphil 2016-b/compiler/qnx650_520/host/win32/x86/usr/bin/../lib/gcc/powerpc-unknown-nto-qnx6.5.0/5.2.0/crtend.o
 .init          0x0000000048041b00       0x10 C:\Program Files\dSPACE RCPHIL 2016-B\Compiler\QNX650_520\target\qnx6/ppcbe/lib/crtn.o

.text           0x0000000048041b10     0x48ac
                0x0000000048041b10                _btext = .
 *(.text .stub .text.* .gnu.linkonce.t.*)
 .text          0x0000000048041b10      0x118 C:\Program Files\dSPACE RCPHIL 2016-B\Compiler\QNX650_520\target\qnx6/ppcbe/lib/crt1.o
                0x0000000048041b10                _start
 .text          0x0000000048041c28        0x0 C:\Program Files\dSPACE RCPHIL 2016-B\Compiler\QNX650_520\target\qnx6/ppcbe/lib/crti.o
 .text          0x0000000048041c28      0x2b0 c:/program files/dspace rcphil 2016-b/compiler/qnx650_520/host/win32/x86/usr/bin/../lib/gcc/powerpc-unknown-nto-qnx6.5.0/5.2.0/crtbegin.o
 *fill*         0x0000000048041ed8        0x8 00000000
 .text          0x0000000048041ee0     0x2620 gesamtkonzept_p_regler.o07
                0x00000000480426a0                gesamtkonzept__regler_on2_Start
                0x00000000480426c0                gesamtkonzept_p_regl_regler_on2
                0x00000000480426e0                gesamtkonzept_p_regler_on2_Term
                0x0000000048042700                gesamtkonzept_p_regler_output
                0x00000000480439c0                gesamtkonzept_p_regler_derivatives
                0x0000000048043ab0                gesamtkonzept_p_regler_update
                0x0000000048043d70                gesamtkonzept_p_regler_initialize
                0x0000000048044270                gesamtkonzept_p_regler_terminate
 .text          0x0000000048044500        0x0 gesamtkonzept_p_regler_data.o07
 .text          0x0000000048044500      0x1c4 gesamtkonzept_p_regler_trc_ptr.o07
                0x0000000048044690                gesamtkonzept_p_regler_rti_init_trc_pointers
 *fill*         0x00000000480446c4        0xc 00000000
 .text          0x00000000480446d0       0x5c rtGetInf.o07
                0x00000000480446d0                rtGetInf
                0x00000000480446f0                rtGetInfF
                0x0000000048044700                rtGetMinusInf
                0x0000000048044720                rtGetMinusInfF
 *fill*         0x000000004804472c        0x4 00000000
 .text          0x0000000048044730       0x3c rtGetNaN.o07
                0x0000000048044730                rtGetNaN
                0x0000000048044760                rtGetNaNF
 *fill*         0x000000004804476c        0x4 00000000
 .text          0x0000000048044770       0xf4 rt_nonfinite.o07
                0x0000000048044770                rt_InitInfAndNaN
                0x00000000480447d0                rtIsInf
                0x0000000048044800                rtIsInfF
                0x0000000048044830                rtIsNaN
                0x0000000048044850                rtIsNaNF
 *fill*         0x0000000048044864        0xc 00000000
 .text          0x0000000048044870      0x604 rti_sim_engine.o07
                0x0000000048044e00                rtk_idle_function
                0x0000000048044e10                rti_th_timertask1_trigger_source
                0x0000000048044e60                initConditions
                0x0000000048044e70                initVariables
 *fill*         0x0000000048044e74        0xc 00000000
 .text.startup  0x0000000048044e80      0x930 rti_sim_engine.o07
                0x0000000048044e80                main
 .text          0x00000000480457b0       0x40 rti_init_c.o07
                0x00000000480457b0                rti_init
 .text          0x00000000480457f0       0x44 rt_sim.o07
                0x00000000480457f0                rt_SimInitTimingEngine
                0x0000000048045820                rt_SimGetNextSampleHit
                0x0000000048045830                rt_SimUpdateDiscreteTaskSampleHits
 *fill*         0x0000000048045834        0xc 00000000
 .text          0x0000000048045840       0xd4 rti_assert.o07
                0x0000000048045840                rti_assertion_handler
                0x00000000480458d0                rti_assertion_mode_msg
 .text          0x0000000048045914        0x0 C:\Program Files\dSPACE RCPHIL 2016-B\DS1202\Lib/librtversion.a(RtVersion.o)
 *fill*         0x0000000048045914        0xc 00000000
 .text          0x0000000048045920        0x4 C:\Program Files\dSPACE RCPHIL 2016-B\DS1202\Lib/librtglobals.a(DsEESPort.o)
                0x0000000048045920                DsEesPort_init()
 .text          0x0000000048045924       0x20 C:\Program Files\dSPACE RCPHIL 2016-B\DS1202\Lib/libm_fastpow.a(w_pow.o)
                0x0000000048045924                pow
 .text          0x0000000048045944      0x85c C:\Program Files\dSPACE RCPHIL 2016-B\DS1202\Lib/libm_fastpow.a(e_pow.o)
                0x0000000048045944                __ieee754_pow
 .text          0x00000000480461a0      0x188 C:\Program Files\dSPACE RCPHIL 2016-B\DS1202\Lib/libm_fastpow.a(s_scalbn.o)
                0x00000000480461a0                scalbn
 .text          0x0000000048046328       0x94 c:/program files/dspace rcphil 2016-b/compiler/qnx650_520/host/win32/x86/usr/bin/../lib/gcc/powerpc-unknown-nto-qnx6.5.0/5.2.0/crtend.o
 .text          0x00000000480463bc        0x0 C:\Program Files\dSPACE RCPHIL 2016-B\Compiler\QNX650_520\target\qnx6/ppcbe/lib/crtn.o
 *(.gnu.warning)
 *(.glink)
 .glink         0x00000000480463bc        0x0 C:\Program Files\dSPACE RCPHIL 2016-B\Compiler\QNX650_520\target\qnx6/ppcbe/lib/crt1.o

.fini           0x00000000480463bc       0x20
 *(.fini)
 .fini          0x00000000480463bc        0xc C:\Program Files\dSPACE RCPHIL 2016-B\Compiler\QNX650_520\target\qnx6/ppcbe/lib/crti.o
                0x00000000480463bc                _fini
 .fini          0x00000000480463c8        0x4 c:/program files/dspace rcphil 2016-b/compiler/qnx650_520/host/win32/x86/usr/bin/../lib/gcc/powerpc-unknown-nto-qnx6.5.0/5.2.0/crtbegin.o
 .fini          0x00000000480463cc       0x10 C:\Program Files\dSPACE RCPHIL 2016-B\Compiler\QNX650_520\target\qnx6/ppcbe/lib/crtn.o
                [!provide]                        PROVIDE (__etext, .)
                0x00000000480463dc                PROVIDE (_etext, .)
                [!provide]                        PROVIDE (etext, .)

.rodata         0x00000000480463e0      0x598
 *(.rodata .rodata.* .gnu.linkonce.r.*)
 .rodata        0x00000000480463e0        0xc gesamtkonzept_p_regler.o07
                0x00000000480463e8                gesamtkonzept_p_regler_M
 .rodata.cst4   0x00000000480463ec       0x5c gesamtkonzept_p_regler.o07
 .rodata.cst8   0x0000000048046448       0x40 gesamtkonzept_p_regler.o07
 .rodata.str1.4
                0x0000000048046488        0x5 gesamtkonzept_p_regler.o07
 *fill*         0x000000004804648d        0x3 
 .rodata.cst4   0x0000000048046490        0x8 rtGetInf.o07
 .rodata.cst4   0x0000000048046498        0x4 rtGetNaN.o07
 .rodata        0x000000004804649c        0xc rti_sim_engine.o07
                0x000000004804649c                rtiDataSetStorageEnabled
                0x00000000480464a0                p_dsts_sum_of_reset_time
                0x00000000480464a4                p_msg_last_error_no
 .rodata.cst4   0x00000000480464a8       0x10 rti_sim_engine.o07
 .rodata.cst8   0x00000000480464b8        0x8 rti_sim_engine.o07
 .rodata.str1.4
                0x00000000480464b8      0x284 rti_sim_engine.o07
 .rodata.cst4   0x000000004804673c        0x4 rt_sim.o07
                                          0x8 (size before relaxing)
 .rodata.str1.4
                0x0000000048046740       0x71 rt_sim.o07
 *fill*         0x00000000480467b1        0x3 
 .rodata.str1.4
                0x00000000480467b4       0x70 rti_assert.o07
                                         0x6d (size before relaxing)
 *fill*         0x0000000048046824        0x4 
 .rodata        0x0000000048046828       0x30 C:\Program Files\dSPACE RCPHIL 2016-B\DS1202\Lib/libm_fastpow.a(e_pow.o)
 .rodata.cst4   0x0000000048046858        0x8 C:\Program Files\dSPACE RCPHIL 2016-B\DS1202\Lib/libm_fastpow.a(e_pow.o)
 .rodata.cst8   0x0000000048046860       0xe8 C:\Program Files\dSPACE RCPHIL 2016-B\DS1202\Lib/libm_fastpow.a(e_pow.o)
 .rodata.cst8   0x0000000048046948       0x30 C:\Program Files\dSPACE RCPHIL 2016-B\DS1202\Lib/libm_fastpow.a(s_scalbn.o)

.rodata1
 *(.rodata1)

.sdata2         0x0000000048046978        0x0
                0x0000000000008000                PROVIDE (_SDA2_BASE_, 0x8000)
 *(.sdata2 .sdata2.* .gnu.linkonce.s2.*)
 .sdata2        0x0000000048046978        0x0 C:\Program Files\dSPACE RCPHIL 2016-B\Compiler\QNX650_520\target\qnx6/ppcbe/lib/crt1.o

.sbss2
 *(.sbss2 .sbss2.* .gnu.linkonce.sb2.*)

.eh_frame_hdr   0x0000000048046978       0x14
 *(.eh_frame_hdr)
 .eh_frame_hdr  0x0000000048046978       0x14 C:\Program Files\dSPACE RCPHIL 2016-B\DS1202\Lib/librtglobals.a(DsEESPort.o)

.eh_frame       0x000000004804698c       0x2c
 *(.eh_frame)
 .eh_frame      0x000000004804698c        0x0 C:\Program Files\dSPACE RCPHIL 2016-B\Compiler\QNX650_520\target\qnx6/ppcbe/lib/crt1.o
 .eh_frame      0x000000004804698c        0x0 c:/program files/dspace rcphil 2016-b/compiler/qnx650_520/host/win32/x86/usr/bin/../lib/gcc/powerpc-unknown-nto-qnx6.5.0/5.2.0/crtbegin.o
 .eh_frame      0x000000004804698c       0x28 C:\Program Files\dSPACE RCPHIL 2016-B\DS1202\Lib/librtglobals.a(DsEESPort.o)
 .eh_frame      0x00000000480469b4        0x4 c:/program files/dspace rcphil 2016-b/compiler/qnx650_520/host/win32/x86/usr/bin/../lib/gcc/powerpc-unknown-nto-qnx6.5.0/5.2.0/crtend.o

.gcc_except_table
 *(.gcc_except_table .gcc_except_table.*)
                0x00000000480469b8                . = (ALIGN (0x1000) - ((0x1000 - .) & 0xfff))
                0x00000000480479b8                . = DATA_SEGMENT_ALIGN (0x1000, 0x1000)

.eh_frame
 *(.eh_frame)

.gcc_except_table
 *(.gcc_except_table .gcc_except_table.*)

.tdata
 *(.tdata .tdata.* .gnu.linkonce.td.*)

.tbss
 *(.tbss .tbss.* .gnu.linkonce.tb.*)
 *(.tcommon)

.preinit_array  0x00000000480479b8        0x0
                0x00000000480479b8                PROVIDE (__preinit_array_start, .)
 *(.preinit_array)
                0x00000000480479b8                PROVIDE (__preinit_array_end, .)

.init_array     0x00000000480479b8        0x0
                0x00000000480479b8                PROVIDE (__init_array_start, .)
 *(SORT(.init_array.*))
 *(.init_array)
                0x00000000480479b8                PROVIDE (__init_array_end, .)

.fini_array     0x00000000480479b8        0x0
                0x00000000480479b8                PROVIDE (__fini_array_start, .)
 *(.fini_array)
 *(SORT(.fini_array.*))
                0x00000000480479b8                PROVIDE (__fini_array_end, .)

.ctors          0x00000000480479b8        0x8
 *crtbegin.o(.ctors)
 .ctors         0x00000000480479b8        0x4 c:/program files/dspace rcphil 2016-b/compiler/qnx650_520/host/win32/x86/usr/bin/../lib/gcc/powerpc-unknown-nto-qnx6.5.0/5.2.0/crtbegin.o
 *crtbegin?.o(.ctors)
 *(EXCLUDE_FILE(*crtend?.o *crtend.o) .ctors)
 *(SORT(.ctors.*))
 *(.ctors)
 .ctors         0x00000000480479bc        0x4 c:/program files/dspace rcphil 2016-b/compiler/qnx650_520/host/win32/x86/usr/bin/../lib/gcc/powerpc-unknown-nto-qnx6.5.0/5.2.0/crtend.o

.dtors          0x00000000480479c0        0x8
 *crtbegin.o(.dtors)
 .dtors         0x00000000480479c0        0x4 c:/program files/dspace rcphil 2016-b/compiler/qnx650_520/host/win32/x86/usr/bin/../lib/gcc/powerpc-unknown-nto-qnx6.5.0/5.2.0/crtbegin.o
 *crtbegin?.o(.dtors)
 *(EXCLUDE_FILE(*crtend?.o *crtend.o) .dtors)
 *(SORT(.dtors.*))
 *(.dtors)
 .dtors         0x00000000480479c4        0x4 c:/program files/dspace rcphil 2016-b/compiler/qnx650_520/host/win32/x86/usr/bin/../lib/gcc/powerpc-unknown-nto-qnx6.5.0/5.2.0/crtend.o
                0x00000000480479c4                __DTOR_END__

.jcr            0x00000000480479c8        0x4
 *(.jcr)
 .jcr           0x00000000480479c8        0x0 c:/program files/dspace rcphil 2016-b/compiler/qnx650_520/host/win32/x86/usr/bin/../lib/gcc/powerpc-unknown-nto-qnx6.5.0/5.2.0/crtbegin.o
 .jcr           0x00000000480479c8        0x4 c:/program files/dspace rcphil 2016-b/compiler/qnx650_520/host/win32/x86/usr/bin/../lib/gcc/powerpc-unknown-nto-qnx6.5.0/5.2.0/crtend.o

.data.rel.ro
 *(.data.rel.ro.local* .gnu.linkonce.d.rel.ro.local.*)
 *(.data.rel.ro* .gnu.linkonce.d.rel.ro.*)

.fixup
 *(.fixup)

.got1
 *(.got1)

.got2
 *(.got2)

.dynamic        0x00000000480479cc      0x128
 *(.dynamic)
 .dynamic       0x00000000480479cc      0x128 C:\Program Files\dSPACE RCPHIL 2016-B\Compiler\QNX650_520\target\qnx6/ppcbe/lib/crt1.o
                0x00000000480479cc                _DYNAMIC

.got
 *(.got)
                0x0000000048047af4                . = DATA_SEGMENT_RELRO_END (., 0x0)

.plt
 *(.plt)

.data           0x0000000048047af8      0x5d0
 *(.data .data.* .gnu.linkonce.d.*)
 .data          0x0000000048047af8        0x0 C:\Program Files\dSPACE RCPHIL 2016-B\Compiler\QNX650_520\target\qnx6/ppcbe/lib/crt1.o
 .data          0x0000000048047af8        0x0 C:\Program Files\dSPACE RCPHIL 2016-B\Compiler\QNX650_520\target\qnx6/ppcbe/lib/crti.o
 .data          0x0000000048047af8        0x0 c:/program files/dspace rcphil 2016-b/compiler/qnx650_520/host/win32/x86/usr/bin/../lib/gcc/powerpc-unknown-nto-qnx6.5.0/5.2.0/crtbegin.o
 .data.rel.local
                0x0000000048047af8        0x4 c:/program files/dspace rcphil 2016-b/compiler/qnx650_520/host/win32/x86/usr/bin/../lib/gcc/powerpc-unknown-nto-qnx6.5.0/5.2.0/crtbegin.o
                0x0000000048047af8                __dso_handle
 .data          0x0000000048047afc        0x0 gesamtkonzept_p_regler.o07
 *fill*         0x0000000048047afc        0x4 
 .data          0x0000000048047b00      0x5a8 gesamtkonzept_p_regler_data.o07
                0x0000000048047b00                gesamtkonzept_p_regler_P
 .data          0x00000000480480a8        0x0 gesamtkonzept_p_regler_trc_ptr.o07
 .data          0x00000000480480a8        0x0 rtGetInf.o07
 .data          0x00000000480480a8        0x0 rtGetNaN.o07
 .data          0x00000000480480a8        0x0 rt_nonfinite.o07
 .data          0x00000000480480a8       0x14 rti_sim_engine.o07
                0x00000000480480a8                simState
                0x00000000480480b8                lastSimState
 .data          0x00000000480480bc        0x0 rti_init_c.o07
 .data          0x00000000480480bc        0x0 rt_sim.o07
 .data          0x00000000480480bc        0x0 rti_assert.o07
 .data          0x00000000480480bc        0x0 C:\Program Files\dSPACE RCPHIL 2016-B\DS1202\Lib/librtversion.a(RtVersion.o)
 .data          0x00000000480480bc        0x0 C:\Program Files\dSPACE RCPHIL 2016-B\DS1202\Lib/librtglobals.a(DsEESPort.o)
 .data.rel      0x00000000480480bc        0xc C:\Program Files\dSPACE RCPHIL 2016-B\DS1202\Lib/librtglobals.a(DsEESPort.o)
                0x00000000480480bc                p_xilapi_eesport_errorswitching_uint32_T
                0x00000000480480c0                p_xilapi_eesport_erroractivated_uint32_T
                0x00000000480480c4                p_xilapi_eesport_activeerrorset_uint32_T
 .data          0x00000000480480c8        0x0 C:\Program Files\dSPACE RCPHIL 2016-B\DS1202\Lib/libm_fastpow.a(w_pow.o)
 .data          0x00000000480480c8        0x0 C:\Program Files\dSPACE RCPHIL 2016-B\DS1202\Lib/libm_fastpow.a(e_pow.o)
 .data          0x00000000480480c8        0x0 C:\Program Files\dSPACE RCPHIL 2016-B\DS1202\Lib/libm_fastpow.a(s_scalbn.o)
 .data          0x00000000480480c8        0x0 c:/program files/dspace rcphil 2016-b/compiler/qnx650_520/host/win32/x86/usr/bin/../lib/gcc/powerpc-unknown-nto-qnx6.5.0/5.2.0/crtend.o
 .data          0x00000000480480c8        0x0 C:\Program Files\dSPACE RCPHIL 2016-B\Compiler\QNX650_520\target\qnx6/ppcbe/lib/crtn.o

.tm_clone_table
                0x00000000480480c8        0x0
 .tm_clone_table
                0x00000000480480c8        0x0 c:/program files/dspace rcphil 2016-b/compiler/qnx650_520/host/win32/x86/usr/bin/../lib/gcc/powerpc-unknown-nto-qnx6.5.0/5.2.0/crtbegin.o
 .tm_clone_table
                0x00000000480480c8        0x0 c:/program files/dspace rcphil 2016-b/compiler/qnx650_520/host/win32/x86/usr/bin/../lib/gcc/powerpc-unknown-nto-qnx6.5.0/5.2.0/crtend.o

.data1
 *(.data1)

.got            0x00000000480480c8       0x54
 *(.got)
 .got           0x00000000480480c8       0x54 C:\Program Files\dSPACE RCPHIL 2016-B\Compiler\QNX650_520\target\qnx6/ppcbe/lib/crt1.o
                0x0000000048048110                _GLOBAL_OFFSET_TABLE_

.sdata          0x000000004804811c        0x0
                0x0000000000008000                PROVIDE (_SDA_BASE_, 0x8000)
 *(.sdata .sdata.* .gnu.linkonce.s.*)
 .sdata         0x000000004804811c        0x0 C:\Program Files\dSPACE RCPHIL 2016-B\Compiler\QNX650_520\target\qnx6/ppcbe/lib/crt1.o
                0x000000004804811c                _edata = .
                [!provide]                        PROVIDE (edata, .)
                0x000000004804811c                __bss_start = .

.sbss           0x000000004804811c        0x0
                [!provide]                        PROVIDE (__sbss_start, .)
                [!provide]                        PROVIDE (___sbss_start, .)
 *(.dynsbss)
 .dynsbss       0x000000004804811c        0x0 C:\Program Files\dSPACE RCPHIL 2016-B\Compiler\QNX650_520\target\qnx6/ppcbe/lib/crt1.o
 *(.sbss .sbss.* .gnu.linkonce.sb.*)
 *(.scommon)
                [!provide]                        PROVIDE (__sbss_end, .)
                [!provide]                        PROVIDE (___sbss_end, .)

.plt            0x000000004804811c      0x4c8
 *(.plt)
 .plt           0x000000004804811c      0x4c8 C:\Program Files\dSPACE RCPHIL 2016-B\Compiler\QNX650_520\target\qnx6/ppcbe/lib/crt1.o
                0x0000000048048164                ts_reset
                0x000000004804816c                __register_frame_info
                0x0000000048048174                DioCl2EncoderIn_create
                0x000000004804817c                msg_error_clear
                0x0000000048048184                AdcCl1AnalogIn_read
                0x000000004804818c                dsrtt_set_current_time
                0x0000000048048194                sqrt
                0x000000004804819c                DioCl2EncoderIn_read
                0x00000000480481a4                rtk_current_task_absolute_time_ptr_get
                0x00000000480481ac                DsTimeSync_simstateRun
                0x00000000480481b4                DacCl1AnalogOut_create
                0x00000000480481bc                DioCl2EncoderIn_setEncPosition
                0x00000000480481c4                DioCl2EncoderIn_stop
                0x00000000480481cc                memcpy
                0x00000000480481d4                rtk_setup_temp_overrun_handling
                0x00000000480481dc                DioCl2EncoderIn_setIndexMode
                0x00000000480481e4                rtk_reset_tasks
                0x00000000480481ec                __cxa_finalize
                0x00000000480481f4                _init_array
                0x00000000480481fc                rtk_set_task_type
                0x0000000048048204                DsTimeSync_baserate
                0x000000004804820c                rtk_task_name_set
                0x0000000048048214                DacCl1AnalogOut_apply
                0x000000004804821c                dsrtt_script_service_post_computation
                0x0000000048048224                rtk_create_task
                0x000000004804822c                msg_warning_printf
                0x0000000048048234                msg_last_error_number
                0x000000004804823c                DioCl2EncoderIn_start
                0x0000000048048244                AdcCl1AnalogIn_setConversTrigger
                0x000000004804824c                dsparam_copy_data_set
                0x0000000048048254                SrtkPreload_preloadRegion
                0x000000004804825c                DioCl2EncoderIn_getMechVelocity
                0x0000000048048264                msg_error_set
                0x000000004804826c                asin
                0x0000000048048274                rtk_enable_services
                0x000000004804827c                SrtkDaq_Init
                0x0000000048048284                rtk_task_task_calls_get
                0x000000004804828c                DsTimeSync_setCurrentTimePtr
                0x0000000048048294                SrtkIntBase_enableIntGlobal
                0x000000004804829c                DacCl1AnalogOut_write
                0x00000000480482a4                AdcCl1AnalogIn_setConversionMode
                0x00000000480482ac                rtk_overrun_flag_clear
                0x00000000480482b4                rtk_bind_interrupt
                0x00000000480482bc                DacCl1AnalogOut_stop
                0x00000000480482c4                AdcCl1AnalogIn_apply
                0x00000000480482cc                _init_libc
                0x00000000480482d4                DioCl2EncoderIn_setGatedMode
                0x00000000480482dc                dsrtt_init
                0x00000000480482e4                AdcCl1AnalogIn_write
                0x00000000480482ec                SrtkApp_terminate
                0x00000000480482f4                DioCl2EncoderIn_setMaxPosition
                0x00000000480482fc                DioCl2EncoderIn_setMinPosition
                0x0000000048048304                DioCl2EncoderIn_getMechPosition
                0x000000004804830c                AdcCl1AnalogIn_isDataReady
                0x0000000048048314                msg_info_set
                0x000000004804831c                SensorSupply_create
                0x0000000048048324                dsrtt_script_service_pre_computation
                0x000000004804832c                DacCl1AnalogOut_start
                0x0000000048048334                msg_error_printf
                0x000000004804833c                memset
                0x0000000048048344                _Sin
                0x000000004804834c                rtk_leave_idle_mode
                0x0000000048048354                __wrap_exit
                0x000000004804835c                __wrap_atexit
                0x0000000048048364                DioCl2EncoderIn_setMeasurementInterval
                0x000000004804836c                DacCl1AnalogOut_setOutputValue
                0x0000000048048374                AdcCl1AnalogIn_start
                0x000000004804837c                _fini_array
                0x0000000048048384                SensorSupply_setVoltage
                0x000000004804838c                SrtkDaq_Background
                0x0000000048048394                _preinit_array
                0x000000004804839c                SrtkApp_init
                0x00000000480483a4                SrtkDaq_Service
                0x00000000480483ac                rtk_task_task_name_get
                0x00000000480483b4                AdcCl1AnalogIn_setConversSwTrigger
                0x00000000480483bc                SrtkSim_notifyStateTransition
                0x00000000480483c4                AdcCl1AnalogIn_getSingleValue
                0x00000000480483cc                DioCl2EncoderIn_apply
                0x00000000480483d4                msg_set
                0x00000000480483dc                SensorSupply_apply
                0x00000000480483e4                rtk_get_subentry
                0x00000000480483ec                dsrtt_set_step_size
                0x00000000480483f4                rtk_enter_idle_mode
                0x00000000480483fc                rtk_initialize
                0x0000000048048404                DacCl1AnalogOut_setOutputHighZ
                0x000000004804840c                DioCl2EncoderIn_setEncoderLines
                0x0000000048048414                SensorSupply_setSensorState
                0x000000004804841c                SensorSupply_start
                0x0000000048048424                SrtkApp_background
                0x000000004804842c                rtk_default_overrun_fcn
                0x0000000048048434                AdcCl1AnalogIn_create
                0x000000004804843c                vcm_module_register
                0x0000000048048444                DsTimeSync_simstateStop
                0x000000004804844c                SrtkIntBase_disableIntGlobal
                0x0000000048048454                SrtkSim_registerState
                0x000000004804845c                __deregister_frame_info

.bss            0x00000000480485e8     0x2978
 *(.dynbss)
 .dynbss        0x00000000480485e8       0x14 C:\Program Files\dSPACE RCPHIL 2016-B\Compiler\QNX650_520\target\qnx6/ppcbe/lib/crt1.o
                0x00000000480485e8                errno
                0x00000000480485f0                dsts_sum_of_reseted_time
                0x00000000480485f8                msg_last_error_no
 *(.bss .bss.* .gnu.linkonce.b.*)
 .bss           0x00000000480485fc        0x0 C:\Program Files\dSPACE RCPHIL 2016-B\Compiler\QNX650_520\target\qnx6/ppcbe/lib/crt1.o
 .bss           0x00000000480485fc        0x0 C:\Program Files\dSPACE RCPHIL 2016-B\Compiler\QNX650_520\target\qnx6/ppcbe/lib/crti.o
 .bss           0x00000000480485fc       0x20 c:/program files/dspace rcphil 2016-b/compiler/qnx650_520/host/win32/x86/usr/bin/../lib/gcc/powerpc-unknown-nto-qnx6.5.0/5.2.0/crtbegin.o
 *fill*         0x000000004804861c        0x4 
 .bss           0x0000000048048620     0x2842 gesamtkonzept_p_regler.o07
                0x0000000048048620                gesamtkonzept_p_regler_DW
                0x000000004804a780                gesamtkonzept_p_regler_M_
                0x000000004804a920                gesamtkonzept_p_regler_B
                0x000000004804ae20                gesamtkonzept_p_regler_X
                0x000000004804ae60                gesamtkonzept_p_regler_PrevZCX
 .bss           0x000000004804ae62        0x0 gesamtkonzept_p_regler_data.o07
 *fill*         0x000000004804ae62        0x2 
 .bss           0x000000004804ae64       0x5c gesamtkonzept_p_regler_trc_ptr.o07
                0x000000004804ae64                p_0_gesamtkonzept_p_regler_real_T_0
                0x000000004804ae68                p_0_gesamtkonzept_p_regler_real32_T_1
                0x000000004804ae6c                p_0_gesamtkonzept_p_regler_boolean_T_2
                0x000000004804ae70                p_0_gesamtkonzept_p_regler_real_T_3
                0x000000004804ae74                p_0_gesamtkonzept_p_regler_real_T_4
                0x000000004804ae78                p_0_gesamtkonzept_p_regler_real_T_5
                0x000000004804ae7c                p_1_gesamtkonzept_p_regler_struct_Rj4hPgeX0JODq5mWiTakWH_0
                0x000000004804ae80                p_1_gesamtkonzept_p_regler_struct_GvGgHmYQWwNSdlXOHkzz3D_1
                0x000000004804ae84                p_1_gesamtkonzept_p_regler_struct_V3XwXYNi6dhvgEezMVGCoF_2
                0x000000004804ae88                p_1_gesamtkonzept_p_regler_real_T_3
                0x000000004804ae8c                p_1_gesamtkonzept_p_regler_real32_T_4
                0x000000004804ae90                p_1_gesamtkonzept_p_regler_int32_T_5
                0x000000004804ae94                p_1_gesamtkonzept_p_regler_uint32_T_6
                0x000000004804ae98                p_1_gesamtkonzept_p_regler_uint16_T_7
                0x000000004804ae9c                p_1_gesamtkonzept_p_regler_uint8_T_8
                0x000000004804aea0                p_1_gesamtkonzept_p_regler_boolean_T_9
                0x000000004804aea4                p_2_gesamtkonzept_p_regler_real_T_2
                0x000000004804aea8                p_2_gesamtkonzept_p_regler_int_T_5
                0x000000004804aeac                p_2_gesamtkonzept_p_regler_boolean_T_6
                0x000000004804aeb0                p_2_gesamtkonzept_p_regler_boolean_T_9
                0x000000004804aeb4                p_2_gesamtkonzept_p_regler_boolean_T_12
                0x000000004804aeb8                p_2_gesamtkonzept_p_regler_boolean_T_15
                0x000000004804aebc                p_3_gesamtkonzept_p_regler_real_T_0
 .bss           0x000000004804aec0        0x0 rtGetInf.o07
 .bss           0x000000004804aec0        0x0 rtGetNaN.o07
 .bss           0x000000004804aec0       0x2c rt_nonfinite.o07
                0x000000004804aec0                rtNaN
                0x000000004804aec8                rtNaNF
                0x000000004804aed0                rtInf
                0x000000004804aed8                rtInfF
                0x000000004804aee0                rtMinusInf
                0x000000004804aee8                rtMinusInfF
 *fill*         0x000000004804aeec        0x4 
 .bss           0x000000004804aef0       0x58 rti_sim_engine.o07
                0x000000004804aef0                currentTime
                0x000000004804aef4                finalTime
                0x000000004804aef8                modelStepSize
                0x000000004804af00                pRTIDacC1AnalogOut_Ch_2
                0x000000004804af04                pRTIDacC1AnalogOut_Ch_3
                0x000000004804af08                pRTIEmcEncoder_Unit_1_DioCl_2_Port_1_Ch1
                0x000000004804af0c                pRTIDacC1AnalogOut_Ch_1
                0x000000004804af10                pRTIAdcC1AnalogIn_Ch_2
                0x000000004804af14                pRTIAdcC1AnalogIn_Ch_1
                0x000000004804af18                pRTIAdcC1AnalogIn_Ch_10
                0x000000004804af1c                pRTI_Sensor_Supply
                0x000000004804af20                pRti_TIMERA_STime
                0x000000004804af24                pRti_TIMERA_TTime
                0x000000004804af28                pRti_TIMERA_TState
                0x000000004804af2c                pRti_TIMERA_OType
                0x000000004804af30                pRti_TIMERA_OMax
                0x000000004804af34                pRti_TIMERA_ORpt
                0x000000004804af38                pRti_TIMERA_OCnt
                0x000000004804af3c                pRti_TIMERA_TCnt
                0x000000004804af40                pRti_TIMERA_Prio
                0x000000004804af44                rtiAssertionMode
 .bss           0x000000004804af48        0x4 rti_init_c.o07
 .bss           0x000000004804af4c        0x0 rt_sim.o07
 .bss           0x000000004804af4c        0x0 rti_assert.o07
 .bss           0x000000004804af4c        0x0 C:\Program Files\dSPACE RCPHIL 2016-B\DS1202\Lib/librtversion.a(RtVersion.o)
 .bss           0x000000004804af4c       0x14 C:\Program Files\dSPACE RCPHIL 2016-B\DS1202\Lib/librtglobals.a(DsEESPort.o)
                0x000000004804af4c                xilapi_eesport_trigger_uint32_T
                0x000000004804af50                xilapi_eesport_flags_uint32_T
                0x000000004804af54                xilapi_eesport_errorswitching_uint32_T
                0x000000004804af58                xilapi_eesport_erroractivated_uint32_T
                0x000000004804af5c                xilapi_eesport_activeerrorset_uint32_T
 .bss           0x000000004804af60        0x0 C:\Program Files\dSPACE RCPHIL 2016-B\DS1202\Lib/libm_fastpow.a(w_pow.o)
 .bss           0x000000004804af60        0x0 C:\Program Files\dSPACE RCPHIL 2016-B\DS1202\Lib/libm_fastpow.a(e_pow.o)
 .bss           0x000000004804af60        0x0 C:\Program Files\dSPACE RCPHIL 2016-B\DS1202\Lib/libm_fastpow.a(s_scalbn.o)
 .bss           0x000000004804af60        0x0 c:/program files/dspace rcphil 2016-b/compiler/qnx650_520/host/win32/x86/usr/bin/../lib/gcc/powerpc-unknown-nto-qnx6.5.0/5.2.0/crtend.o
 .bss           0x000000004804af60        0x0 C:\Program Files\dSPACE RCPHIL 2016-B\Compiler\QNX650_520\target\qnx6/ppcbe/lib/crtn.o
 *(COMMON)
                0x000000004804af60                . = ALIGN ((. != 0x0)?0x4:0x1)

.iplt           0x000000004804af60        0x0
 .iplt          0x000000004804af60        0x0 C:\Program Files\dSPACE RCPHIL 2016-B\Compiler\QNX650_520\target\qnx6/ppcbe/lib/crt1.o
                0x000000004804af60                . = ALIGN (0x4)
                0x000000004804af60                . = ALIGN (0x4)
                0x000000004804af60                __end = .
                0x000000004804af60                _end = .
                [!provide]                        PROVIDE (end, .)
                0x000000004804af60                . = DATA_SEGMENT_END (.)

.stab
 *(.stab)

.stabstr
 *(.stabstr)

.stab.excl
 *(.stab.excl)

.stab.exclstr
 *(.stab.exclstr)

.stab.index
 *(.stab.index)

.stab.indexstr
 *(.stab.indexstr)

.comment        0x0000000000000000       0x47
 *(.comment)
 .comment       0x0000000000000000       0x11 c:/program files/dspace rcphil 2016-b/compiler/qnx650_520/host/win32/x86/usr/bin/../lib/gcc/powerpc-unknown-nto-qnx6.5.0/5.2.0/crtbegin.o
                                         0x12 (size before relaxing)
 .comment       0x0000000000000011       0x12 gesamtkonzept_p_regler.o07
 .comment       0x0000000000000011       0x12 gesamtkonzept_p_regler_data.o07
 .comment       0x0000000000000011       0x12 gesamtkonzept_p_regler_trc_ptr.o07
 .comment       0x0000000000000011       0x12 rtGetInf.o07
 .comment       0x0000000000000011       0x12 rtGetNaN.o07
 .comment       0x0000000000000011       0x12 rt_nonfinite.o07
 .comment       0x0000000000000011       0x12 rti_sim_engine.o07
 .comment       0x0000000000000011       0x12 rti_init_c.o07
 .comment       0x0000000000000011       0x12 rt_sim.o07
 .comment       0x0000000000000011       0x12 rti_assert.o07
 .comment       0x0000000000000011       0x12 C:\Program Files\dSPACE RCPHIL 2016-B\DS1202\Lib/librtversion.a(RtVersion.o)
 .comment       0x0000000000000011       0x12 C:\Program Files\dSPACE RCPHIL 2016-B\DS1202\Lib/librtglobals.a(DsEESPort.o)
 .comment       0x0000000000000011       0x12 C:\Program Files\dSPACE RCPHIL 2016-B\DS1202\Lib/libm_fastpow.a(w_pow.o)
 .comment       0x0000000000000023       0x12 C:\Program Files\dSPACE RCPHIL 2016-B\DS1202\Lib/libm_fastpow.a(e_pow.o)
 .comment       0x0000000000000035       0x12 C:\Program Files\dSPACE RCPHIL 2016-B\DS1202\Lib/libm_fastpow.a(s_scalbn.o)
 .comment       0x0000000000000047       0x12 c:/program files/dspace rcphil 2016-b/compiler/qnx650_520/host/win32/x86/usr/bin/../lib/gcc/powerpc-unknown-nto-qnx6.5.0/5.2.0/crtend.o

.debug
 *(.debug)

.line
 *(.line)

.debug_srcinfo
 *(.debug_srcinfo)

.debug_sfnames
 *(.debug_sfnames)

.debug_aranges
 *(.debug_aranges)

.debug_pubnames
 *(.debug_pubnames)

.debug_info
 *(.debug_info .gnu.linkonce.wi.*)

.debug_abbrev
 *(.debug_abbrev)

.debug_line
 *(.debug_line)

.debug_frame
 *(.debug_frame)

.debug_str
 *(.debug_str)

.debug_loc
 *(.debug_loc)

.debug_macinfo
 *(.debug_macinfo)

.debug_weaknames
 *(.debug_weaknames)

.debug_funcnames
 *(.debug_funcnames)

.debug_typenames
 *(.debug_typenames)

.debug_varnames
 *(.debug_varnames)

.debug_pubtypes
 *(.debug_pubtypes)

.debug_ranges
 *(.debug_ranges)

.gnu.attributes
                0x0000000000000000       0x14
 *(.gnu.attributes)
 .gnu.attributes
                0x0000000000000000       0x10 gesamtkonzept_p_regler.o07
 .gnu.attributes
                0x0000000000000010       0x10 rtGetInf.o07
 .gnu.attributes
                0x0000000000000020       0x10 rtGetNaN.o07
 .gnu.attributes
                0x0000000000000030       0x10 rt_nonfinite.o07
 .gnu.attributes
                0x0000000000000040       0x10 rti_sim_engine.o07
 .gnu.attributes
                0x0000000000000050       0x10 rt_sim.o07
 .gnu.attributes
                0x0000000000000060       0x10 rti_assert.o07
 .gnu.attributes
                0x0000000000000070       0x14 C:\Program Files\dSPACE RCPHIL 2016-B\DS1202\Lib/libm_fastpow.a(w_pow.o)
 .gnu.attributes
                0x0000000000000084       0x14 C:\Program Files\dSPACE RCPHIL 2016-B\DS1202\Lib/libm_fastpow.a(e_pow.o)
 .gnu.attributes
                0x0000000000000098       0x14 C:\Program Files\dSPACE RCPHIL 2016-B\DS1202\Lib/libm_fastpow.a(s_scalbn.o)

/DISCARD/
 *(.note.GNU-stack)
 *(.gnu_debuglink)
OUTPUT(gesamtkonzept_p_regler.ppc elf32-powerpc)
