<*GNU-Linker-generated-mapfile*> 
Archive member included to satisfy reference by file (symbol)

C:\Program Files\dSPACE RCPHIL 2016-B\DS1202\Lib/librtversion.a(RtVersion.o)
                              (--whole-archive)
C:\Program Files\dSPACE RCPHIL 2016-B\DS1202\Lib/librtglobals.a(DsEESPort.o)
                              (--whole-archive)
C:\Program Files\dSPACE RCPHIL 2016-B\DS1202\Lib/libm_fastpow.a(w_pow.o)
                              C:\Program Files\dSPACE RCPHIL 2016-B\DS1202\Lib/libDsRealTimeTestingRP.so (pow)
C:\Program Files\dSPACE RCPHIL 2016-B\DS1202\Lib/libm_fastpow.a(e_pow.o)
                              C:\Program Files\dSPACE RCPHIL 2016-B\DS1202\Lib/libm_fastpow.a(w_pow.o) (__ieee754_pow)
C:\Program Files\dSPACE RCPHIL 2016-B\DS1202\Lib/libm_fastpow.a(s_scalbn.o)
                              C:\Program Files\dSPACE RCPHIL 2016-B\DS1202\Lib/libm_fastpow.a(e_pow.o) (scalbn)

Memory Configuration

Name             Origin             Length             Attributes
*default*        0x0000000000000000 0xffffffffffffffff

Linker script and memory map

LOAD C:\Program Files\dSPACE RCPHIL 2016-B\Compiler\QNX650_520\target\qnx6/ppcbe/lib/crt1.o
LOAD C:\Program Files\dSPACE RCPHIL 2016-B\Compiler\QNX650_520\target\qnx6/ppcbe/lib/crti.o
LOAD c:/program files/dspace rcphil 2016-b/compiler/qnx650_520/host/win32/x86/usr/bin/../lib/gcc/powerpc-unknown-nto-qnx6.5.0/5.2.0/crtbegin.o
                0x0000000000000000                _DSPACE_START = 0x0
                0x0000000000000000                _DSPACE_START_ = 0x0
                0x00000000000004b2                DS_TARGET_PLATFORM = 0x4b2
START GROUP
LOAD laufkatze_teach_weg.o07
LOAD laufkatze_teach_weg_data.o07
LOAD laufkatze_teach_weg_trc_ptr.o07
LOAD rtGetInf.o07
LOAD rtGetNaN.o07
LOAD rt_nonfinite.o07
LOAD rti_sim_engine.o07
LOAD rti_init_c.o07
LOAD rt_sim.o07
LOAD rti_assert.o07
LOAD C:\Program Files\dSPACE RCPHIL 2016-B\DS1202\Lib/librtcan.so
LOAD C:\Program Files\dSPACE RCPHIL 2016-B\DS1202\Lib/librtj1939.so
LOAD C:\Program Files\dSPACE RCPHIL 2016-B\DS1202\Lib/librtser.so
LOAD C:\Program Files\dSPACE RCPHIL 2016-B\DS1202\Lib/librt13xxio.so
LOAD C:\Program Files\dSPACE RCPHIL 2016-B\DS1202\Lib/libDsRealTimeTestingRP.so
LOAD C:\Program Files\dSPACE RCPHIL 2016-B\DS1202\Lib/libDsXcpRP.so
LOAD C:\Program Files\dSPACE RCPHIL 2016-B\DS1202\Lib/libDsXcpComm.so
LOAD C:\Program Files\dSPACE RCPHIL 2016-B\DS1202\Lib/libDsFixedSizeFifo.so
LOAD C:\Program Files\dSPACE RCPHIL 2016-B\DS1202\Lib/libDsNvDataRP.so
LOAD C:\Program Files\dSPACE RCPHIL 2016-B\DS1202\Lib/libDsNVDataCommon.so
LOAD C:\Program Files\dSPACE RCPHIL 2016-B\DS1202\Lib/librt1202.so
LOAD C:\Program Files\dSPACE RCPHIL 2016-B\DS1202\Lib/librtwrap.so
LOAD C:\Program Files\dSPACE RCPHIL 2016-B\DS1202\Lib/librtversion.a
LOAD C:\Program Files\dSPACE RCPHIL 2016-B\DS1202\Lib/librtglobals.a
LOAD C:\Program Files\dSPACE RCPHIL 2016-B\DS1202\Lib/libm_fastpow.a
END GROUP
LOAD C:\Program Files\dSPACE RCPHIL 2016-B\DS1202\Lib/libstdc++.so
LOAD C:\Program Files\dSPACE RCPHIL 2016-B\Compiler\QNX650_520\target\qnx6/ppcbe/lib/libm.so
LOAD c:/program files/dspace rcphil 2016-b/compiler/qnx650_520/host/win32/x86/usr/bin/../lib/gcc/powerpc-unknown-nto-qnx6.5.0/5.2.0\libgcc.a
LOAD C:\Program Files\dSPACE RCPHIL 2016-B\Compiler\QNX650_520\target\qnx6/ppcbe/lib/libc.so
LOAD C:\Program Files\dSPACE RCPHIL 2016-B\Compiler\QNX650_520\target\qnx6/ppcbe/lib\libc.a
LOAD c:/program files/dspace rcphil 2016-b/compiler/qnx650_520/host/win32/x86/usr/bin/../lib/gcc/powerpc-unknown-nto-qnx6.5.0/5.2.0\libgcc.a
LOAD c:/program files/dspace rcphil 2016-b/compiler/qnx650_520/host/win32/x86/usr/bin/../lib/gcc/powerpc-unknown-nto-qnx6.5.0/5.2.0/crtend.o
LOAD C:\Program Files\dSPACE RCPHIL 2016-B\Compiler\QNX650_520\target\qnx6/ppcbe/lib/crtn.o
                [!provide]                        PROVIDE (__stack, 0x0)
                [!provide]                        PROVIDE (___stack, 0x0)
                [!provide]                        PROVIDE (__executable_start, 0x48040000)
                0x0000000048040134                . = (0x48040000 + SIZEOF_HEADERS)

.interp         0x0000000048040134       0x14
 *(.interp)
 .interp        0x0000000048040134       0x14 C:\Program Files\dSPACE RCPHIL 2016-B\Compiler\QNX650_520\target\qnx6/ppcbe/lib/crt1.o

.note           0x0000000048040150       0x18
 .note          0x0000000048040150       0x18 C:\Program Files\dSPACE RCPHIL 2016-B\Compiler\QNX650_520\target\qnx6/ppcbe/lib/crtn.o

.note.gnu.build-id
                0x0000000048040168       0x20
 *(.note.gnu.build-id)
 .note.gnu.build-id
                0x0000000048040168       0x20 C:\Program Files\dSPACE RCPHIL 2016-B\Compiler\QNX650_520\target\qnx6/ppcbe/lib/crt1.o

.hash           0x0000000048040188      0x314
 *(.hash)
 .hash          0x0000000048040188      0x314 C:\Program Files\dSPACE RCPHIL 2016-B\Compiler\QNX650_520\target\qnx6/ppcbe/lib/crt1.o

.gnu.hash
 *(.gnu.hash)

.dynsym         0x000000004804049c      0x620
 *(.dynsym)
 .dynsym        0x000000004804049c      0x620 C:\Program Files\dSPACE RCPHIL 2016-B\Compiler\QNX650_520\target\qnx6/ppcbe/lib/crt1.o

.dynstr         0x0000000048040abc      0x851
 *(.dynstr)
 .dynstr        0x0000000048040abc      0x851 C:\Program Files\dSPACE RCPHIL 2016-B\Compiler\QNX650_520\target\qnx6/ppcbe/lib/crt1.o

.gnu.version    0x000000004804130e        0x0
 *(.gnu.version)
 .gnu.version   0x000000004804130e        0x0 C:\Program Files\dSPACE RCPHIL 2016-B\Compiler\QNX650_520\target\qnx6/ppcbe/lib/crt1.o

.gnu.version_d  0x0000000048041310        0x0
 *(.gnu.version_d)
 .gnu.version_d
                0x0000000048041310        0x0 C:\Program Files\dSPACE RCPHIL 2016-B\Compiler\QNX650_520\target\qnx6/ppcbe/lib/crt1.o

.gnu.version_r  0x0000000048041310        0x0
 *(.gnu.version_r)
 .gnu.version_r
                0x0000000048041310        0x0 C:\Program Files\dSPACE RCPHIL 2016-B\Compiler\QNX650_520\target\qnx6/ppcbe/lib/crt1.o

.rel.dyn
 *(.rel.init)
 *(.rel.text .rel.text.* .rel.gnu.linkonce.t.*)
 *(.rel.fini)
 *(.rel.rodata .rel.rodata.* .rel.gnu.linkonce.r.*)
 *(.rel.data.rel.ro* .rel.gnu.linkonce.d.rel.ro.*)
 *(.rel.data .rel.data.* .rel.gnu.linkonce.d.*)
 *(.rel.tdata .rel.tdata.* .rel.gnu.linkonce.td.*)
 *(.rel.tbss .rel.tbss.* .rel.gnu.linkonce.tb.*)
 *(.rel.ctors)
 *(.rel.dtors)
 *(.rel.got)
 *(.rel.sdata .rel.sdata.* .rel.gnu.linkonce.s.*)
 *(.rel.sbss .rel.sbss.* .rel.gnu.linkonce.sb.*)
 *(.rel.sdata2 .rel.sdata2.* .rel.gnu.linkonce.s2.*)
 *(.rel.sbss2 .rel.sbss2.* .rel.gnu.linkonce.sb2.*)
 *(.rel.bss .rel.bss.* .rel.gnu.linkonce.b.*)

.rela.dyn       0x0000000048041310       0x6c
 *(.rela.init)
 *(.rela.text .rela.text.* .rela.gnu.linkonce.t.*)
 .rela.text     0x0000000048041310        0x0 C:\Program Files\dSPACE RCPHIL 2016-B\Compiler\QNX650_520\target\qnx6/ppcbe/lib/crt1.o
 *(.rela.fini)
 *(.rela.rodata .rela.rodata.* .rela.gnu.linkonce.r.*)
 .rela.rodata   0x0000000048041310        0x0 C:\Program Files\dSPACE RCPHIL 2016-B\Compiler\QNX650_520\target\qnx6/ppcbe/lib/crt1.o
 *(.rela.data .rela.data.* .rela.gnu.linkonce.d.*)
 *(.rela.tdata .rela.tdata.* .rela.gnu.linkonce.td.*)
 *(.rela.tbss .rela.tbss.* .rela.gnu.linkonce.tb.*)
 *(.rela.ctors)
 *(.rela.dtors)
 *(.rela.got)
 .rela.got      0x0000000048041310       0x48 C:\Program Files\dSPACE RCPHIL 2016-B\Compiler\QNX650_520\target\qnx6/ppcbe/lib/crt1.o
 *(.rela.got1)
 *(.rela.got2)
 *(.rela.sdata .rela.sdata.* .rela.gnu.linkonce.s.*)
 *(.rela.sbss .rela.sbss.* .rela.gnu.linkonce.sb.*)
 .rela.sbss     0x0000000048041358        0x0 C:\Program Files\dSPACE RCPHIL 2016-B\Compiler\QNX650_520\target\qnx6/ppcbe/lib/crt1.o
 *(.rela.sdata2 .rela.sdata2.* .rela.gnu.linkonce.s2.*)
 *(.rela.sbss2 .rela.sbss2.* .rela.gnu.linkonce.sb2.*)
 *(.rela.bss .rela.bss.* .rela.gnu.linkonce.b.*)
 .rela.bss      0x0000000048041358       0x24 C:\Program Files\dSPACE RCPHIL 2016-B\Compiler\QNX650_520\target\qnx6/ppcbe/lib/crt1.o
 .rela.iplt     0x000000004804137c        0x0 C:\Program Files\dSPACE RCPHIL 2016-B\Compiler\QNX650_520\target\qnx6/ppcbe/lib/crt1.o

.rel.plt
 *(.rel.plt)

.rela.plt       0x000000004804137c      0x3b4
 *(.rela.plt)
 .rela.plt      0x000000004804137c      0x3b4 C:\Program Files\dSPACE RCPHIL 2016-B\Compiler\QNX650_520\target\qnx6/ppcbe/lib/crt1.o

.init           0x0000000048041730       0x24
 *(.init)
 .init          0x0000000048041730        0xc C:\Program Files\dSPACE RCPHIL 2016-B\Compiler\QNX650_520\target\qnx6/ppcbe/lib/crti.o
                0x0000000048041730                _init
 .init          0x000000004804173c        0x4 c:/program files/dspace rcphil 2016-b/compiler/qnx650_520/host/win32/x86/usr/bin/../lib/gcc/powerpc-unknown-nto-qnx6.5.0/5.2.0/crtbegin.o
 .init          0x0000000048041740        0x4 c:/program files/dspace rcphil 2016-b/compiler/qnx650_520/host/win32/x86/usr/bin/../lib/gcc/powerpc-unknown-nto-qnx6.5.0/5.2.0/crtend.o
 .init          0x0000000048041744       0x10 C:\Program Files\dSPACE RCPHIL 2016-B\Compiler\QNX650_520\target\qnx6/ppcbe/lib/crtn.o

.text           0x0000000048041760     0x252c
                0x0000000048041760                _btext = .
 *(.text .stub .text.* .gnu.linkonce.t.*)
 .text          0x0000000048041760      0x118 C:\Program Files\dSPACE RCPHIL 2016-B\Compiler\QNX650_520\target\qnx6/ppcbe/lib/crt1.o
                0x0000000048041760                _start
 .text          0x0000000048041878        0x0 C:\Program Files\dSPACE RCPHIL 2016-B\Compiler\QNX650_520\target\qnx6/ppcbe/lib/crti.o
 .text          0x0000000048041878      0x2b0 c:/program files/dspace rcphil 2016-b/compiler/qnx650_520/host/win32/x86/usr/bin/../lib/gcc/powerpc-unknown-nto-qnx6.5.0/5.2.0/crtbegin.o
 *fill*         0x0000000048041b28        0x8 00000000
 .text          0x0000000048041b30      0x6ec laufkatze_teach_weg.o07
                0x0000000048041b30                laufkatze_teach_weg_output
                0x0000000048041fd0                laufkatze_teach_weg_update
                0x0000000048042080                laufkatze_teach_weg_initialize
                0x00000000480421a0                laufkatze_teach_weg_terminate
 .text          0x000000004804221c        0x0 laufkatze_teach_weg_data.o07
 .text          0x000000004804221c       0x94 laufkatze_teach_weg_trc_ptr.o07
                0x000000004804227c                laufkatze_teach_weg_rti_init_trc_pointers
 .text          0x00000000480422b0       0x5c rtGetInf.o07
                0x00000000480422b0                rtGetInf
                0x00000000480422d0                rtGetInfF
                0x00000000480422e0                rtGetMinusInf
                0x0000000048042300                rtGetMinusInfF
 *fill*         0x000000004804230c        0x4 00000000
 .text          0x0000000048042310       0x3c rtGetNaN.o07
                0x0000000048042310                rtGetNaN
                0x0000000048042340                rtGetNaNF
 *fill*         0x000000004804234c        0x4 00000000
 .text          0x0000000048042350       0xf4 rt_nonfinite.o07
                0x0000000048042350                rt_InitInfAndNaN
                0x00000000480423b0                rtIsInf
                0x00000000480423e0                rtIsInfF
                0x0000000048042410                rtIsNaN
                0x0000000048042430                rtIsNaNF
 *fill*         0x0000000048042444        0xc 00000000
 .text          0x0000000048042450      0x504 rti_sim_engine.o07
                0x00000000480428e0                rtk_idle_function
                0x00000000480428f0                rti_th_timertask1_trigger_source
                0x0000000048042940                initConditions
                0x0000000048042950                initVariables
 *fill*         0x0000000048042954        0xc 00000000
 .text.startup  0x0000000048042960      0x718 rti_sim_engine.o07
                0x0000000048042960                main
 *fill*         0x0000000048043078        0x8 00000000
 .text          0x0000000048043080       0x40 rti_init_c.o07
                0x0000000048043080                rti_init
 .text          0x00000000480430c0       0x44 rt_sim.o07
                0x00000000480430c0                rt_SimInitTimingEngine
                0x00000000480430f0                rt_SimGetNextSampleHit
                0x0000000048043100                rt_SimUpdateDiscreteTaskSampleHits
 *fill*         0x0000000048043104        0xc 00000000
 .text          0x0000000048043110       0xd4 rti_assert.o07
                0x0000000048043110                rti_assertion_handler
                0x00000000480431a0                rti_assertion_mode_msg
 .text          0x00000000480431e4        0x0 C:\Program Files\dSPACE RCPHIL 2016-B\DS1202\Lib/librtversion.a(RtVersion.o)
 *fill*         0x00000000480431e4        0xc 00000000
 .text          0x00000000480431f0        0x4 C:\Program Files\dSPACE RCPHIL 2016-B\DS1202\Lib/librtglobals.a(DsEESPort.o)
                0x00000000480431f0                DsEesPort_init()
 .text          0x00000000480431f4       0x20 C:\Program Files\dSPACE RCPHIL 2016-B\DS1202\Lib/libm_fastpow.a(w_pow.o)
                0x00000000480431f4                pow
 .text          0x0000000048043214      0x85c C:\Program Files\dSPACE RCPHIL 2016-B\DS1202\Lib/libm_fastpow.a(e_pow.o)
                0x0000000048043214                __ieee754_pow
 .text          0x0000000048043a70      0x188 C:\Program Files\dSPACE RCPHIL 2016-B\DS1202\Lib/libm_fastpow.a(s_scalbn.o)
                0x0000000048043a70                scalbn
 .text          0x0000000048043bf8       0x94 c:/program files/dspace rcphil 2016-b/compiler/qnx650_520/host/win32/x86/usr/bin/../lib/gcc/powerpc-unknown-nto-qnx6.5.0/5.2.0/crtend.o
 .text          0x0000000048043c8c        0x0 C:\Program Files\dSPACE RCPHIL 2016-B\Compiler\QNX650_520\target\qnx6/ppcbe/lib/crtn.o
 *(.gnu.warning)
 *(.glink)
 .glink         0x0000000048043c8c        0x0 C:\Program Files\dSPACE RCPHIL 2016-B\Compiler\QNX650_520\target\qnx6/ppcbe/lib/crt1.o

.fini           0x0000000048043c8c       0x20
 *(.fini)
 .fini          0x0000000048043c8c        0xc C:\Program Files\dSPACE RCPHIL 2016-B\Compiler\QNX650_520\target\qnx6/ppcbe/lib/crti.o
                0x0000000048043c8c                _fini
 .fini          0x0000000048043c98        0x4 c:/program files/dspace rcphil 2016-b/compiler/qnx650_520/host/win32/x86/usr/bin/../lib/gcc/powerpc-unknown-nto-qnx6.5.0/5.2.0/crtbegin.o
 .fini          0x0000000048043c9c       0x10 C:\Program Files\dSPACE RCPHIL 2016-B\Compiler\QNX650_520\target\qnx6/ppcbe/lib/crtn.o
                [!provide]                        PROVIDE (__etext, .)
                0x0000000048043cac                PROVIDE (_etext, .)
                [!provide]                        PROVIDE (etext, .)

.rodata         0x0000000048043cb0      0x510
 *(.rodata .rodata.* .gnu.linkonce.r.*)
 .rodata        0x0000000048043cb0        0x4 laufkatze_teach_weg.o07
                0x0000000048043cb0                laufkatze_teach_weg_M
 .rodata.cst4   0x0000000048043cb4       0x24 laufkatze_teach_weg.o07
 .rodata.cst8   0x0000000048043cd8       0x18 laufkatze_teach_weg.o07
 .rodata.str1.4
                0x0000000048043cf0       0x12 laufkatze_teach_weg.o07
 *fill*         0x0000000048043d02        0x2 
 .rodata.cst4   0x0000000048043d04        0x8 rtGetInf.o07
 .rodata.cst4   0x0000000048043d0c        0x4 rtGetNaN.o07
 .rodata        0x0000000048043d10        0xc rti_sim_engine.o07
                0x0000000048043d10                rtiDataSetStorageEnabled
                0x0000000048043d14                p_dsts_sum_of_reset_time
                0x0000000048043d18                p_msg_last_error_no
 .rodata.cst4   0x0000000048043d1c        0x8 rti_sim_engine.o07
 .rodata.cst8   0x0000000048043d1c        0x8 rti_sim_engine.o07
 .rodata.str1.4
                0x0000000048043d1c      0x268 rti_sim_engine.o07
 .rodata.cst4   0x0000000048043f84        0x4 rt_sim.o07
                                          0x8 (size before relaxing)
 .rodata.str1.4
                0x0000000048043f88       0x71 rt_sim.o07
 *fill*         0x0000000048043ff9        0x3 
 .rodata.str1.4
                0x0000000048043ffc       0x70 rti_assert.o07
                                         0x6d (size before relaxing)
 *fill*         0x000000004804406c        0x4 
 .rodata        0x0000000048044070       0x30 C:\Program Files\dSPACE RCPHIL 2016-B\DS1202\Lib/libm_fastpow.a(e_pow.o)
 .rodata.cst4   0x00000000480440a0        0x8 C:\Program Files\dSPACE RCPHIL 2016-B\DS1202\Lib/libm_fastpow.a(e_pow.o)
 .rodata.cst8   0x00000000480440a8       0xe8 C:\Program Files\dSPACE RCPHIL 2016-B\DS1202\Lib/libm_fastpow.a(e_pow.o)
 .rodata.cst8   0x0000000048044190       0x30 C:\Program Files\dSPACE RCPHIL 2016-B\DS1202\Lib/libm_fastpow.a(s_scalbn.o)

.rodata1
 *(.rodata1)

.sdata2         0x00000000480441c0        0x0
                0x0000000000008000                PROVIDE (_SDA2_BASE_, 0x8000)
 *(.sdata2 .sdata2.* .gnu.linkonce.s2.*)
 .sdata2        0x00000000480441c0        0x0 C:\Program Files\dSPACE RCPHIL 2016-B\Compiler\QNX650_520\target\qnx6/ppcbe/lib/crt1.o

.sbss2
 *(.sbss2 .sbss2.* .gnu.linkonce.sb2.*)

.eh_frame_hdr   0x00000000480441c0       0x14
 *(.eh_frame_hdr)
 .eh_frame_hdr  0x00000000480441c0       0x14 C:\Program Files\dSPACE RCPHIL 2016-B\DS1202\Lib/librtglobals.a(DsEESPort.o)

.eh_frame       0x00000000480441d4       0x2c
 *(.eh_frame)
 .eh_frame      0x00000000480441d4        0x0 C:\Program Files\dSPACE RCPHIL 2016-B\Compiler\QNX650_520\target\qnx6/ppcbe/lib/crt1.o
 .eh_frame      0x00000000480441d4        0x0 c:/program files/dspace rcphil 2016-b/compiler/qnx650_520/host/win32/x86/usr/bin/../lib/gcc/powerpc-unknown-nto-qnx6.5.0/5.2.0/crtbegin.o
 .eh_frame      0x00000000480441d4       0x28 C:\Program Files\dSPACE RCPHIL 2016-B\DS1202\Lib/librtglobals.a(DsEESPort.o)
 .eh_frame      0x00000000480441fc        0x4 c:/program files/dspace rcphil 2016-b/compiler/qnx650_520/host/win32/x86/usr/bin/../lib/gcc/powerpc-unknown-nto-qnx6.5.0/5.2.0/crtend.o

.gcc_except_table
 *(.gcc_except_table .gcc_except_table.*)
                0x0000000048044200                . = (ALIGN (0x1000) - ((0x1000 - .) & 0xfff))
                0x0000000048045200                . = DATA_SEGMENT_ALIGN (0x1000, 0x1000)

.eh_frame
 *(.eh_frame)

.gcc_except_table
 *(.gcc_except_table .gcc_except_table.*)

.tdata
 *(.tdata .tdata.* .gnu.linkonce.td.*)

.tbss
 *(.tbss .tbss.* .gnu.linkonce.tb.*)
 *(.tcommon)

.preinit_array  0x0000000048045200        0x0
                0x0000000048045200                PROVIDE (__preinit_array_start, .)
 *(.preinit_array)
                0x0000000048045200                PROVIDE (__preinit_array_end, .)

.init_array     0x0000000048045200        0x0
                0x0000000048045200                PROVIDE (__init_array_start, .)
 *(SORT(.init_array.*))
 *(.init_array)
                0x0000000048045200                PROVIDE (__init_array_end, .)

.fini_array     0x0000000048045200        0x0
                0x0000000048045200                PROVIDE (__fini_array_start, .)
 *(.fini_array)
 *(SORT(.fini_array.*))
                0x0000000048045200                PROVIDE (__fini_array_end, .)

.ctors          0x0000000048045200        0x8
 *crtbegin.o(.ctors)
 .ctors         0x0000000048045200        0x4 c:/program files/dspace rcphil 2016-b/compiler/qnx650_520/host/win32/x86/usr/bin/../lib/gcc/powerpc-unknown-nto-qnx6.5.0/5.2.0/crtbegin.o
 *crtbegin?.o(.ctors)
 *(EXCLUDE_FILE(*crtend?.o *crtend.o) .ctors)
 *(SORT(.ctors.*))
 *(.ctors)
 .ctors         0x0000000048045204        0x4 c:/program files/dspace rcphil 2016-b/compiler/qnx650_520/host/win32/x86/usr/bin/../lib/gcc/powerpc-unknown-nto-qnx6.5.0/5.2.0/crtend.o

.dtors          0x0000000048045208        0x8
 *crtbegin.o(.dtors)
 .dtors         0x0000000048045208        0x4 c:/program files/dspace rcphil 2016-b/compiler/qnx650_520/host/win32/x86/usr/bin/../lib/gcc/powerpc-unknown-nto-qnx6.5.0/5.2.0/crtbegin.o
 *crtbegin?.o(.dtors)
 *(EXCLUDE_FILE(*crtend?.o *crtend.o) .dtors)
 *(SORT(.dtors.*))
 *(.dtors)
 .dtors         0x000000004804520c        0x4 c:/program files/dspace rcphil 2016-b/compiler/qnx650_520/host/win32/x86/usr/bin/../lib/gcc/powerpc-unknown-nto-qnx6.5.0/5.2.0/crtend.o
                0x000000004804520c                __DTOR_END__

.jcr            0x0000000048045210        0x4
 *(.jcr)
 .jcr           0x0000000048045210        0x0 c:/program files/dspace rcphil 2016-b/compiler/qnx650_520/host/win32/x86/usr/bin/../lib/gcc/powerpc-unknown-nto-qnx6.5.0/5.2.0/crtbegin.o
 .jcr           0x0000000048045210        0x4 c:/program files/dspace rcphil 2016-b/compiler/qnx650_520/host/win32/x86/usr/bin/../lib/gcc/powerpc-unknown-nto-qnx6.5.0/5.2.0/crtend.o

.data.rel.ro
 *(.data.rel.ro.local* .gnu.linkonce.d.rel.ro.local.*)
 *(.data.rel.ro* .gnu.linkonce.d.rel.ro.*)

.fixup
 *(.fixup)

.got1
 *(.got1)

.got2
 *(.got2)

.dynamic        0x0000000048045214      0x128
 *(.dynamic)
 .dynamic       0x0000000048045214      0x128 C:\Program Files\dSPACE RCPHIL 2016-B\Compiler\QNX650_520\target\qnx6/ppcbe/lib/crt1.o
                0x0000000048045214                _DYNAMIC

.got
 *(.got)
                0x000000004804533c                . = DATA_SEGMENT_RELRO_END (., 0x0)

.plt
 *(.plt)

.data           0x0000000048045340       0x70
 *(.data .data.* .gnu.linkonce.d.*)
 .data          0x0000000048045340        0x0 C:\Program Files\dSPACE RCPHIL 2016-B\Compiler\QNX650_520\target\qnx6/ppcbe/lib/crt1.o
 .data          0x0000000048045340        0x0 C:\Program Files\dSPACE RCPHIL 2016-B\Compiler\QNX650_520\target\qnx6/ppcbe/lib/crti.o
 .data          0x0000000048045340        0x0 c:/program files/dspace rcphil 2016-b/compiler/qnx650_520/host/win32/x86/usr/bin/../lib/gcc/powerpc-unknown-nto-qnx6.5.0/5.2.0/crtbegin.o
 .data.rel.local
                0x0000000048045340        0x4 c:/program files/dspace rcphil 2016-b/compiler/qnx650_520/host/win32/x86/usr/bin/../lib/gcc/powerpc-unknown-nto-qnx6.5.0/5.2.0/crtbegin.o
                0x0000000048045340                __dso_handle
 .data          0x0000000048045344        0x0 laufkatze_teach_weg.o07
 *fill*         0x0000000048045344        0x4 
 .data          0x0000000048045348       0x48 laufkatze_teach_weg_data.o07
                0x0000000048045348                laufkatze_teach_weg_P
 .data          0x0000000048045390        0x0 laufkatze_teach_weg_trc_ptr.o07
 .data          0x0000000048045390        0x0 rtGetInf.o07
 .data          0x0000000048045390        0x0 rtGetNaN.o07
 .data          0x0000000048045390        0x0 rt_nonfinite.o07
 .data          0x0000000048045390       0x14 rti_sim_engine.o07
                0x0000000048045390                simState
                0x00000000480453a0                lastSimState
 .data          0x00000000480453a4        0x0 rti_init_c.o07
 .data          0x00000000480453a4        0x0 rt_sim.o07
 .data          0x00000000480453a4        0x0 rti_assert.o07
 .data          0x00000000480453a4        0x0 C:\Program Files\dSPACE RCPHIL 2016-B\DS1202\Lib/librtversion.a(RtVersion.o)
 .data          0x00000000480453a4        0x0 C:\Program Files\dSPACE RCPHIL 2016-B\DS1202\Lib/librtglobals.a(DsEESPort.o)
 .data.rel      0x00000000480453a4        0xc C:\Program Files\dSPACE RCPHIL 2016-B\DS1202\Lib/librtglobals.a(DsEESPort.o)
                0x00000000480453a4                p_xilapi_eesport_errorswitching_uint32_T
                0x00000000480453a8                p_xilapi_eesport_erroractivated_uint32_T
                0x00000000480453ac                p_xilapi_eesport_activeerrorset_uint32_T
 .data          0x00000000480453b0        0x0 C:\Program Files\dSPACE RCPHIL 2016-B\DS1202\Lib/libm_fastpow.a(w_pow.o)
 .data          0x00000000480453b0        0x0 C:\Program Files\dSPACE RCPHIL 2016-B\DS1202\Lib/libm_fastpow.a(e_pow.o)
 .data          0x00000000480453b0        0x0 C:\Program Files\dSPACE RCPHIL 2016-B\DS1202\Lib/libm_fastpow.a(s_scalbn.o)
 .data          0x00000000480453b0        0x0 c:/program files/dspace rcphil 2016-b/compiler/qnx650_520/host/win32/x86/usr/bin/../lib/gcc/powerpc-unknown-nto-qnx6.5.0/5.2.0/crtend.o
 .data          0x00000000480453b0        0x0 C:\Program Files\dSPACE RCPHIL 2016-B\Compiler\QNX650_520\target\qnx6/ppcbe/lib/crtn.o

.tm_clone_table
                0x00000000480453b0        0x0
 .tm_clone_table
                0x00000000480453b0        0x0 c:/program files/dspace rcphil 2016-b/compiler/qnx650_520/host/win32/x86/usr/bin/../lib/gcc/powerpc-unknown-nto-qnx6.5.0/5.2.0/crtbegin.o
 .tm_clone_table
                0x00000000480453b0        0x0 c:/program files/dspace rcphil 2016-b/compiler/qnx650_520/host/win32/x86/usr/bin/../lib/gcc/powerpc-unknown-nto-qnx6.5.0/5.2.0/crtend.o

.data1
 *(.data1)

.got            0x00000000480453b0       0x54
 *(.got)
 .got           0x00000000480453b0       0x54 C:\Program Files\dSPACE RCPHIL 2016-B\Compiler\QNX650_520\target\qnx6/ppcbe/lib/crt1.o
                0x00000000480453f8                _GLOBAL_OFFSET_TABLE_

.sdata          0x0000000048045404        0x0
                0x0000000000008000                PROVIDE (_SDA_BASE_, 0x8000)
 *(.sdata .sdata.* .gnu.linkonce.s.*)
 .sdata         0x0000000048045404        0x0 C:\Program Files\dSPACE RCPHIL 2016-B\Compiler\QNX650_520\target\qnx6/ppcbe/lib/crt1.o
                0x0000000048045404                _edata = .
                [!provide]                        PROVIDE (edata, .)
                0x0000000048045404                __bss_start = .

.sbss           0x0000000048045404        0x0
                [!provide]                        PROVIDE (__sbss_start, .)
                [!provide]                        PROVIDE (___sbss_start, .)
 *(.dynsbss)
 .dynsbss       0x0000000048045404        0x0 C:\Program Files\dSPACE RCPHIL 2016-B\Compiler\QNX650_520\target\qnx6/ppcbe/lib/crt1.o
 *(.sbss .sbss.* .gnu.linkonce.sb.*)
 *(.scommon)
                [!provide]                        PROVIDE (__sbss_end, .)
                [!provide]                        PROVIDE (___sbss_end, .)

.plt            0x0000000048045404      0x3fc
 *(.plt)
 .plt           0x0000000048045404      0x3fc C:\Program Files\dSPACE RCPHIL 2016-B\Compiler\QNX650_520\target\qnx6/ppcbe/lib/crt1.o
                0x000000004804544c                ts_reset
                0x0000000048045454                __register_frame_info
                0x000000004804545c                msg_error_clear
                0x0000000048045464                AdcCl1AnalogIn_read
                0x000000004804546c                dsrtt_set_current_time
                0x0000000048045474                sqrt
                0x000000004804547c                rtk_current_task_absolute_time_ptr_get
                0x0000000048045484                DsTimeSync_simstateRun
                0x000000004804548c                DacCl1AnalogOut_create
                0x0000000048045494                rtk_setup_temp_overrun_handling
                0x000000004804549c                rtk_reset_tasks
                0x00000000480454a4                __cxa_finalize
                0x00000000480454ac                _init_array
                0x00000000480454b4                rtk_set_task_type
                0x00000000480454bc                DsTimeSync_baserate
                0x00000000480454c4                rtk_task_name_set
                0x00000000480454cc                DacCl1AnalogOut_apply
                0x00000000480454d4                dsrtt_script_service_post_computation
                0x00000000480454dc                rtk_create_task
                0x00000000480454e4                msg_warning_printf
                0x00000000480454ec                msg_last_error_number
                0x00000000480454f4                AdcCl1AnalogIn_setConversTrigger
                0x00000000480454fc                dsparam_copy_data_set
                0x0000000048045504                SrtkPreload_preloadRegion
                0x000000004804550c                msg_error_set
                0x0000000048045514                rtk_enable_services
                0x000000004804551c                SrtkDaq_Init
                0x0000000048045524                rtk_task_task_calls_get
                0x000000004804552c                DsTimeSync_setCurrentTimePtr
                0x0000000048045534                SrtkIntBase_enableIntGlobal
                0x000000004804553c                DacCl1AnalogOut_write
                0x0000000048045544                AdcCl1AnalogIn_setConversionMode
                0x000000004804554c                rtk_overrun_flag_clear
                0x0000000048045554                rtk_bind_interrupt
                0x000000004804555c                DacCl1AnalogOut_stop
                0x0000000048045564                AdcCl1AnalogIn_apply
                0x000000004804556c                _init_libc
                0x0000000048045574                dsrtt_init
                0x000000004804557c                AdcCl1AnalogIn_write
                0x0000000048045584                SrtkApp_terminate
                0x000000004804558c                AdcCl1AnalogIn_isDataReady
                0x0000000048045594                msg_info_set
                0x000000004804559c                SensorSupply_create
                0x00000000480455a4                dsrtt_script_service_pre_computation
                0x00000000480455ac                DacCl1AnalogOut_start
                0x00000000480455b4                msg_error_printf
                0x00000000480455bc                memset
                0x00000000480455c4                rtk_leave_idle_mode
                0x00000000480455cc                __wrap_exit
                0x00000000480455d4                __wrap_atexit
                0x00000000480455dc                DacCl1AnalogOut_setOutputValue
                0x00000000480455e4                AdcCl1AnalogIn_start
                0x00000000480455ec                _fini_array
                0x00000000480455f4                SensorSupply_setVoltage
                0x00000000480455fc                SrtkDaq_Background
                0x0000000048045604                _preinit_array
                0x000000004804560c                SrtkApp_init
                0x0000000048045614                SrtkDaq_Service
                0x000000004804561c                rtk_task_task_name_get
                0x0000000048045624                AdcCl1AnalogIn_setConversSwTrigger
                0x000000004804562c                SrtkSim_notifyStateTransition
                0x0000000048045634                AdcCl1AnalogIn_getSingleValue
                0x000000004804563c                msg_set
                0x0000000048045644                SensorSupply_apply
                0x000000004804564c                rtk_get_subentry
                0x0000000048045654                dsrtt_set_step_size
                0x000000004804565c                rtk_enter_idle_mode
                0x0000000048045664                rtk_initialize
                0x000000004804566c                DacCl1AnalogOut_setOutputHighZ
                0x0000000048045674                SensorSupply_setSensorState
                0x000000004804567c                SensorSupply_start
                0x0000000048045684                SrtkApp_background
                0x000000004804568c                rtk_default_overrun_fcn
                0x0000000048045694                AdcCl1AnalogIn_create
                0x000000004804569c                vcm_module_register
                0x00000000480456a4                DsTimeSync_simstateStop
                0x00000000480456ac                SrtkIntBase_disableIntGlobal
                0x00000000480456b4                SrtkSim_registerState
                0x00000000480456bc                __deregister_frame_info

.bss            0x0000000048045800      0x30c
 *(.dynbss)
 .dynbss        0x0000000048045800       0x14 C:\Program Files\dSPACE RCPHIL 2016-B\Compiler\QNX650_520\target\qnx6/ppcbe/lib/crt1.o
                0x0000000048045800                errno
                0x0000000048045808                dsts_sum_of_reseted_time
                0x0000000048045810                msg_last_error_no
 *(.bss .bss.* .gnu.linkonce.b.*)
 .bss           0x0000000048045814        0x0 C:\Program Files\dSPACE RCPHIL 2016-B\Compiler\QNX650_520\target\qnx6/ppcbe/lib/crt1.o
 .bss           0x0000000048045814        0x0 C:\Program Files\dSPACE RCPHIL 2016-B\Compiler\QNX650_520\target\qnx6/ppcbe/lib/crti.o
 .bss           0x0000000048045814       0x20 c:/program files/dspace rcphil 2016-b/compiler/qnx650_520/host/win32/x86/usr/bin/../lib/gcc/powerpc-unknown-nto-qnx6.5.0/5.2.0/crtbegin.o
 *fill*         0x0000000048045834        0x4 
 .bss           0x0000000048045838      0x230 laufkatze_teach_weg.o07
                0x0000000048045838                laufkatze_teach_weg_B
                0x0000000048045890                laufkatze_teach_weg_M_
                0x00000000480459c8                laufkatze_teach_weg_DW
 .bss           0x0000000048045a68        0x0 laufkatze_teach_weg_data.o07
 .bss           0x0000000048045a68       0x10 laufkatze_teach_weg_trc_ptr.o07
                0x0000000048045a68                p_0_laufkatze_teach_weg_real_T_0
                0x0000000048045a6c                p_1_laufkatze_teach_weg_real_T_0
                0x0000000048045a70                p_2_laufkatze_teach_weg_real_T_1
                0x0000000048045a74                p_2_laufkatze_teach_weg_boolean_T_3
 .bss           0x0000000048045a78        0x0 rtGetInf.o07
 .bss           0x0000000048045a78        0x0 rtGetNaN.o07
 .bss           0x0000000048045a78       0x2c rt_nonfinite.o07
                0x0000000048045a78                rtNaN
                0x0000000048045a80                rtNaNF
                0x0000000048045a88                rtInf
                0x0000000048045a90                rtInfF
                0x0000000048045a98                rtMinusInf
                0x0000000048045aa0                rtMinusInfF
 *fill*         0x0000000048045aa4        0x4 
 .bss           0x0000000048045aa8       0x4c rti_sim_engine.o07
                0x0000000048045aa8                currentTime
                0x0000000048045aac                finalTime
                0x0000000048045ab0                modelStepSize
                0x0000000048045ab8                pRTIDacC1AnalogOut_Ch_1
                0x0000000048045abc                pRTIDacC1AnalogOut_Ch_4
                0x0000000048045ac0                pRTIAdcC1AnalogIn_Ch_3
                0x0000000048045ac4                pRTIAdcC1AnalogIn_Ch_1
                0x0000000048045ac8                pRTI_Sensor_Supply
                0x0000000048045acc                pRti_TIMERA_STime
                0x0000000048045ad0                pRti_TIMERA_TTime
                0x0000000048045ad4                pRti_TIMERA_TState
                0x0000000048045ad8                pRti_TIMERA_OType
                0x0000000048045adc                pRti_TIMERA_OMax
                0x0000000048045ae0                pRti_TIMERA_ORpt
                0x0000000048045ae4                pRti_TIMERA_OCnt
                0x0000000048045ae8                pRti_TIMERA_TCnt
                0x0000000048045aec                pRti_TIMERA_Prio
                0x0000000048045af0                rtiAssertionMode
 .bss           0x0000000048045af4        0x4 rti_init_c.o07
 .bss           0x0000000048045af8        0x0 rt_sim.o07
 .bss           0x0000000048045af8        0x0 rti_assert.o07
 .bss           0x0000000048045af8        0x0 C:\Program Files\dSPACE RCPHIL 2016-B\DS1202\Lib/librtversion.a(RtVersion.o)
 .bss           0x0000000048045af8       0x14 C:\Program Files\dSPACE RCPHIL 2016-B\DS1202\Lib/librtglobals.a(DsEESPort.o)
                0x0000000048045af8                xilapi_eesport_trigger_uint32_T
                0x0000000048045afc                xilapi_eesport_flags_uint32_T
                0x0000000048045b00                xilapi_eesport_errorswitching_uint32_T
                0x0000000048045b04                xilapi_eesport_erroractivated_uint32_T
                0x0000000048045b08                xilapi_eesport_activeerrorset_uint32_T
 .bss           0x0000000048045b0c        0x0 C:\Program Files\dSPACE RCPHIL 2016-B\DS1202\Lib/libm_fastpow.a(w_pow.o)
 .bss           0x0000000048045b0c        0x0 C:\Program Files\dSPACE RCPHIL 2016-B\DS1202\Lib/libm_fastpow.a(e_pow.o)
 .bss           0x0000000048045b0c        0x0 C:\Program Files\dSPACE RCPHIL 2016-B\DS1202\Lib/libm_fastpow.a(s_scalbn.o)
 .bss           0x0000000048045b0c        0x0 c:/program files/dspace rcphil 2016-b/compiler/qnx650_520/host/win32/x86/usr/bin/../lib/gcc/powerpc-unknown-nto-qnx6.5.0/5.2.0/crtend.o
 .bss           0x0000000048045b0c        0x0 C:\Program Files\dSPACE RCPHIL 2016-B\Compiler\QNX650_520\target\qnx6/ppcbe/lib/crtn.o
 *(COMMON)
                0x0000000048045b0c                . = ALIGN ((. != 0x0)?0x4:0x1)

.iplt           0x0000000048045b10        0x0
 .iplt          0x0000000048045b10        0x0 C:\Program Files\dSPACE RCPHIL 2016-B\Compiler\QNX650_520\target\qnx6/ppcbe/lib/crt1.o
                0x0000000048045b10                . = ALIGN (0x4)
                0x0000000048045b10                . = ALIGN (0x4)
                0x0000000048045b10                __end = .
                0x0000000048045b10                _end = .
                [!provide]                        PROVIDE (end, .)
                0x0000000048045b10                . = DATA_SEGMENT_END (.)

.stab
 *(.stab)

.stabstr
 *(.stabstr)

.stab.excl
 *(.stab.excl)

.stab.exclstr
 *(.stab.exclstr)

.stab.index
 *(.stab.index)

.stab.indexstr
 *(.stab.indexstr)

.comment        0x0000000000000000       0x47
 *(.comment)
 .comment       0x0000000000000000       0x11 c:/program files/dspace rcphil 2016-b/compiler/qnx650_520/host/win32/x86/usr/bin/../lib/gcc/powerpc-unknown-nto-qnx6.5.0/5.2.0/crtbegin.o
                                         0x12 (size before relaxing)
 .comment       0x0000000000000011       0x12 laufkatze_teach_weg.o07
 .comment       0x0000000000000011       0x12 laufkatze_teach_weg_data.o07
 .comment       0x0000000000000011       0x12 laufkatze_teach_weg_trc_ptr.o07
 .comment       0x0000000000000011       0x12 rtGetInf.o07
 .comment       0x0000000000000011       0x12 rtGetNaN.o07
 .comment       0x0000000000000011       0x12 rt_nonfinite.o07
 .comment       0x0000000000000011       0x12 rti_sim_engine.o07
 .comment       0x0000000000000011       0x12 rti_init_c.o07
 .comment       0x0000000000000011       0x12 rt_sim.o07
 .comment       0x0000000000000011       0x12 rti_assert.o07
 .comment       0x0000000000000011       0x12 C:\Program Files\dSPACE RCPHIL 2016-B\DS1202\Lib/librtversion.a(RtVersion.o)
 .comment       0x0000000000000011       0x12 C:\Program Files\dSPACE RCPHIL 2016-B\DS1202\Lib/librtglobals.a(DsEESPort.o)
 .comment       0x0000000000000011       0x12 C:\Program Files\dSPACE RCPHIL 2016-B\DS1202\Lib/libm_fastpow.a(w_pow.o)
 .comment       0x0000000000000023       0x12 C:\Program Files\dSPACE RCPHIL 2016-B\DS1202\Lib/libm_fastpow.a(e_pow.o)
 .comment       0x0000000000000035       0x12 C:\Program Files\dSPACE RCPHIL 2016-B\DS1202\Lib/libm_fastpow.a(s_scalbn.o)
 .comment       0x0000000000000047       0x12 c:/program files/dspace rcphil 2016-b/compiler/qnx650_520/host/win32/x86/usr/bin/../lib/gcc/powerpc-unknown-nto-qnx6.5.0/5.2.0/crtend.o

.debug
 *(.debug)

.line
 *(.line)

.debug_srcinfo
 *(.debug_srcinfo)

.debug_sfnames
 *(.debug_sfnames)

.debug_aranges
 *(.debug_aranges)

.debug_pubnames
 *(.debug_pubnames)

.debug_info
 *(.debug_info .gnu.linkonce.wi.*)

.debug_abbrev
 *(.debug_abbrev)

.debug_line
 *(.debug_line)

.debug_frame
 *(.debug_frame)

.debug_str
 *(.debug_str)

.debug_loc
 *(.debug_loc)

.debug_macinfo
 *(.debug_macinfo)

.debug_weaknames
 *(.debug_weaknames)

.debug_funcnames
 *(.debug_funcnames)

.debug_typenames
 *(.debug_typenames)

.debug_varnames
 *(.debug_varnames)

.debug_pubtypes
 *(.debug_pubtypes)

.debug_ranges
 *(.debug_ranges)

.gnu.attributes
                0x0000000000000000       0x14
 *(.gnu.attributes)
 .gnu.attributes
                0x0000000000000000       0x10 laufkatze_teach_weg.o07
 .gnu.attributes
                0x0000000000000010       0x10 rtGetInf.o07
 .gnu.attributes
                0x0000000000000020       0x10 rtGetNaN.o07
 .gnu.attributes
                0x0000000000000030       0x10 rt_nonfinite.o07
 .gnu.attributes
                0x0000000000000040       0x10 rti_sim_engine.o07
 .gnu.attributes
                0x0000000000000050       0x10 rt_sim.o07
 .gnu.attributes
                0x0000000000000060       0x10 rti_assert.o07
 .gnu.attributes
                0x0000000000000070       0x14 C:\Program Files\dSPACE RCPHIL 2016-B\DS1202\Lib/libm_fastpow.a(w_pow.o)
 .gnu.attributes
                0x0000000000000084       0x14 C:\Program Files\dSPACE RCPHIL 2016-B\DS1202\Lib/libm_fastpow.a(e_pow.o)
 .gnu.attributes
                0x0000000000000098       0x14 C:\Program Files\dSPACE RCPHIL 2016-B\DS1202\Lib/libm_fastpow.a(s_scalbn.o)

/DISCARD/
 *(.note.GNU-stack)
 *(.gnu_debuglink)
OUTPUT(laufkatze_teach_weg.ppc elf32-powerpc)
