<*GNU-Linker-generated-mapfile*> 
Archive member included to satisfy reference by file (symbol)

C:\Program Files\dSPACE RCPHIL 2016-B\DS1202\Lib/librtversion.a(RtVersion.o)
                              (--whole-archive)
C:\Program Files\dSPACE RCPHIL 2016-B\DS1202\Lib/librtglobals.a(DsEESPort.o)
                              (--whole-archive)
C:\Program Files\dSPACE RCPHIL 2016-B\DS1202\Lib/libm_fastpow.a(w_pow.o)
                              C:\Program Files\dSPACE RCPHIL 2016-B\DS1202\Lib/libDsRealTimeTestingRP.so (pow)
C:\Program Files\dSPACE RCPHIL 2016-B\DS1202\Lib/libm_fastpow.a(e_pow.o)
                              C:\Program Files\dSPACE RCPHIL 2016-B\DS1202\Lib/libm_fastpow.a(w_pow.o) (__ieee754_pow)
C:\Program Files\dSPACE RCPHIL 2016-B\DS1202\Lib/libm_fastpow.a(s_scalbn.o)
                              C:\Program Files\dSPACE RCPHIL 2016-B\DS1202\Lib/libm_fastpow.a(e_pow.o) (scalbn)

Memory Configuration

Name             Origin             Length             Attributes
*default*        0x0000000000000000 0xffffffffffffffff

Linker script and memory map

LOAD C:\Program Files\dSPACE RCPHIL 2016-B\Compiler\QNX650_520\target\qnx6/ppcbe/lib/crt1.o
LOAD C:\Program Files\dSPACE RCPHIL 2016-B\Compiler\QNX650_520\target\qnx6/ppcbe/lib/crti.o
LOAD c:/program files/dspace rcphil 2016-b/compiler/qnx650_520/host/win32/x86/usr/bin/../lib/gcc/powerpc-unknown-nto-qnx6.5.0/5.2.0/crtbegin.o
                0x0000000000000000                _DSPACE_START = 0x0
                0x0000000000000000                _DSPACE_START_ = 0x0
                0x00000000000004b2                DS_TARGET_PLATFORM = 0x4b2
START GROUP
LOAD test_regler_polbvg_aktoren_sensoren_ansprechen.o07
LOAD rtGetInf.o07
LOAD rtGetNaN.o07
LOAD rt_nonfinite.o07
LOAD test_regler_polbvg_aktoren_sensoren_ansprechen_data.o07
LOAD test_regler_polbvg_aktoren_sensoren_ansprechen_trc_ptr.o07
LOAD rti_sim_engine.o07
LOAD rti_init_c.o07
LOAD rt_sim.o07
LOAD rti_assert.o07
LOAD C:\Program Files\dSPACE RCPHIL 2016-B\DS1202\Lib/librtcan.so
LOAD C:\Program Files\dSPACE RCPHIL 2016-B\DS1202\Lib/librtj1939.so
LOAD C:\Program Files\dSPACE RCPHIL 2016-B\DS1202\Lib/librtser.so
LOAD C:\Program Files\dSPACE RCPHIL 2016-B\DS1202\Lib/librt13xxio.so
LOAD C:\Program Files\dSPACE RCPHIL 2016-B\DS1202\Lib/libDsRealTimeTestingRP.so
LOAD C:\Program Files\dSPACE RCPHIL 2016-B\DS1202\Lib/libDsXcpRP.so
LOAD C:\Program Files\dSPACE RCPHIL 2016-B\DS1202\Lib/libDsXcpComm.so
LOAD C:\Program Files\dSPACE RCPHIL 2016-B\DS1202\Lib/libDsFixedSizeFifo.so
LOAD C:\Program Files\dSPACE RCPHIL 2016-B\DS1202\Lib/libDsNvDataRP.so
LOAD C:\Program Files\dSPACE RCPHIL 2016-B\DS1202\Lib/libDsNVDataCommon.so
LOAD C:\Program Files\dSPACE RCPHIL 2016-B\DS1202\Lib/librt1202.so
LOAD C:\Program Files\dSPACE RCPHIL 2016-B\DS1202\Lib/librtwrap.so
LOAD C:\Program Files\dSPACE RCPHIL 2016-B\DS1202\Lib/librtversion.a
LOAD C:\Program Files\dSPACE RCPHIL 2016-B\DS1202\Lib/librtglobals.a
LOAD C:\Program Files\dSPACE RCPHIL 2016-B\DS1202\Lib/libm_fastpow.a
END GROUP
LOAD C:\Program Files\dSPACE RCPHIL 2016-B\DS1202\Lib/libstdc++.so
LOAD C:\Program Files\dSPACE RCPHIL 2016-B\Compiler\QNX650_520\target\qnx6/ppcbe/lib/libm.so
LOAD c:/program files/dspace rcphil 2016-b/compiler/qnx650_520/host/win32/x86/usr/bin/../lib/gcc/powerpc-unknown-nto-qnx6.5.0/5.2.0\libgcc.a
LOAD C:\Program Files\dSPACE RCPHIL 2016-B\Compiler\QNX650_520\target\qnx6/ppcbe/lib/libc.so
LOAD C:\Program Files\dSPACE RCPHIL 2016-B\Compiler\QNX650_520\target\qnx6/ppcbe/lib\libc.a
LOAD c:/program files/dspace rcphil 2016-b/compiler/qnx650_520/host/win32/x86/usr/bin/../lib/gcc/powerpc-unknown-nto-qnx6.5.0/5.2.0\libgcc.a
LOAD c:/program files/dspace rcphil 2016-b/compiler/qnx650_520/host/win32/x86/usr/bin/../lib/gcc/powerpc-unknown-nto-qnx6.5.0/5.2.0/crtend.o
LOAD C:\Program Files\dSPACE RCPHIL 2016-B\Compiler\QNX650_520\target\qnx6/ppcbe/lib/crtn.o
                [!provide]                        PROVIDE (__stack, 0x0)
                [!provide]                        PROVIDE (___stack, 0x0)
                [!provide]                        PROVIDE (__executable_start, 0x48040000)
                0x0000000048040134                . = (0x48040000 + SIZEOF_HEADERS)

.interp         0x0000000048040134       0x14
 *(.interp)
 .interp        0x0000000048040134       0x14 C:\Program Files\dSPACE RCPHIL 2016-B\Compiler\QNX650_520\target\qnx6/ppcbe/lib/crt1.o

.note           0x0000000048040150       0x18
 .note          0x0000000048040150       0x18 C:\Program Files\dSPACE RCPHIL 2016-B\Compiler\QNX650_520\target\qnx6/ppcbe/lib/crtn.o

.note.gnu.build-id
                0x0000000048040168       0x20
 *(.note.gnu.build-id)
 .note.gnu.build-id
                0x0000000048040168       0x20 C:\Program Files\dSPACE RCPHIL 2016-B\Compiler\QNX650_520\target\qnx6/ppcbe/lib/crt1.o

.hash           0x0000000048040188      0x358
 *(.hash)
 .hash          0x0000000048040188      0x358 C:\Program Files\dSPACE RCPHIL 2016-B\Compiler\QNX650_520\target\qnx6/ppcbe/lib/crt1.o

.gnu.hash
 *(.gnu.hash)

.dynsym         0x00000000480404e0      0x730
 *(.dynsym)
 .dynsym        0x00000000480404e0      0x730 C:\Program Files\dSPACE RCPHIL 2016-B\Compiler\QNX650_520\target\qnx6/ppcbe/lib/crt1.o

.dynstr         0x0000000048040c10      0xa08
 *(.dynstr)
 .dynstr        0x0000000048040c10      0xa08 C:\Program Files\dSPACE RCPHIL 2016-B\Compiler\QNX650_520\target\qnx6/ppcbe/lib/crt1.o

.gnu.version    0x0000000048041618        0x0
 *(.gnu.version)
 .gnu.version   0x0000000048041618        0x0 C:\Program Files\dSPACE RCPHIL 2016-B\Compiler\QNX650_520\target\qnx6/ppcbe/lib/crt1.o

.gnu.version_d  0x0000000048041618        0x0
 *(.gnu.version_d)
 .gnu.version_d
                0x0000000048041618        0x0 C:\Program Files\dSPACE RCPHIL 2016-B\Compiler\QNX650_520\target\qnx6/ppcbe/lib/crt1.o

.gnu.version_r  0x0000000048041618        0x0
 *(.gnu.version_r)
 .gnu.version_r
                0x0000000048041618        0x0 C:\Program Files\dSPACE RCPHIL 2016-B\Compiler\QNX650_520\target\qnx6/ppcbe/lib/crt1.o

.rel.dyn
 *(.rel.init)
 *(.rel.text .rel.text.* .rel.gnu.linkonce.t.*)
 *(.rel.fini)
 *(.rel.rodata .rel.rodata.* .rel.gnu.linkonce.r.*)
 *(.rel.data.rel.ro* .rel.gnu.linkonce.d.rel.ro.*)
 *(.rel.data .rel.data.* .rel.gnu.linkonce.d.*)
 *(.rel.tdata .rel.tdata.* .rel.gnu.linkonce.td.*)
 *(.rel.tbss .rel.tbss.* .rel.gnu.linkonce.tb.*)
 *(.rel.ctors)
 *(.rel.dtors)
 *(.rel.got)
 *(.rel.sdata .rel.sdata.* .rel.gnu.linkonce.s.*)
 *(.rel.sbss .rel.sbss.* .rel.gnu.linkonce.sb.*)
 *(.rel.sdata2 .rel.sdata2.* .rel.gnu.linkonce.s2.*)
 *(.rel.sbss2 .rel.sbss2.* .rel.gnu.linkonce.sb2.*)
 *(.rel.bss .rel.bss.* .rel.gnu.linkonce.b.*)

.rela.dyn       0x0000000048041618       0x6c
 *(.rela.init)
 *(.rela.text .rela.text.* .rela.gnu.linkonce.t.*)
 .rela.text     0x0000000048041618        0x0 C:\Program Files\dSPACE RCPHIL 2016-B\Compiler\QNX650_520\target\qnx6/ppcbe/lib/crt1.o
 *(.rela.fini)
 *(.rela.rodata .rela.rodata.* .rela.gnu.linkonce.r.*)
 .rela.rodata   0x0000000048041618        0x0 C:\Program Files\dSPACE RCPHIL 2016-B\Compiler\QNX650_520\target\qnx6/ppcbe/lib/crt1.o
 *(.rela.data .rela.data.* .rela.gnu.linkonce.d.*)
 *(.rela.tdata .rela.tdata.* .rela.gnu.linkonce.td.*)
 *(.rela.tbss .rela.tbss.* .rela.gnu.linkonce.tb.*)
 *(.rela.ctors)
 *(.rela.dtors)
 *(.rela.got)
 .rela.got      0x0000000048041618       0x48 C:\Program Files\dSPACE RCPHIL 2016-B\Compiler\QNX650_520\target\qnx6/ppcbe/lib/crt1.o
 *(.rela.got1)
 *(.rela.got2)
 *(.rela.sdata .rela.sdata.* .rela.gnu.linkonce.s.*)
 *(.rela.sbss .rela.sbss.* .rela.gnu.linkonce.sb.*)
 .rela.sbss     0x0000000048041660        0x0 C:\Program Files\dSPACE RCPHIL 2016-B\Compiler\QNX650_520\target\qnx6/ppcbe/lib/crt1.o
 *(.rela.sdata2 .rela.sdata2.* .rela.gnu.linkonce.s2.*)
 *(.rela.sbss2 .rela.sbss2.* .rela.gnu.linkonce.sb2.*)
 *(.rela.bss .rela.bss.* .rela.gnu.linkonce.b.*)
 .rela.bss      0x0000000048041660       0x24 C:\Program Files\dSPACE RCPHIL 2016-B\Compiler\QNX650_520\target\qnx6/ppcbe/lib/crt1.o
 .rela.iplt     0x0000000048041684        0x0 C:\Program Files\dSPACE RCPHIL 2016-B\Compiler\QNX650_520\target\qnx6/ppcbe/lib/crt1.o

.rel.plt
 *(.rel.plt)

.rela.plt       0x0000000048041684      0x480
 *(.rela.plt)
 .rela.plt      0x0000000048041684      0x480 C:\Program Files\dSPACE RCPHIL 2016-B\Compiler\QNX650_520\target\qnx6/ppcbe/lib/crt1.o

.init           0x0000000048041b04       0x24
 *(.init)
 .init          0x0000000048041b04        0xc C:\Program Files\dSPACE RCPHIL 2016-B\Compiler\QNX650_520\target\qnx6/ppcbe/lib/crti.o
                0x0000000048041b04                _init
 .init          0x0000000048041b10        0x4 c:/program files/dspace rcphil 2016-b/compiler/qnx650_520/host/win32/x86/usr/bin/../lib/gcc/powerpc-unknown-nto-qnx6.5.0/5.2.0/crtbegin.o
 .init          0x0000000048041b14        0x4 c:/program files/dspace rcphil 2016-b/compiler/qnx650_520/host/win32/x86/usr/bin/../lib/gcc/powerpc-unknown-nto-qnx6.5.0/5.2.0/crtend.o
 .init          0x0000000048041b18       0x10 C:\Program Files\dSPACE RCPHIL 2016-B\Compiler\QNX650_520\target\qnx6/ppcbe/lib/crtn.o

.text           0x0000000048041b30     0x55ec
                0x0000000048041b30                _btext = .
 *(.text .stub .text.* .gnu.linkonce.t.*)
 .text          0x0000000048041b30      0x118 C:\Program Files\dSPACE RCPHIL 2016-B\Compiler\QNX650_520\target\qnx6/ppcbe/lib/crt1.o
                0x0000000048041b30                _start
 .text          0x0000000048041c48        0x0 C:\Program Files\dSPACE RCPHIL 2016-B\Compiler\QNX650_520\target\qnx6/ppcbe/lib/crti.o
 .text          0x0000000048041c48      0x2b0 c:/program files/dspace rcphil 2016-b/compiler/qnx650_520/host/win32/x86/usr/bin/../lib/gcc/powerpc-unknown-nto-qnx6.5.0/5.2.0/crtbegin.o
 *fill*         0x0000000048041ef8        0x8 00000000
 .text          0x0000000048041f00     0x3320 test_regler_polbvg_aktoren_sensoren_ansprechen.o07
                0x0000000048042670                test_reg_IfActionSubsystem_Init
                0x0000000048042680                test_regler_p_IfActionSubsystem
                0x0000000048042690                test_regler_po_regler_on2_Start
                0x00000000480426b0                test_regler_polbvg_a_regler_on2
                0x00000000480426d0                test_regler_pol_regler_on2_Term
                0x00000000480426f0                test_regler_polbvg_aktoren_sensoren_ansprechen_output
                0x0000000048044770                test_regler_polbvg_aktoren_sensoren_ansprechen_derivatives
                0x0000000048044840                test_regler_polbvg_aktoren_sensoren_ansprechen_update
                0x00000000480449e0                test_regler_polbvg_aktoren_sensoren_ansprechen_initialize
                0x0000000048044f90                test_regler_polbvg_aktoren_sensoren_ansprechen_terminate
 .text          0x0000000048045220       0x5c rtGetInf.o07
                0x0000000048045220                rtGetInf
                0x0000000048045240                rtGetInfF
                0x0000000048045250                rtGetMinusInf
                0x0000000048045270                rtGetMinusInfF
 *fill*         0x000000004804527c        0x4 00000000
 .text          0x0000000048045280       0x3c rtGetNaN.o07
                0x0000000048045280                rtGetNaN
                0x00000000480452b0                rtGetNaNF
 *fill*         0x00000000480452bc        0x4 00000000
 .text          0x00000000480452c0       0xf4 rt_nonfinite.o07
                0x00000000480452c0                rt_InitInfAndNaN
                0x0000000048045320                rtIsInf
                0x0000000048045350                rtIsInfF
                0x0000000048045380                rtIsNaN
                0x00000000480453a0                rtIsNaNF
 .text          0x00000000480453b4        0x0 test_regler_polbvg_aktoren_sensoren_ansprechen_data.o07
 .text          0x00000000480453b4      0x214 test_regler_polbvg_aktoren_sensoren_ansprechen_trc_ptr.o07
                0x0000000048045594                test_regler_polbvg_aktoren_sensoren_ansprechen_rti_init_trc_pointers
 *fill*         0x00000000480455c8        0x8 00000000
 .text          0x00000000480455d0      0x604 rti_sim_engine.o07
                0x0000000048045b60                rtk_idle_function
                0x0000000048045b70                rti_th_timertask1_trigger_source
                0x0000000048045bc0                initConditions
                0x0000000048045bd0                initVariables
 *fill*         0x0000000048045bd4        0xc 00000000
 .text.startup  0x0000000048045be0      0x930 rti_sim_engine.o07
                0x0000000048045be0                main
 .text          0x0000000048046510       0x40 rti_init_c.o07
                0x0000000048046510                rti_init
 .text          0x0000000048046550       0x44 rt_sim.o07
                0x0000000048046550                rt_SimInitTimingEngine
                0x0000000048046580                rt_SimGetNextSampleHit
                0x0000000048046590                rt_SimUpdateDiscreteTaskSampleHits
 *fill*         0x0000000048046594        0xc 00000000
 .text          0x00000000480465a0       0xd4 rti_assert.o07
                0x00000000480465a0                rti_assertion_handler
                0x0000000048046630                rti_assertion_mode_msg
 .text          0x0000000048046674        0x0 C:\Program Files\dSPACE RCPHIL 2016-B\DS1202\Lib/librtversion.a(RtVersion.o)
 *fill*         0x0000000048046674        0xc 00000000
 .text          0x0000000048046680        0x4 C:\Program Files\dSPACE RCPHIL 2016-B\DS1202\Lib/librtglobals.a(DsEESPort.o)
                0x0000000048046680                DsEesPort_init()
 .text          0x0000000048046684       0x20 C:\Program Files\dSPACE RCPHIL 2016-B\DS1202\Lib/libm_fastpow.a(w_pow.o)
                0x0000000048046684                pow
 .text          0x00000000480466a4      0x85c C:\Program Files\dSPACE RCPHIL 2016-B\DS1202\Lib/libm_fastpow.a(e_pow.o)
                0x00000000480466a4                __ieee754_pow
 .text          0x0000000048046f00      0x188 C:\Program Files\dSPACE RCPHIL 2016-B\DS1202\Lib/libm_fastpow.a(s_scalbn.o)
                0x0000000048046f00                scalbn
 .text          0x0000000048047088       0x94 c:/program files/dspace rcphil 2016-b/compiler/qnx650_520/host/win32/x86/usr/bin/../lib/gcc/powerpc-unknown-nto-qnx6.5.0/5.2.0/crtend.o
 .text          0x000000004804711c        0x0 C:\Program Files\dSPACE RCPHIL 2016-B\Compiler\QNX650_520\target\qnx6/ppcbe/lib/crtn.o
 *(.gnu.warning)
 *(.glink)
 .glink         0x000000004804711c        0x0 C:\Program Files\dSPACE RCPHIL 2016-B\Compiler\QNX650_520\target\qnx6/ppcbe/lib/crt1.o

.fini           0x000000004804711c       0x20
 *(.fini)
 .fini          0x000000004804711c        0xc C:\Program Files\dSPACE RCPHIL 2016-B\Compiler\QNX650_520\target\qnx6/ppcbe/lib/crti.o
                0x000000004804711c                _fini
 .fini          0x0000000048047128        0x4 c:/program files/dspace rcphil 2016-b/compiler/qnx650_520/host/win32/x86/usr/bin/../lib/gcc/powerpc-unknown-nto-qnx6.5.0/5.2.0/crtbegin.o
 .fini          0x000000004804712c       0x10 C:\Program Files\dSPACE RCPHIL 2016-B\Compiler\QNX650_520\target\qnx6/ppcbe/lib/crtn.o
                [!provide]                        PROVIDE (__etext, .)
                0x000000004804713c                PROVIDE (_etext, .)
                [!provide]                        PROVIDE (etext, .)

.rodata         0x0000000048047140      0x5c0
 *(.rodata .rodata.* .gnu.linkonce.r.*)
 .rodata        0x0000000048047140       0x18 test_regler_polbvg_aktoren_sensoren_ansprechen.o07
                0x0000000048047154                test_regler_polbvg_aktoren_s_M
 .rodata.cst4   0x0000000048047158       0x54 test_regler_polbvg_aktoren_sensoren_ansprechen.o07
 *fill*         0x00000000480471ac        0x4 
 .rodata.cst8   0x00000000480471b0       0x60 test_regler_polbvg_aktoren_sensoren_ansprechen.o07
 .rodata.str1.4
                0x0000000048047210        0x5 test_regler_polbvg_aktoren_sensoren_ansprechen.o07
 *fill*         0x0000000048047215        0x3 
 .rodata.cst4   0x0000000048047218        0x8 rtGetInf.o07
 .rodata.cst4   0x0000000048047220        0x4 rtGetNaN.o07
 .rodata        0x0000000048047224        0xc rti_sim_engine.o07
                0x0000000048047224                rtiDataSetStorageEnabled
                0x0000000048047228                p_dsts_sum_of_reset_time
                0x000000004804722c                p_msg_last_error_no
 .rodata.cst4   0x0000000048047230       0x10 rti_sim_engine.o07
 .rodata.cst8   0x0000000048047240        0x8 rti_sim_engine.o07
 .rodata.str1.4
                0x0000000048047240      0x284 rti_sim_engine.o07
 .rodata.cst4   0x00000000480474c4        0x4 rt_sim.o07
                                          0x8 (size before relaxing)
 .rodata.str1.4
                0x00000000480474c8       0x71 rt_sim.o07
 *fill*         0x0000000048047539        0x3 
 .rodata.str1.4
                0x000000004804753c       0x70 rti_assert.o07
                                         0x6d (size before relaxing)
 *fill*         0x00000000480475ac        0x4 
 .rodata        0x00000000480475b0       0x30 C:\Program Files\dSPACE RCPHIL 2016-B\DS1202\Lib/libm_fastpow.a(e_pow.o)
 .rodata.cst4   0x00000000480475e0        0x8 C:\Program Files\dSPACE RCPHIL 2016-B\DS1202\Lib/libm_fastpow.a(e_pow.o)
 .rodata.cst8   0x00000000480475e8       0xe8 C:\Program Files\dSPACE RCPHIL 2016-B\DS1202\Lib/libm_fastpow.a(e_pow.o)
 .rodata.cst8   0x00000000480476d0       0x30 C:\Program Files\dSPACE RCPHIL 2016-B\DS1202\Lib/libm_fastpow.a(s_scalbn.o)

.rodata1
 *(.rodata1)

.sdata2         0x0000000048047700        0x0
                0x0000000000008000                PROVIDE (_SDA2_BASE_, 0x8000)
 *(.sdata2 .sdata2.* .gnu.linkonce.s2.*)
 .sdata2        0x0000000048047700        0x0 C:\Program Files\dSPACE RCPHIL 2016-B\Compiler\QNX650_520\target\qnx6/ppcbe/lib/crt1.o

.sbss2
 *(.sbss2 .sbss2.* .gnu.linkonce.sb2.*)

.eh_frame_hdr   0x0000000048047700       0x14
 *(.eh_frame_hdr)
 .eh_frame_hdr  0x0000000048047700       0x14 C:\Program Files\dSPACE RCPHIL 2016-B\DS1202\Lib/librtglobals.a(DsEESPort.o)

.eh_frame       0x0000000048047714       0x2c
 *(.eh_frame)
 .eh_frame      0x0000000048047714        0x0 C:\Program Files\dSPACE RCPHIL 2016-B\Compiler\QNX650_520\target\qnx6/ppcbe/lib/crt1.o
 .eh_frame      0x0000000048047714        0x0 c:/program files/dspace rcphil 2016-b/compiler/qnx650_520/host/win32/x86/usr/bin/../lib/gcc/powerpc-unknown-nto-qnx6.5.0/5.2.0/crtbegin.o
 .eh_frame      0x0000000048047714       0x28 C:\Program Files\dSPACE RCPHIL 2016-B\DS1202\Lib/librtglobals.a(DsEESPort.o)
 .eh_frame      0x000000004804773c        0x4 c:/program files/dspace rcphil 2016-b/compiler/qnx650_520/host/win32/x86/usr/bin/../lib/gcc/powerpc-unknown-nto-qnx6.5.0/5.2.0/crtend.o

.gcc_except_table
 *(.gcc_except_table .gcc_except_table.*)
                0x0000000048047740                . = (ALIGN (0x1000) - ((0x1000 - .) & 0xfff))
                0x0000000048048000                . = DATA_SEGMENT_ALIGN (0x1000, 0x1000)

.eh_frame
 *(.eh_frame)

.gcc_except_table
 *(.gcc_except_table .gcc_except_table.*)

.tdata
 *(.tdata .tdata.* .gnu.linkonce.td.*)

.tbss
 *(.tbss .tbss.* .gnu.linkonce.tb.*)
 *(.tcommon)

.preinit_array  0x0000000048048000        0x0
                0x0000000048048000                PROVIDE (__preinit_array_start, .)
 *(.preinit_array)
                0x0000000048048000                PROVIDE (__preinit_array_end, .)

.init_array     0x0000000048048000        0x0
                0x0000000048048000                PROVIDE (__init_array_start, .)
 *(SORT(.init_array.*))
 *(.init_array)
                0x0000000048048000                PROVIDE (__init_array_end, .)

.fini_array     0x0000000048048000        0x0
                0x0000000048048000                PROVIDE (__fini_array_start, .)
 *(.fini_array)
 *(SORT(.fini_array.*))
                0x0000000048048000                PROVIDE (__fini_array_end, .)

.ctors          0x0000000048048000        0x8
 *crtbegin.o(.ctors)
 .ctors         0x0000000048048000        0x4 c:/program files/dspace rcphil 2016-b/compiler/qnx650_520/host/win32/x86/usr/bin/../lib/gcc/powerpc-unknown-nto-qnx6.5.0/5.2.0/crtbegin.o
 *crtbegin?.o(.ctors)
 *(EXCLUDE_FILE(*crtend?.o *crtend.o) .ctors)
 *(SORT(.ctors.*))
 *(.ctors)
 .ctors         0x0000000048048004        0x4 c:/program files/dspace rcphil 2016-b/compiler/qnx650_520/host/win32/x86/usr/bin/../lib/gcc/powerpc-unknown-nto-qnx6.5.0/5.2.0/crtend.o

.dtors          0x0000000048048008        0x8
 *crtbegin.o(.dtors)
 .dtors         0x0000000048048008        0x4 c:/program files/dspace rcphil 2016-b/compiler/qnx650_520/host/win32/x86/usr/bin/../lib/gcc/powerpc-unknown-nto-qnx6.5.0/5.2.0/crtbegin.o
 *crtbegin?.o(.dtors)
 *(EXCLUDE_FILE(*crtend?.o *crtend.o) .dtors)
 *(SORT(.dtors.*))
 *(.dtors)
 .dtors         0x000000004804800c        0x4 c:/program files/dspace rcphil 2016-b/compiler/qnx650_520/host/win32/x86/usr/bin/../lib/gcc/powerpc-unknown-nto-qnx6.5.0/5.2.0/crtend.o
                0x000000004804800c                __DTOR_END__

.jcr            0x0000000048048010        0x4
 *(.jcr)
 .jcr           0x0000000048048010        0x0 c:/program files/dspace rcphil 2016-b/compiler/qnx650_520/host/win32/x86/usr/bin/../lib/gcc/powerpc-unknown-nto-qnx6.5.0/5.2.0/crtbegin.o
 .jcr           0x0000000048048010        0x4 c:/program files/dspace rcphil 2016-b/compiler/qnx650_520/host/win32/x86/usr/bin/../lib/gcc/powerpc-unknown-nto-qnx6.5.0/5.2.0/crtend.o

.data.rel.ro
 *(.data.rel.ro.local* .gnu.linkonce.d.rel.ro.local.*)
 *(.data.rel.ro* .gnu.linkonce.d.rel.ro.*)

.fixup
 *(.fixup)

.got1
 *(.got1)

.got2
 *(.got2)

.dynamic        0x0000000048048014      0x128
 *(.dynamic)
 .dynamic       0x0000000048048014      0x128 C:\Program Files\dSPACE RCPHIL 2016-B\Compiler\QNX650_520\target\qnx6/ppcbe/lib/crt1.o
                0x0000000048048014                _DYNAMIC

.got
 *(.got)
                0x000000004804813c                . = DATA_SEGMENT_RELRO_END (., 0x0)

.plt
 *(.plt)

.data           0x0000000048048140      0xf08
 *(.data .data.* .gnu.linkonce.d.*)
 .data          0x0000000048048140        0x0 C:\Program Files\dSPACE RCPHIL 2016-B\Compiler\QNX650_520\target\qnx6/ppcbe/lib/crt1.o
 .data          0x0000000048048140        0x0 C:\Program Files\dSPACE RCPHIL 2016-B\Compiler\QNX650_520\target\qnx6/ppcbe/lib/crti.o
 .data          0x0000000048048140        0x0 c:/program files/dspace rcphil 2016-b/compiler/qnx650_520/host/win32/x86/usr/bin/../lib/gcc/powerpc-unknown-nto-qnx6.5.0/5.2.0/crtbegin.o
 .data.rel.local
                0x0000000048048140        0x4 c:/program files/dspace rcphil 2016-b/compiler/qnx650_520/host/win32/x86/usr/bin/../lib/gcc/powerpc-unknown-nto-qnx6.5.0/5.2.0/crtbegin.o
                0x0000000048048140                __dso_handle
 .data          0x0000000048048144        0x0 test_regler_polbvg_aktoren_sensoren_ansprechen.o07
 .data          0x0000000048048144        0x0 rtGetInf.o07
 .data          0x0000000048048144        0x0 rtGetNaN.o07
 .data          0x0000000048048144        0x0 rt_nonfinite.o07
 *fill*         0x0000000048048144        0x4 
 .data          0x0000000048048148      0xee0 test_regler_polbvg_aktoren_sensoren_ansprechen_data.o07
                0x0000000048048148                test_regler_polbvg_aktoren_se_P
 .data          0x0000000048049028        0x0 test_regler_polbvg_aktoren_sensoren_ansprechen_trc_ptr.o07
 .data          0x0000000048049028       0x14 rti_sim_engine.o07
                0x0000000048049028                simState
                0x0000000048049038                lastSimState
 .data          0x000000004804903c        0x0 rti_init_c.o07
 .data          0x000000004804903c        0x0 rt_sim.o07
 .data          0x000000004804903c        0x0 rti_assert.o07
 .data          0x000000004804903c        0x0 C:\Program Files\dSPACE RCPHIL 2016-B\DS1202\Lib/librtversion.a(RtVersion.o)
 .data          0x000000004804903c        0x0 C:\Program Files\dSPACE RCPHIL 2016-B\DS1202\Lib/librtglobals.a(DsEESPort.o)
 .data.rel      0x000000004804903c        0xc C:\Program Files\dSPACE RCPHIL 2016-B\DS1202\Lib/librtglobals.a(DsEESPort.o)
                0x000000004804903c                p_xilapi_eesport_errorswitching_uint32_T
                0x0000000048049040                p_xilapi_eesport_erroractivated_uint32_T
                0x0000000048049044                p_xilapi_eesport_activeerrorset_uint32_T
 .data          0x0000000048049048        0x0 C:\Program Files\dSPACE RCPHIL 2016-B\DS1202\Lib/libm_fastpow.a(w_pow.o)
 .data          0x0000000048049048        0x0 C:\Program Files\dSPACE RCPHIL 2016-B\DS1202\Lib/libm_fastpow.a(e_pow.o)
 .data          0x0000000048049048        0x0 C:\Program Files\dSPACE RCPHIL 2016-B\DS1202\Lib/libm_fastpow.a(s_scalbn.o)
 .data          0x0000000048049048        0x0 c:/program files/dspace rcphil 2016-b/compiler/qnx650_520/host/win32/x86/usr/bin/../lib/gcc/powerpc-unknown-nto-qnx6.5.0/5.2.0/crtend.o
 .data          0x0000000048049048        0x0 C:\Program Files\dSPACE RCPHIL 2016-B\Compiler\QNX650_520\target\qnx6/ppcbe/lib/crtn.o

.tm_clone_table
                0x0000000048049048        0x0
 .tm_clone_table
                0x0000000048049048        0x0 c:/program files/dspace rcphil 2016-b/compiler/qnx650_520/host/win32/x86/usr/bin/../lib/gcc/powerpc-unknown-nto-qnx6.5.0/5.2.0/crtbegin.o
 .tm_clone_table
                0x0000000048049048        0x0 c:/program files/dspace rcphil 2016-b/compiler/qnx650_520/host/win32/x86/usr/bin/../lib/gcc/powerpc-unknown-nto-qnx6.5.0/5.2.0/crtend.o

.data1
 *(.data1)

.got            0x0000000048049048       0x54
 *(.got)
 .got           0x0000000048049048       0x54 C:\Program Files\dSPACE RCPHIL 2016-B\Compiler\QNX650_520\target\qnx6/ppcbe/lib/crt1.o
                0x0000000048049090                _GLOBAL_OFFSET_TABLE_

.sdata          0x000000004804909c        0x0
                0x0000000000008000                PROVIDE (_SDA_BASE_, 0x8000)
 *(.sdata .sdata.* .gnu.linkonce.s.*)
 .sdata         0x000000004804909c        0x0 C:\Program Files\dSPACE RCPHIL 2016-B\Compiler\QNX650_520\target\qnx6/ppcbe/lib/crt1.o
                0x000000004804909c                _edata = .
                [!provide]                        PROVIDE (edata, .)
                0x000000004804909c                __bss_start = .

.sbss           0x000000004804909c        0x0
                [!provide]                        PROVIDE (__sbss_start, .)
                [!provide]                        PROVIDE (___sbss_start, .)
 *(.dynsbss)
 .dynsbss       0x000000004804909c        0x0 C:\Program Files\dSPACE RCPHIL 2016-B\Compiler\QNX650_520\target\qnx6/ppcbe/lib/crt1.o
 *(.sbss .sbss.* .gnu.linkonce.sb.*)
 *(.scommon)
                [!provide]                        PROVIDE (__sbss_end, .)
                [!provide]                        PROVIDE (___sbss_end, .)

.plt            0x000000004804909c      0x4c8
 *(.plt)
 .plt           0x000000004804909c      0x4c8 C:\Program Files\dSPACE RCPHIL 2016-B\Compiler\QNX650_520\target\qnx6/ppcbe/lib/crt1.o
                0x00000000480490e4                ts_reset
                0x00000000480490ec                __register_frame_info
                0x00000000480490f4                DioCl2EncoderIn_create
                0x00000000480490fc                msg_error_clear
                0x0000000048049104                AdcCl1AnalogIn_read
                0x000000004804910c                dsrtt_set_current_time
                0x0000000048049114                sqrt
                0x000000004804911c                DioCl2EncoderIn_read
                0x0000000048049124                rtk_current_task_absolute_time_ptr_get
                0x000000004804912c                DsTimeSync_simstateRun
                0x0000000048049134                DacCl1AnalogOut_create
                0x000000004804913c                DioCl2EncoderIn_setEncPosition
                0x0000000048049144                DioCl2EncoderIn_stop
                0x000000004804914c                memcpy
                0x0000000048049154                rtk_setup_temp_overrun_handling
                0x000000004804915c                DioCl2EncoderIn_setIndexMode
                0x0000000048049164                rtk_reset_tasks
                0x000000004804916c                __cxa_finalize
                0x0000000048049174                _init_array
                0x000000004804917c                rtk_set_task_type
                0x0000000048049184                DsTimeSync_baserate
                0x000000004804918c                rtk_task_name_set
                0x0000000048049194                DacCl1AnalogOut_apply
                0x000000004804919c                dsrtt_script_service_post_computation
                0x00000000480491a4                rtk_create_task
                0x00000000480491ac                msg_warning_printf
                0x00000000480491b4                msg_last_error_number
                0x00000000480491bc                DioCl2EncoderIn_start
                0x00000000480491c4                AdcCl1AnalogIn_setConversTrigger
                0x00000000480491cc                dsparam_copy_data_set
                0x00000000480491d4                SrtkPreload_preloadRegion
                0x00000000480491dc                DioCl2EncoderIn_getMechVelocity
                0x00000000480491e4                msg_error_set
                0x00000000480491ec                asin
                0x00000000480491f4                rtk_enable_services
                0x00000000480491fc                SrtkDaq_Init
                0x0000000048049204                rtk_task_task_calls_get
                0x000000004804920c                DsTimeSync_setCurrentTimePtr
                0x0000000048049214                SrtkIntBase_enableIntGlobal
                0x000000004804921c                DacCl1AnalogOut_write
                0x0000000048049224                AdcCl1AnalogIn_setConversionMode
                0x000000004804922c                rtk_overrun_flag_clear
                0x0000000048049234                rtk_bind_interrupt
                0x000000004804923c                DacCl1AnalogOut_stop
                0x0000000048049244                AdcCl1AnalogIn_apply
                0x000000004804924c                _init_libc
                0x0000000048049254                DioCl2EncoderIn_setGatedMode
                0x000000004804925c                dsrtt_init
                0x0000000048049264                AdcCl1AnalogIn_write
                0x000000004804926c                SrtkApp_terminate
                0x0000000048049274                DioCl2EncoderIn_setMaxPosition
                0x000000004804927c                DioCl2EncoderIn_setMinPosition
                0x0000000048049284                DioCl2EncoderIn_getMechPosition
                0x000000004804928c                AdcCl1AnalogIn_isDataReady
                0x0000000048049294                msg_info_set
                0x000000004804929c                SensorSupply_create
                0x00000000480492a4                dsrtt_script_service_pre_computation
                0x00000000480492ac                DacCl1AnalogOut_start
                0x00000000480492b4                msg_error_printf
                0x00000000480492bc                memset
                0x00000000480492c4                _Sin
                0x00000000480492cc                rtk_leave_idle_mode
                0x00000000480492d4                __wrap_exit
                0x00000000480492dc                __wrap_atexit
                0x00000000480492e4                DioCl2EncoderIn_setMeasurementInterval
                0x00000000480492ec                DacCl1AnalogOut_setOutputValue
                0x00000000480492f4                AdcCl1AnalogIn_start
                0x00000000480492fc                _fini_array
                0x0000000048049304                SensorSupply_setVoltage
                0x000000004804930c                SrtkDaq_Background
                0x0000000048049314                _preinit_array
                0x000000004804931c                SrtkApp_init
                0x0000000048049324                SrtkDaq_Service
                0x000000004804932c                rtk_task_task_name_get
                0x0000000048049334                AdcCl1AnalogIn_setConversSwTrigger
                0x000000004804933c                SrtkSim_notifyStateTransition
                0x0000000048049344                AdcCl1AnalogIn_getSingleValue
                0x000000004804934c                DioCl2EncoderIn_apply
                0x0000000048049354                msg_set
                0x000000004804935c                SensorSupply_apply
                0x0000000048049364                rtk_get_subentry
                0x000000004804936c                dsrtt_set_step_size
                0x0000000048049374                rtk_enter_idle_mode
                0x000000004804937c                rtk_initialize
                0x0000000048049384                DacCl1AnalogOut_setOutputHighZ
                0x000000004804938c                DioCl2EncoderIn_setEncoderLines
                0x0000000048049394                SensorSupply_setSensorState
                0x000000004804939c                SensorSupply_start
                0x00000000480493a4                SrtkApp_background
                0x00000000480493ac                rtk_default_overrun_fcn
                0x00000000480493b4                AdcCl1AnalogIn_create
                0x00000000480493bc                vcm_module_register
                0x00000000480493c4                DsTimeSync_simstateStop
                0x00000000480493cc                SrtkIntBase_disableIntGlobal
                0x00000000480493d4                SrtkSim_registerState
                0x00000000480493dc                __deregister_frame_info

.bss            0x0000000048049568     0x38c8
 *(.dynbss)
 .dynbss        0x0000000048049568       0x14 C:\Program Files\dSPACE RCPHIL 2016-B\Compiler\QNX650_520\target\qnx6/ppcbe/lib/crt1.o
                0x0000000048049568                errno
                0x0000000048049570                dsts_sum_of_reseted_time
                0x0000000048049578                msg_last_error_no
 *(.bss .bss.* .gnu.linkonce.b.*)
 .bss           0x000000004804957c        0x0 C:\Program Files\dSPACE RCPHIL 2016-B\Compiler\QNX650_520\target\qnx6/ppcbe/lib/crt1.o
 .bss           0x000000004804957c        0x0 C:\Program Files\dSPACE RCPHIL 2016-B\Compiler\QNX650_520\target\qnx6/ppcbe/lib/crti.o
 .bss           0x000000004804957c       0x20 c:/program files/dspace rcphil 2016-b/compiler/qnx650_520/host/win32/x86/usr/bin/../lib/gcc/powerpc-unknown-nto-qnx6.5.0/5.2.0/crtbegin.o
 *fill*         0x000000004804959c        0x4 
 .bss           0x00000000480495a0     0x377d test_regler_polbvg_aktoren_sensoren_ansprechen.o07
                0x00000000480495a0                test_regler_polbvg_aktoren_s_DW
                0x000000004804b6e0                test_regler_polbvg_aktoren_s_M_
                0x000000004804b9b8                test_regler_polbvg_aktoren_se_B
                0x000000004804cba0                test_regler_polbvg_aktoren_se_X
                0x000000004804cd18                test_regler_polbvg_akto_PrevZCX
 .bss           0x000000004804cd1d        0x0 rtGetInf.o07
 .bss           0x000000004804cd1d        0x0 rtGetNaN.o07
 *fill*         0x000000004804cd1d        0x3 
 .bss           0x000000004804cd20       0x2c rt_nonfinite.o07
                0x000000004804cd20                rtNaN
                0x000000004804cd28                rtNaNF
                0x000000004804cd30                rtInf
                0x000000004804cd38                rtInfF
                0x000000004804cd40                rtMinusInf
                0x000000004804cd48                rtMinusInfF
 .bss           0x000000004804cd4c        0x0 test_regler_polbvg_aktoren_sensoren_ansprechen_data.o07
 .bss           0x000000004804cd4c       0x70 test_regler_polbvg_aktoren_sensoren_ansprechen_trc_ptr.o07
                0x000000004804cd4c                p_0_test_regler_polbvg_aktoren_sensoren_ansprechen_real_T_0
                0x000000004804cd50                p_0_test_regler_polbvg_aktoren_sensoren_ansprechen_real32_T_1
                0x000000004804cd54                p_0_test_regler_polbvg_aktoren_sensoren_ansprechen_boolean_T_2
                0x000000004804cd58                p_0_test_regler_polbvg_aktoren_sensoren_ansprechen_real_T_3
                0x000000004804cd5c                p_0_test_regler_polbvg_aktoren_sensoren_ansprechen_real_T_4
                0x000000004804cd60                p_0_test_regler_polbvg_aktoren_sensoren_ansprechen_real_T_5
                0x000000004804cd64                p_0_test_regler_polbvg_aktoren_sensoren_ansprechen_real_T_6
                0x000000004804cd68                p_0_test_regler_polbvg_aktoren_sensoren_ansprechen_real_T_7
                0x000000004804cd6c                p_1_test_regler_polbvg_aktoren_sensoren_ansprechen_struct_Uq2ZZGZsGHdIt1p08F6KYD_0
                0x000000004804cd70                p_1_test_regler_polbvg_aktoren_sensoren_ansprechen_real_T_1
                0x000000004804cd74                p_1_test_regler_polbvg_aktoren_sensoren_ansprechen_struct_V3XwXYNi6dhvgEezMVGCoF_2
                0x000000004804cd78                p_1_test_regler_polbvg_aktoren_sensoren_ansprechen_real_T_3
                0x000000004804cd7c                p_1_test_regler_polbvg_aktoren_sensoren_ansprechen_real32_T_4
                0x000000004804cd80                p_1_test_regler_polbvg_aktoren_sensoren_ansprechen_int32_T_5
                0x000000004804cd84                p_1_test_regler_polbvg_aktoren_sensoren_ansprechen_uint32_T_6
                0x000000004804cd88                p_1_test_regler_polbvg_aktoren_sensoren_ansprechen_uint16_T_7
                0x000000004804cd8c                p_1_test_regler_polbvg_aktoren_sensoren_ansprechen_uint8_T_8
                0x000000004804cd90                p_1_test_regler_polbvg_aktoren_sensoren_ansprechen_boolean_T_9
                0x000000004804cd94                p_1_test_regler_polbvg_aktoren_sensoren_ansprechen_real_T_10
                0x000000004804cd98                p_1_test_regler_polbvg_aktoren_sensoren_ansprechen_real_T_11
                0x000000004804cd9c                p_2_test_regler_polbvg_aktoren_sensoren_ansprechen_real_T_2
                0x000000004804cda0                p_2_test_regler_polbvg_aktoren_sensoren_ansprechen_int_T_5
                0x000000004804cda4                p_2_test_regler_polbvg_aktoren_sensoren_ansprechen_int8_T_6
                0x000000004804cda8                p_2_test_regler_polbvg_aktoren_sensoren_ansprechen_boolean_T_7
                0x000000004804cdac                p_2_test_regler_polbvg_aktoren_sensoren_ansprechen_boolean_T_10
                0x000000004804cdb0                p_2_test_regler_polbvg_aktoren_sensoren_ansprechen_boolean_T_13
                0x000000004804cdb4                p_2_test_regler_polbvg_aktoren_sensoren_ansprechen_boolean_T_16
                0x000000004804cdb8                p_3_test_regler_polbvg_aktoren_sensoren_ansprechen_real_T_0
 *fill*         0x000000004804cdbc        0x4 
 .bss           0x000000004804cdc0       0x58 rti_sim_engine.o07
                0x000000004804cdc0                currentTime
                0x000000004804cdc4                finalTime
                0x000000004804cdc8                modelStepSize
                0x000000004804cdd0                pRTIDacC1AnalogOut_Ch_2
                0x000000004804cdd4                pRTIDacC1AnalogOut_Ch_3
                0x000000004804cdd8                pRTIEmcEncoder_Unit_1_DioCl_2_Port_1_Ch1
                0x000000004804cddc                pRTIDacC1AnalogOut_Ch_1
                0x000000004804cde0                pRTIAdcC1AnalogIn_Ch_1
                0x000000004804cde4                pRTIAdcC1AnalogIn_Ch_10
                0x000000004804cde8                pRTIAdcC1AnalogIn_Ch_2
                0x000000004804cdec                pRTI_Sensor_Supply
                0x000000004804cdf0                pRti_TIMERA_STime
                0x000000004804cdf4                pRti_TIMERA_TTime
                0x000000004804cdf8                pRti_TIMERA_TState
                0x000000004804cdfc                pRti_TIMERA_OType
                0x000000004804ce00                pRti_TIMERA_OMax
                0x000000004804ce04                pRti_TIMERA_ORpt
                0x000000004804ce08                pRti_TIMERA_OCnt
                0x000000004804ce0c                pRti_TIMERA_TCnt
                0x000000004804ce10                pRti_TIMERA_Prio
                0x000000004804ce14                rtiAssertionMode
 .bss           0x000000004804ce18        0x4 rti_init_c.o07
 .bss           0x000000004804ce1c        0x0 rt_sim.o07
 .bss           0x000000004804ce1c        0x0 rti_assert.o07
 .bss           0x000000004804ce1c        0x0 C:\Program Files\dSPACE RCPHIL 2016-B\DS1202\Lib/librtversion.a(RtVersion.o)
 .bss           0x000000004804ce1c       0x14 C:\Program Files\dSPACE RCPHIL 2016-B\DS1202\Lib/librtglobals.a(DsEESPort.o)
                0x000000004804ce1c                xilapi_eesport_trigger_uint32_T
                0x000000004804ce20                xilapi_eesport_flags_uint32_T
                0x000000004804ce24                xilapi_eesport_errorswitching_uint32_T
                0x000000004804ce28                xilapi_eesport_erroractivated_uint32_T
                0x000000004804ce2c                xilapi_eesport_activeerrorset_uint32_T
 .bss           0x000000004804ce30        0x0 C:\Program Files\dSPACE RCPHIL 2016-B\DS1202\Lib/libm_fastpow.a(w_pow.o)
 .bss           0x000000004804ce30        0x0 C:\Program Files\dSPACE RCPHIL 2016-B\DS1202\Lib/libm_fastpow.a(e_pow.o)
 .bss           0x000000004804ce30        0x0 C:\Program Files\dSPACE RCPHIL 2016-B\DS1202\Lib/libm_fastpow.a(s_scalbn.o)
 .bss           0x000000004804ce30        0x0 c:/program files/dspace rcphil 2016-b/compiler/qnx650_520/host/win32/x86/usr/bin/../lib/gcc/powerpc-unknown-nto-qnx6.5.0/5.2.0/crtend.o
 .bss           0x000000004804ce30        0x0 C:\Program Files\dSPACE RCPHIL 2016-B\Compiler\QNX650_520\target\qnx6/ppcbe/lib/crtn.o
 *(COMMON)
                0x000000004804ce30                . = ALIGN ((. != 0x0)?0x4:0x1)

.iplt           0x000000004804ce30        0x0
 .iplt          0x000000004804ce30        0x0 C:\Program Files\dSPACE RCPHIL 2016-B\Compiler\QNX650_520\target\qnx6/ppcbe/lib/crt1.o
                0x000000004804ce30                . = ALIGN (0x4)
                0x000000004804ce30                . = ALIGN (0x4)
                0x000000004804ce30                __end = .
                0x000000004804ce30                _end = .
                [!provide]                        PROVIDE (end, .)
                0x000000004804ce30                . = DATA_SEGMENT_END (.)

.stab
 *(.stab)

.stabstr
 *(.stabstr)

.stab.excl
 *(.stab.excl)

.stab.exclstr
 *(.stab.exclstr)

.stab.index
 *(.stab.index)

.stab.indexstr
 *(.stab.indexstr)

.comment        0x0000000000000000       0x47
 *(.comment)
 .comment       0x0000000000000000       0x11 c:/program files/dspace rcphil 2016-b/compiler/qnx650_520/host/win32/x86/usr/bin/../lib/gcc/powerpc-unknown-nto-qnx6.5.0/5.2.0/crtbegin.o
                                         0x12 (size before relaxing)
 .comment       0x0000000000000011       0x12 test_regler_polbvg_aktoren_sensoren_ansprechen.o07
 .comment       0x0000000000000011       0x12 rtGetInf.o07
 .comment       0x0000000000000011       0x12 rtGetNaN.o07
 .comment       0x0000000000000011       0x12 rt_nonfinite.o07
 .comment       0x0000000000000011       0x12 test_regler_polbvg_aktoren_sensoren_ansprechen_data.o07
 .comment       0x0000000000000011       0x12 test_regler_polbvg_aktoren_sensoren_ansprechen_trc_ptr.o07
 .comment       0x0000000000000011       0x12 rti_sim_engine.o07
 .comment       0x0000000000000011       0x12 rti_init_c.o07
 .comment       0x0000000000000011       0x12 rt_sim.o07
 .comment       0x0000000000000011       0x12 rti_assert.o07
 .comment       0x0000000000000011       0x12 C:\Program Files\dSPACE RCPHIL 2016-B\DS1202\Lib/librtversion.a(RtVersion.o)
 .comment       0x0000000000000011       0x12 C:\Program Files\dSPACE RCPHIL 2016-B\DS1202\Lib/librtglobals.a(DsEESPort.o)
 .comment       0x0000000000000011       0x12 C:\Program Files\dSPACE RCPHIL 2016-B\DS1202\Lib/libm_fastpow.a(w_pow.o)
 .comment       0x0000000000000023       0x12 C:\Program Files\dSPACE RCPHIL 2016-B\DS1202\Lib/libm_fastpow.a(e_pow.o)
 .comment       0x0000000000000035       0x12 C:\Program Files\dSPACE RCPHIL 2016-B\DS1202\Lib/libm_fastpow.a(s_scalbn.o)
 .comment       0x0000000000000047       0x12 c:/program files/dspace rcphil 2016-b/compiler/qnx650_520/host/win32/x86/usr/bin/../lib/gcc/powerpc-unknown-nto-qnx6.5.0/5.2.0/crtend.o

.debug
 *(.debug)

.line
 *(.line)

.debug_srcinfo
 *(.debug_srcinfo)

.debug_sfnames
 *(.debug_sfnames)

.debug_aranges
 *(.debug_aranges)

.debug_pubnames
 *(.debug_pubnames)

.debug_info
 *(.debug_info .gnu.linkonce.wi.*)

.debug_abbrev
 *(.debug_abbrev)

.debug_line
 *(.debug_line)

.debug_frame
 *(.debug_frame)

.debug_str
 *(.debug_str)

.debug_loc
 *(.debug_loc)

.debug_macinfo
 *(.debug_macinfo)

.debug_weaknames
 *(.debug_weaknames)

.debug_funcnames
 *(.debug_funcnames)

.debug_typenames
 *(.debug_typenames)

.debug_varnames
 *(.debug_varnames)

.debug_pubtypes
 *(.debug_pubtypes)

.debug_ranges
 *(.debug_ranges)

.gnu.attributes
                0x0000000000000000       0x14
 *(.gnu.attributes)
 .gnu.attributes
                0x0000000000000000       0x10 test_regler_polbvg_aktoren_sensoren_ansprechen.o07
 .gnu.attributes
                0x0000000000000010       0x10 rtGetInf.o07
 .gnu.attributes
                0x0000000000000020       0x10 rtGetNaN.o07
 .gnu.attributes
                0x0000000000000030       0x10 rt_nonfinite.o07
 .gnu.attributes
                0x0000000000000040       0x10 rti_sim_engine.o07
 .gnu.attributes
                0x0000000000000050       0x10 rt_sim.o07
 .gnu.attributes
                0x0000000000000060       0x10 rti_assert.o07
 .gnu.attributes
                0x0000000000000070       0x14 C:\Program Files\dSPACE RCPHIL 2016-B\DS1202\Lib/libm_fastpow.a(w_pow.o)
 .gnu.attributes
                0x0000000000000084       0x14 C:\Program Files\dSPACE RCPHIL 2016-B\DS1202\Lib/libm_fastpow.a(e_pow.o)
 .gnu.attributes
                0x0000000000000098       0x14 C:\Program Files\dSPACE RCPHIL 2016-B\DS1202\Lib/libm_fastpow.a(s_scalbn.o)

/DISCARD/
 *(.note.GNU-stack)
 *(.gnu_debuglink)
OUTPUT(test_regler_polbvg_aktoren_sensoren_ansprechen.ppc elf32-powerpc)
