<*GNU-Linker-generated-mapfile*> 
Archive member included to satisfy reference by file (symbol)

C:\Program Files\dSPACE RCPHIL 2016-B\DS1202\Lib/librtversion.a(RtVersion.o)
                              (--whole-archive)
C:\Program Files\dSPACE RCPHIL 2016-B\DS1202\Lib/librtglobals.a(DsEESPort.o)
                              (--whole-archive)
C:\Program Files\dSPACE RCPHIL 2016-B\DS1202\Lib/libm_fastpow.a(w_pow.o)
                              C:\Program Files\dSPACE RCPHIL 2016-B\DS1202\Lib/libDsRealTimeTestingRP.so (pow)
C:\Program Files\dSPACE RCPHIL 2016-B\DS1202\Lib/libm_fastpow.a(e_pow.o)
                              C:\Program Files\dSPACE RCPHIL 2016-B\DS1202\Lib/libm_fastpow.a(w_pow.o) (__ieee754_pow)
C:\Program Files\dSPACE RCPHIL 2016-B\DS1202\Lib/libm_fastpow.a(s_scalbn.o)
                              C:\Program Files\dSPACE RCPHIL 2016-B\DS1202\Lib/libm_fastpow.a(e_pow.o) (scalbn)

Memory Configuration

Name             Origin             Length             Attributes
*default*        0x0000000000000000 0xffffffffffffffff

Linker script and memory map

LOAD C:\Program Files\dSPACE RCPHIL 2016-B\Compiler\QNX650_520\target\qnx6/ppcbe/lib/crt1.o
LOAD C:\Program Files\dSPACE RCPHIL 2016-B\Compiler\QNX650_520\target\qnx6/ppcbe/lib/crti.o
LOAD c:/program files/dspace rcphil 2016-b/compiler/qnx650_520/host/win32/x86/usr/bin/../lib/gcc/powerpc-unknown-nto-qnx6.5.0/5.2.0/crtbegin.o
                0x0000000000000000                _DSPACE_START = 0x0
                0x0000000000000000                _DSPACE_START_ = 0x0
                0x00000000000004b2                DS_TARGET_PLATFORM = 0x4b2
START GROUP
LOAD RiccatiRegler_Anlage.o07
LOAD RiccatiRegler_Anlage_data.o07
LOAD RiccatiRegler_Anlage_trc_ptr.o07
LOAD rtGetInf.o07
LOAD rtGetNaN.o07
LOAD rt_nonfinite.o07
LOAD rti_sim_engine.o07
LOAD rti_init_c.o07
LOAD rt_sim.o07
LOAD rti_assert.o07
LOAD C:\Program Files\dSPACE RCPHIL 2016-B\DS1202\Lib/librtcan.so
LOAD C:\Program Files\dSPACE RCPHIL 2016-B\DS1202\Lib/librtj1939.so
LOAD C:\Program Files\dSPACE RCPHIL 2016-B\DS1202\Lib/librtser.so
LOAD C:\Program Files\dSPACE RCPHIL 2016-B\DS1202\Lib/librt13xxio.so
LOAD C:\Program Files\dSPACE RCPHIL 2016-B\DS1202\Lib/libDsRealTimeTestingRP.so
LOAD C:\Program Files\dSPACE RCPHIL 2016-B\DS1202\Lib/libDsXcpRP.so
LOAD C:\Program Files\dSPACE RCPHIL 2016-B\DS1202\Lib/libDsXcpComm.so
LOAD C:\Program Files\dSPACE RCPHIL 2016-B\DS1202\Lib/libDsFixedSizeFifo.so
LOAD C:\Program Files\dSPACE RCPHIL 2016-B\DS1202\Lib/libDsNvDataRP.so
LOAD C:\Program Files\dSPACE RCPHIL 2016-B\DS1202\Lib/libDsNVDataCommon.so
LOAD C:\Program Files\dSPACE RCPHIL 2016-B\DS1202\Lib/librt1202.so
LOAD C:\Program Files\dSPACE RCPHIL 2016-B\DS1202\Lib/librtwrap.so
LOAD C:\Program Files\dSPACE RCPHIL 2016-B\DS1202\Lib/librtversion.a
LOAD C:\Program Files\dSPACE RCPHIL 2016-B\DS1202\Lib/librtglobals.a
LOAD C:\Program Files\dSPACE RCPHIL 2016-B\DS1202\Lib/libm_fastpow.a
END GROUP
LOAD C:\Program Files\dSPACE RCPHIL 2016-B\DS1202\Lib/libstdc++.so
LOAD C:\Program Files\dSPACE RCPHIL 2016-B\Compiler\QNX650_520\target\qnx6/ppcbe/lib/libm.so
LOAD c:/program files/dspace rcphil 2016-b/compiler/qnx650_520/host/win32/x86/usr/bin/../lib/gcc/powerpc-unknown-nto-qnx6.5.0/5.2.0\libgcc.a
LOAD C:\Program Files\dSPACE RCPHIL 2016-B\Compiler\QNX650_520\target\qnx6/ppcbe/lib/libc.so
LOAD C:\Program Files\dSPACE RCPHIL 2016-B\Compiler\QNX650_520\target\qnx6/ppcbe/lib\libc.a
LOAD c:/program files/dspace rcphil 2016-b/compiler/qnx650_520/host/win32/x86/usr/bin/../lib/gcc/powerpc-unknown-nto-qnx6.5.0/5.2.0\libgcc.a
LOAD c:/program files/dspace rcphil 2016-b/compiler/qnx650_520/host/win32/x86/usr/bin/../lib/gcc/powerpc-unknown-nto-qnx6.5.0/5.2.0/crtend.o
LOAD C:\Program Files\dSPACE RCPHIL 2016-B\Compiler\QNX650_520\target\qnx6/ppcbe/lib/crtn.o
                [!provide]                        PROVIDE (__stack, 0x0)
                [!provide]                        PROVIDE (___stack, 0x0)
                [!provide]                        PROVIDE (__executable_start, 0x48040000)
                0x0000000048040134                . = (0x48040000 + SIZEOF_HEADERS)

.interp         0x0000000048040134       0x14
 *(.interp)
 .interp        0x0000000048040134       0x14 C:\Program Files\dSPACE RCPHIL 2016-B\Compiler\QNX650_520\target\qnx6/ppcbe/lib/crt1.o

.note           0x0000000048040150       0x18
 .note          0x0000000048040150       0x18 C:\Program Files\dSPACE RCPHIL 2016-B\Compiler\QNX650_520\target\qnx6/ppcbe/lib/crtn.o

.note.gnu.build-id
                0x0000000048040168       0x20
 *(.note.gnu.build-id)
 .note.gnu.build-id
                0x0000000048040168       0x20 C:\Program Files\dSPACE RCPHIL 2016-B\Compiler\QNX650_520\target\qnx6/ppcbe/lib/crt1.o

.hash           0x0000000048040188      0x38c
 *(.hash)
 .hash          0x0000000048040188      0x38c C:\Program Files\dSPACE RCPHIL 2016-B\Compiler\QNX650_520\target\qnx6/ppcbe/lib/crt1.o

.gnu.hash
 *(.gnu.hash)

.dynsym         0x0000000048040514      0x800
 *(.dynsym)
 .dynsym        0x0000000048040514      0x800 C:\Program Files\dSPACE RCPHIL 2016-B\Compiler\QNX650_520\target\qnx6/ppcbe/lib/crt1.o

.dynstr         0x0000000048040d14      0xb27
 *(.dynstr)
 .dynstr        0x0000000048040d14      0xb27 C:\Program Files\dSPACE RCPHIL 2016-B\Compiler\QNX650_520\target\qnx6/ppcbe/lib/crt1.o

.gnu.version    0x000000004804183c        0x0
 *(.gnu.version)
 .gnu.version   0x000000004804183c        0x0 C:\Program Files\dSPACE RCPHIL 2016-B\Compiler\QNX650_520\target\qnx6/ppcbe/lib/crt1.o

.gnu.version_d  0x000000004804183c        0x0
 *(.gnu.version_d)
 .gnu.version_d
                0x000000004804183c        0x0 C:\Program Files\dSPACE RCPHIL 2016-B\Compiler\QNX650_520\target\qnx6/ppcbe/lib/crt1.o

.gnu.version_r  0x000000004804183c        0x0
 *(.gnu.version_r)
 .gnu.version_r
                0x000000004804183c        0x0 C:\Program Files\dSPACE RCPHIL 2016-B\Compiler\QNX650_520\target\qnx6/ppcbe/lib/crt1.o

.rel.dyn
 *(.rel.init)
 *(.rel.text .rel.text.* .rel.gnu.linkonce.t.*)
 *(.rel.fini)
 *(.rel.rodata .rel.rodata.* .rel.gnu.linkonce.r.*)
 *(.rel.data.rel.ro* .rel.gnu.linkonce.d.rel.ro.*)
 *(.rel.data .rel.data.* .rel.gnu.linkonce.d.*)
 *(.rel.tdata .rel.tdata.* .rel.gnu.linkonce.td.*)
 *(.rel.tbss .rel.tbss.* .rel.gnu.linkonce.tb.*)
 *(.rel.ctors)
 *(.rel.dtors)
 *(.rel.got)
 *(.rel.sdata .rel.sdata.* .rel.gnu.linkonce.s.*)
 *(.rel.sbss .rel.sbss.* .rel.gnu.linkonce.sb.*)
 *(.rel.sdata2 .rel.sdata2.* .rel.gnu.linkonce.s2.*)
 *(.rel.sbss2 .rel.sbss2.* .rel.gnu.linkonce.sb2.*)
 *(.rel.bss .rel.bss.* .rel.gnu.linkonce.b.*)

.rela.dyn       0x000000004804183c       0x6c
 *(.rela.init)
 *(.rela.text .rela.text.* .rela.gnu.linkonce.t.*)
 .rela.text     0x000000004804183c        0x0 C:\Program Files\dSPACE RCPHIL 2016-B\Compiler\QNX650_520\target\qnx6/ppcbe/lib/crt1.o
 *(.rela.fini)
 *(.rela.rodata .rela.rodata.* .rela.gnu.linkonce.r.*)
 .rela.rodata   0x000000004804183c        0x0 C:\Program Files\dSPACE RCPHIL 2016-B\Compiler\QNX650_520\target\qnx6/ppcbe/lib/crt1.o
 *(.rela.data .rela.data.* .rela.gnu.linkonce.d.*)
 *(.rela.tdata .rela.tdata.* .rela.gnu.linkonce.td.*)
 *(.rela.tbss .rela.tbss.* .rela.gnu.linkonce.tb.*)
 *(.rela.ctors)
 *(.rela.dtors)
 *(.rela.got)
 .rela.got      0x000000004804183c       0x48 C:\Program Files\dSPACE RCPHIL 2016-B\Compiler\QNX650_520\target\qnx6/ppcbe/lib/crt1.o
 *(.rela.got1)
 *(.rela.got2)
 *(.rela.sdata .rela.sdata.* .rela.gnu.linkonce.s.*)
 *(.rela.sbss .rela.sbss.* .rela.gnu.linkonce.sb.*)
 .rela.sbss     0x0000000048041884        0x0 C:\Program Files\dSPACE RCPHIL 2016-B\Compiler\QNX650_520\target\qnx6/ppcbe/lib/crt1.o
 *(.rela.sdata2 .rela.sdata2.* .rela.gnu.linkonce.s2.*)
 *(.rela.sbss2 .rela.sbss2.* .rela.gnu.linkonce.sb2.*)
 *(.rela.bss .rela.bss.* .rela.gnu.linkonce.b.*)
 .rela.bss      0x0000000048041884       0x24 C:\Program Files\dSPACE RCPHIL 2016-B\Compiler\QNX650_520\target\qnx6/ppcbe/lib/crt1.o
 .rela.iplt     0x00000000480418a8        0x0 C:\Program Files\dSPACE RCPHIL 2016-B\Compiler\QNX650_520\target\qnx6/ppcbe/lib/crt1.o

.rel.plt
 *(.rel.plt)

.rela.plt       0x00000000480418a8      0x51c
 *(.rela.plt)
 .rela.plt      0x00000000480418a8      0x51c C:\Program Files\dSPACE RCPHIL 2016-B\Compiler\QNX650_520\target\qnx6/ppcbe/lib/crt1.o

.init           0x0000000048041dc4       0x24
 *(.init)
 .init          0x0000000048041dc4        0xc C:\Program Files\dSPACE RCPHIL 2016-B\Compiler\QNX650_520\target\qnx6/ppcbe/lib/crti.o
                0x0000000048041dc4                _init
 .init          0x0000000048041dd0        0x4 c:/program files/dspace rcphil 2016-b/compiler/qnx650_520/host/win32/x86/usr/bin/../lib/gcc/powerpc-unknown-nto-qnx6.5.0/5.2.0/crtbegin.o
 .init          0x0000000048041dd4        0x4 c:/program files/dspace rcphil 2016-b/compiler/qnx650_520/host/win32/x86/usr/bin/../lib/gcc/powerpc-unknown-nto-qnx6.5.0/5.2.0/crtend.o
 .init          0x0000000048041dd8       0x10 C:\Program Files\dSPACE RCPHIL 2016-B\Compiler\QNX650_520\target\qnx6/ppcbe/lib/crtn.o

.text           0x0000000048041df0     0x4cfc
                0x0000000048041df0                _btext = .
 *(.text .stub .text.* .gnu.linkonce.t.*)
 .text          0x0000000048041df0      0x118 C:\Program Files\dSPACE RCPHIL 2016-B\Compiler\QNX650_520\target\qnx6/ppcbe/lib/crt1.o
                0x0000000048041df0                _start
 .text          0x0000000048041f08        0x0 C:\Program Files\dSPACE RCPHIL 2016-B\Compiler\QNX650_520\target\qnx6/ppcbe/lib/crti.o
 .text          0x0000000048041f08      0x2b0 c:/program files/dspace rcphil 2016-b/compiler/qnx650_520/host/win32/x86/usr/bin/../lib/gcc/powerpc-unknown-nto-qnx6.5.0/5.2.0/crtbegin.o
 *fill*         0x00000000480421b8        0x8 00000000
 .text          0x00000000480421c0     0x290c RiccatiRegler_Anlage.o07
                0x0000000048042930                RiccatiR_IfActionSubsystem_Init
                0x0000000048042940                RiccatiRegler_IfActionSubsystem
                0x0000000048042950                Riccat_IfActionSubsystem_a_Init
                0x0000000048042960                RiccatiRegl_IfActionSubsystem_g
                0x0000000048042970                Riccat_IfActionSubsystem_f_Init
                0x0000000048042980                RiccatiRegl_IfActionSubsystem_f
                0x0000000048042990                RiccatiRegler_Anlage_output
                0x00000000480442b0                RiccatiRegler_Anlage_derivatives
                0x0000000048044300                RiccatiRegler_Anlage_update
                0x0000000048044450                RiccatiRegler_Anlage_initialize
                0x0000000048044930                RiccatiRegler_Anlage_terminate
 .text          0x0000000048044acc        0x0 RiccatiRegler_Anlage_data.o07
 .text          0x0000000048044acc      0x204 RiccatiRegler_Anlage_trc_ptr.o07
                0x0000000048044c9c                RiccatiRegler_Anlage_rti_init_trc_pointers
 .text          0x0000000048044cd0       0x5c rtGetInf.o07
                0x0000000048044cd0                rtGetInf
                0x0000000048044cf0                rtGetInfF
                0x0000000048044d00                rtGetMinusInf
                0x0000000048044d20                rtGetMinusInfF
 *fill*         0x0000000048044d2c        0x4 00000000
 .text          0x0000000048044d30       0x3c rtGetNaN.o07
                0x0000000048044d30                rtGetNaN
                0x0000000048044d60                rtGetNaNF
 *fill*         0x0000000048044d6c        0x4 00000000
 .text          0x0000000048044d70       0xf4 rt_nonfinite.o07
                0x0000000048044d70                rt_InitInfAndNaN
                0x0000000048044dd0                rtIsInf
                0x0000000048044e00                rtIsInfF
                0x0000000048044e30                rtIsNaN
                0x0000000048044e50                rtIsNaNF
 *fill*         0x0000000048044e64        0xc 00000000
 .text          0x0000000048044e70      0x654 rti_sim_engine.o07
                0x0000000048045450                rtk_idle_function
                0x0000000048045460                rti_th_timertask1_trigger_source
                0x00000000480454b0                initConditions
                0x00000000480454c0                initVariables
 *fill*         0x00000000480454c4        0xc 00000000
 .text.startup  0x00000000480454d0      0xa10 rti_sim_engine.o07
                0x00000000480454d0                main
 .text          0x0000000048045ee0       0x40 rti_init_c.o07
                0x0000000048045ee0                rti_init
 .text          0x0000000048045f20       0x44 rt_sim.o07
                0x0000000048045f20                rt_SimInitTimingEngine
                0x0000000048045f50                rt_SimGetNextSampleHit
                0x0000000048045f60                rt_SimUpdateDiscreteTaskSampleHits
 *fill*         0x0000000048045f64        0xc 00000000
 .text          0x0000000048045f70       0xd4 rti_assert.o07
                0x0000000048045f70                rti_assertion_handler
                0x0000000048046000                rti_assertion_mode_msg
 .text          0x0000000048046044        0x0 C:\Program Files\dSPACE RCPHIL 2016-B\DS1202\Lib/librtversion.a(RtVersion.o)
 *fill*         0x0000000048046044        0xc 00000000
 .text          0x0000000048046050        0x4 C:\Program Files\dSPACE RCPHIL 2016-B\DS1202\Lib/librtglobals.a(DsEESPort.o)
                0x0000000048046050                DsEesPort_init()
 .text          0x0000000048046054       0x20 C:\Program Files\dSPACE RCPHIL 2016-B\DS1202\Lib/libm_fastpow.a(w_pow.o)
                0x0000000048046054                pow
 .text          0x0000000048046074      0x85c C:\Program Files\dSPACE RCPHIL 2016-B\DS1202\Lib/libm_fastpow.a(e_pow.o)
                0x0000000048046074                __ieee754_pow
 .text          0x00000000480468d0      0x188 C:\Program Files\dSPACE RCPHIL 2016-B\DS1202\Lib/libm_fastpow.a(s_scalbn.o)
                0x00000000480468d0                scalbn
 .text          0x0000000048046a58       0x94 c:/program files/dspace rcphil 2016-b/compiler/qnx650_520/host/win32/x86/usr/bin/../lib/gcc/powerpc-unknown-nto-qnx6.5.0/5.2.0/crtend.o
 .text          0x0000000048046aec        0x0 C:\Program Files\dSPACE RCPHIL 2016-B\Compiler\QNX650_520\target\qnx6/ppcbe/lib/crtn.o
 *(.gnu.warning)
 *(.glink)
 .glink         0x0000000048046aec        0x0 C:\Program Files\dSPACE RCPHIL 2016-B\Compiler\QNX650_520\target\qnx6/ppcbe/lib/crt1.o

.fini           0x0000000048046aec       0x20
 *(.fini)
 .fini          0x0000000048046aec        0xc C:\Program Files\dSPACE RCPHIL 2016-B\Compiler\QNX650_520\target\qnx6/ppcbe/lib/crti.o
                0x0000000048046aec                _fini
 .fini          0x0000000048046af8        0x4 c:/program files/dspace rcphil 2016-b/compiler/qnx650_520/host/win32/x86/usr/bin/../lib/gcc/powerpc-unknown-nto-qnx6.5.0/5.2.0/crtbegin.o
 .fini          0x0000000048046afc       0x10 C:\Program Files\dSPACE RCPHIL 2016-B\Compiler\QNX650_520\target\qnx6/ppcbe/lib/crtn.o
                [!provide]                        PROVIDE (__etext, .)
                0x0000000048046b0c                PROVIDE (_etext, .)
                [!provide]                        PROVIDE (etext, .)

.rodata         0x0000000048046b10      0x5a0
 *(.rodata .rodata.* .gnu.linkonce.r.*)
 .rodata        0x0000000048046b10        0xc RiccatiRegler_Anlage.o07
                0x0000000048046b18                RiccatiRegler_Anlage_M
 .rodata.cst4   0x0000000048046b1c       0x50 RiccatiRegler_Anlage.o07
 *fill*         0x0000000048046b6c        0x4 
 .rodata.cst8   0x0000000048046b70       0x50 RiccatiRegler_Anlage.o07
 .rodata.str1.4
                0x0000000048046bc0        0x5 RiccatiRegler_Anlage.o07
 *fill*         0x0000000048046bc5        0x3 
 .rodata.cst4   0x0000000048046bc8        0x8 rtGetInf.o07
 .rodata.cst4   0x0000000048046bd0        0x4 rtGetNaN.o07
 .rodata        0x0000000048046bd4        0xc rti_sim_engine.o07
                0x0000000048046bd4                rtiDataSetStorageEnabled
                0x0000000048046bd8                p_dsts_sum_of_reset_time
                0x0000000048046bdc                p_msg_last_error_no
 .rodata.cst4   0x0000000048046be0       0x14 rti_sim_engine.o07
 .rodata.cst8   0x0000000048046bf4        0x8 rti_sim_engine.o07
 .rodata.str1.4
                0x0000000048046bf4      0x284 rti_sim_engine.o07
 .rodata.cst4   0x0000000048046e78        0x4 rt_sim.o07
                                          0x8 (size before relaxing)
 .rodata.str1.4
                0x0000000048046e7c       0x71 rt_sim.o07
 *fill*         0x0000000048046eed        0x3 
 .rodata.str1.4
                0x0000000048046ef0       0x70 rti_assert.o07
                                         0x6d (size before relaxing)
 .rodata        0x0000000048046f60       0x30 C:\Program Files\dSPACE RCPHIL 2016-B\DS1202\Lib/libm_fastpow.a(e_pow.o)
 .rodata.cst4   0x0000000048046f90        0x8 C:\Program Files\dSPACE RCPHIL 2016-B\DS1202\Lib/libm_fastpow.a(e_pow.o)
 .rodata.cst8   0x0000000048046f98       0xe8 C:\Program Files\dSPACE RCPHIL 2016-B\DS1202\Lib/libm_fastpow.a(e_pow.o)
 .rodata.cst8   0x0000000048047080       0x30 C:\Program Files\dSPACE RCPHIL 2016-B\DS1202\Lib/libm_fastpow.a(s_scalbn.o)

.rodata1
 *(.rodata1)

.sdata2         0x00000000480470b0        0x0
                0x0000000000008000                PROVIDE (_SDA2_BASE_, 0x8000)
 *(.sdata2 .sdata2.* .gnu.linkonce.s2.*)
 .sdata2        0x00000000480470b0        0x0 C:\Program Files\dSPACE RCPHIL 2016-B\Compiler\QNX650_520\target\qnx6/ppcbe/lib/crt1.o

.sbss2
 *(.sbss2 .sbss2.* .gnu.linkonce.sb2.*)

.eh_frame_hdr   0x00000000480470b0       0x14
 *(.eh_frame_hdr)
 .eh_frame_hdr  0x00000000480470b0       0x14 C:\Program Files\dSPACE RCPHIL 2016-B\DS1202\Lib/librtglobals.a(DsEESPort.o)

.eh_frame       0x00000000480470c4       0x2c
 *(.eh_frame)
 .eh_frame      0x00000000480470c4        0x0 C:\Program Files\dSPACE RCPHIL 2016-B\Compiler\QNX650_520\target\qnx6/ppcbe/lib/crt1.o
 .eh_frame      0x00000000480470c4        0x0 c:/program files/dspace rcphil 2016-b/compiler/qnx650_520/host/win32/x86/usr/bin/../lib/gcc/powerpc-unknown-nto-qnx6.5.0/5.2.0/crtbegin.o
 .eh_frame      0x00000000480470c4       0x28 C:\Program Files\dSPACE RCPHIL 2016-B\DS1202\Lib/librtglobals.a(DsEESPort.o)
 .eh_frame      0x00000000480470ec        0x4 c:/program files/dspace rcphil 2016-b/compiler/qnx650_520/host/win32/x86/usr/bin/../lib/gcc/powerpc-unknown-nto-qnx6.5.0/5.2.0/crtend.o

.gcc_except_table
 *(.gcc_except_table .gcc_except_table.*)
                0x00000000480470f0                . = (ALIGN (0x1000) - ((0x1000 - .) & 0xfff))
                0x00000000480480f0                . = DATA_SEGMENT_ALIGN (0x1000, 0x1000)

.eh_frame
 *(.eh_frame)

.gcc_except_table
 *(.gcc_except_table .gcc_except_table.*)

.tdata
 *(.tdata .tdata.* .gnu.linkonce.td.*)

.tbss
 *(.tbss .tbss.* .gnu.linkonce.tb.*)
 *(.tcommon)

.preinit_array  0x00000000480480f0        0x0
                0x00000000480480f0                PROVIDE (__preinit_array_start, .)
 *(.preinit_array)
                0x00000000480480f0                PROVIDE (__preinit_array_end, .)

.init_array     0x00000000480480f0        0x0
                0x00000000480480f0                PROVIDE (__init_array_start, .)
 *(SORT(.init_array.*))
 *(.init_array)
                0x00000000480480f0                PROVIDE (__init_array_end, .)

.fini_array     0x00000000480480f0        0x0
                0x00000000480480f0                PROVIDE (__fini_array_start, .)
 *(.fini_array)
 *(SORT(.fini_array.*))
                0x00000000480480f0                PROVIDE (__fini_array_end, .)

.ctors          0x00000000480480f0        0x8
 *crtbegin.o(.ctors)
 .ctors         0x00000000480480f0        0x4 c:/program files/dspace rcphil 2016-b/compiler/qnx650_520/host/win32/x86/usr/bin/../lib/gcc/powerpc-unknown-nto-qnx6.5.0/5.2.0/crtbegin.o
 *crtbegin?.o(.ctors)
 *(EXCLUDE_FILE(*crtend?.o *crtend.o) .ctors)
 *(SORT(.ctors.*))
 *(.ctors)
 .ctors         0x00000000480480f4        0x4 c:/program files/dspace rcphil 2016-b/compiler/qnx650_520/host/win32/x86/usr/bin/../lib/gcc/powerpc-unknown-nto-qnx6.5.0/5.2.0/crtend.o

.dtors          0x00000000480480f8        0x8
 *crtbegin.o(.dtors)
 .dtors         0x00000000480480f8        0x4 c:/program files/dspace rcphil 2016-b/compiler/qnx650_520/host/win32/x86/usr/bin/../lib/gcc/powerpc-unknown-nto-qnx6.5.0/5.2.0/crtbegin.o
 *crtbegin?.o(.dtors)
 *(EXCLUDE_FILE(*crtend?.o *crtend.o) .dtors)
 *(SORT(.dtors.*))
 *(.dtors)
 .dtors         0x00000000480480fc        0x4 c:/program files/dspace rcphil 2016-b/compiler/qnx650_520/host/win32/x86/usr/bin/../lib/gcc/powerpc-unknown-nto-qnx6.5.0/5.2.0/crtend.o
                0x00000000480480fc                __DTOR_END__

.jcr            0x0000000048048100        0x4
 *(.jcr)
 .jcr           0x0000000048048100        0x0 c:/program files/dspace rcphil 2016-b/compiler/qnx650_520/host/win32/x86/usr/bin/../lib/gcc/powerpc-unknown-nto-qnx6.5.0/5.2.0/crtbegin.o
 .jcr           0x0000000048048100        0x4 c:/program files/dspace rcphil 2016-b/compiler/qnx650_520/host/win32/x86/usr/bin/../lib/gcc/powerpc-unknown-nto-qnx6.5.0/5.2.0/crtend.o

.data.rel.ro
 *(.data.rel.ro.local* .gnu.linkonce.d.rel.ro.local.*)
 *(.data.rel.ro* .gnu.linkonce.d.rel.ro.*)

.fixup
 *(.fixup)

.got1
 *(.got1)

.got2
 *(.got2)

.dynamic        0x0000000048048104      0x128
 *(.dynamic)
 .dynamic       0x0000000048048104      0x128 C:\Program Files\dSPACE RCPHIL 2016-B\Compiler\QNX650_520\target\qnx6/ppcbe/lib/crt1.o
                0x0000000048048104                _DYNAMIC

.got
 *(.got)
                0x000000004804822c                . = DATA_SEGMENT_RELRO_END (., 0x0)

.plt
 *(.plt)

.data           0x0000000048048230      0xbf8
 *(.data .data.* .gnu.linkonce.d.*)
 .data          0x0000000048048230        0x0 C:\Program Files\dSPACE RCPHIL 2016-B\Compiler\QNX650_520\target\qnx6/ppcbe/lib/crt1.o
 .data          0x0000000048048230        0x0 C:\Program Files\dSPACE RCPHIL 2016-B\Compiler\QNX650_520\target\qnx6/ppcbe/lib/crti.o
 .data          0x0000000048048230        0x0 c:/program files/dspace rcphil 2016-b/compiler/qnx650_520/host/win32/x86/usr/bin/../lib/gcc/powerpc-unknown-nto-qnx6.5.0/5.2.0/crtbegin.o
 .data.rel.local
                0x0000000048048230        0x4 c:/program files/dspace rcphil 2016-b/compiler/qnx650_520/host/win32/x86/usr/bin/../lib/gcc/powerpc-unknown-nto-qnx6.5.0/5.2.0/crtbegin.o
                0x0000000048048230                __dso_handle
 .data          0x0000000048048234        0x0 RiccatiRegler_Anlage.o07
 *fill*         0x0000000048048234        0x4 
 .data          0x0000000048048238      0xbd0 RiccatiRegler_Anlage_data.o07
                0x0000000048048238                RiccatiRegler_Anlage_P
 .data          0x0000000048048e08        0x0 RiccatiRegler_Anlage_trc_ptr.o07
 .data          0x0000000048048e08        0x0 rtGetInf.o07
 .data          0x0000000048048e08        0x0 rtGetNaN.o07
 .data          0x0000000048048e08        0x0 rt_nonfinite.o07
 .data          0x0000000048048e08       0x14 rti_sim_engine.o07
                0x0000000048048e08                simState
                0x0000000048048e18                lastSimState
 .data          0x0000000048048e1c        0x0 rti_init_c.o07
 .data          0x0000000048048e1c        0x0 rt_sim.o07
 .data          0x0000000048048e1c        0x0 rti_assert.o07
 .data          0x0000000048048e1c        0x0 C:\Program Files\dSPACE RCPHIL 2016-B\DS1202\Lib/librtversion.a(RtVersion.o)
 .data          0x0000000048048e1c        0x0 C:\Program Files\dSPACE RCPHIL 2016-B\DS1202\Lib/librtglobals.a(DsEESPort.o)
 .data.rel      0x0000000048048e1c        0xc C:\Program Files\dSPACE RCPHIL 2016-B\DS1202\Lib/librtglobals.a(DsEESPort.o)
                0x0000000048048e1c                p_xilapi_eesport_errorswitching_uint32_T
                0x0000000048048e20                p_xilapi_eesport_erroractivated_uint32_T
                0x0000000048048e24                p_xilapi_eesport_activeerrorset_uint32_T
 .data          0x0000000048048e28        0x0 C:\Program Files\dSPACE RCPHIL 2016-B\DS1202\Lib/libm_fastpow.a(w_pow.o)
 .data          0x0000000048048e28        0x0 C:\Program Files\dSPACE RCPHIL 2016-B\DS1202\Lib/libm_fastpow.a(e_pow.o)
 .data          0x0000000048048e28        0x0 C:\Program Files\dSPACE RCPHIL 2016-B\DS1202\Lib/libm_fastpow.a(s_scalbn.o)
 .data          0x0000000048048e28        0x0 c:/program files/dspace rcphil 2016-b/compiler/qnx650_520/host/win32/x86/usr/bin/../lib/gcc/powerpc-unknown-nto-qnx6.5.0/5.2.0/crtend.o
 .data          0x0000000048048e28        0x0 C:\Program Files\dSPACE RCPHIL 2016-B\Compiler\QNX650_520\target\qnx6/ppcbe/lib/crtn.o

.tm_clone_table
                0x0000000048048e28        0x0
 .tm_clone_table
                0x0000000048048e28        0x0 c:/program files/dspace rcphil 2016-b/compiler/qnx650_520/host/win32/x86/usr/bin/../lib/gcc/powerpc-unknown-nto-qnx6.5.0/5.2.0/crtbegin.o
 .tm_clone_table
                0x0000000048048e28        0x0 c:/program files/dspace rcphil 2016-b/compiler/qnx650_520/host/win32/x86/usr/bin/../lib/gcc/powerpc-unknown-nto-qnx6.5.0/5.2.0/crtend.o

.data1
 *(.data1)

.got            0x0000000048048e28       0x54
 *(.got)
 .got           0x0000000048048e28       0x54 C:\Program Files\dSPACE RCPHIL 2016-B\Compiler\QNX650_520\target\qnx6/ppcbe/lib/crt1.o
                0x0000000048048e70                _GLOBAL_OFFSET_TABLE_

.sdata          0x0000000048048e7c        0x0
                0x0000000000008000                PROVIDE (_SDA_BASE_, 0x8000)
 *(.sdata .sdata.* .gnu.linkonce.s.*)
 .sdata         0x0000000048048e7c        0x0 C:\Program Files\dSPACE RCPHIL 2016-B\Compiler\QNX650_520\target\qnx6/ppcbe/lib/crt1.o
                0x0000000048048e7c                _edata = .
                [!provide]                        PROVIDE (edata, .)
                0x0000000048048e7c                __bss_start = .

.sbss           0x0000000048048e7c        0x0
                [!provide]                        PROVIDE (__sbss_start, .)
                [!provide]                        PROVIDE (___sbss_start, .)
 *(.dynsbss)
 .dynsbss       0x0000000048048e7c        0x0 C:\Program Files\dSPACE RCPHIL 2016-B\Compiler\QNX650_520\target\qnx6/ppcbe/lib/crt1.o
 *(.sbss .sbss.* .gnu.linkonce.sb.*)
 *(.scommon)
                [!provide]                        PROVIDE (__sbss_end, .)
                [!provide]                        PROVIDE (___sbss_end, .)

.plt            0x0000000048048e7c      0x564
 *(.plt)
 .plt           0x0000000048048e7c      0x564 C:\Program Files\dSPACE RCPHIL 2016-B\Compiler\QNX650_520\target\qnx6/ppcbe/lib/crt1.o
                0x0000000048048ec4                ts_reset
                0x0000000048048ecc                __register_frame_info
                0x0000000048048ed4                DioCl2EncoderIn_create
                0x0000000048048edc                msg_error_clear
                0x0000000048048ee4                AdcCl1AnalogIn_read
                0x0000000048048eec                dsrtt_set_current_time
                0x0000000048048ef4                sqrt
                0x0000000048048efc                DioCl2EncoderIn_read
                0x0000000048048f04                rtk_current_task_absolute_time_ptr_get
                0x0000000048048f0c                DsTimeSync_simstateRun
                0x0000000048048f14                DacCl1AnalogOut_create
                0x0000000048048f1c                DioCl2EncoderIn_setEncPosition
                0x0000000048048f24                DioCl2EncoderIn_stop
                0x0000000048048f2c                ResolverIn_create
                0x0000000048048f34                memcpy
                0x0000000048048f3c                rtk_setup_temp_overrun_handling
                0x0000000048048f44                DioCl2EncoderIn_setIndexMode
                0x0000000048048f4c                rtk_reset_tasks
                0x0000000048048f54                __cxa_finalize
                0x0000000048048f5c                _init_array
                0x0000000048048f64                rtk_set_task_type
                0x0000000048048f6c                DsTimeSync_baserate
                0x0000000048048f74                rtk_task_name_set
                0x0000000048048f7c                DacCl1AnalogOut_apply
                0x0000000048048f84                dsrtt_script_service_post_computation
                0x0000000048048f8c                rtk_create_task
                0x0000000048048f94                msg_warning_printf
                0x0000000048048f9c                ResolverIn_setMaximumSpeed
                0x0000000048048fa4                ResolverIn_getPosition
                0x0000000048048fac                msg_last_error_number
                0x0000000048048fb4                DioCl2EncoderIn_start
                0x0000000048048fbc                AdcCl1AnalogIn_setConversTrigger
                0x0000000048048fc4                dsparam_copy_data_set
                0x0000000048048fcc                SrtkPreload_preloadRegion
                0x0000000048048fd4                DioCl2EncoderIn_getMechVelocity
                0x0000000048048fdc                msg_error_set
                0x0000000048048fe4                asin
                0x0000000048048fec                rtk_enable_services
                0x0000000048048ff4                SrtkDaq_Init
                0x0000000048048ffc                rtk_task_task_calls_get
                0x0000000048049004                DsTimeSync_setCurrentTimePtr
                0x000000004804900c                SrtkIntBase_enableIntGlobal
                0x0000000048049014                DacCl1AnalogOut_write
                0x000000004804901c                AdcCl1AnalogIn_setConversionMode
                0x0000000048049024                ResolverIn_stop
                0x000000004804902c                rtk_overrun_flag_clear
                0x0000000048049034                rtk_bind_interrupt
                0x000000004804903c                DacCl1AnalogOut_stop
                0x0000000048049044                AdcCl1AnalogIn_apply
                0x000000004804904c                _init_libc
                0x0000000048049054                DioCl2EncoderIn_setGatedMode
                0x000000004804905c                dsrtt_init
                0x0000000048049064                AdcCl1AnalogIn_write
                0x000000004804906c                SrtkApp_terminate
                0x0000000048049074                DioCl2EncoderIn_setMaxPosition
                0x000000004804907c                DioCl2EncoderIn_setMinPosition
                0x0000000048049084                DioCl2EncoderIn_getMechPosition
                0x000000004804908c                AdcCl1AnalogIn_isDataReady
                0x0000000048049094                msg_info_set
                0x000000004804909c                SensorSupply_create
                0x00000000480490a4                dsrtt_script_service_pre_computation
                0x00000000480490ac                DacCl1AnalogOut_start
                0x00000000480490b4                msg_error_printf
                0x00000000480490bc                ResolverIn_setSineCosineVoltRms
                0x00000000480490c4                ResolverIn_read
                0x00000000480490cc                ResolverIn_setReverseDirection
                0x00000000480490d4                ResolverIn_getIsDataValid
                0x00000000480490dc                memset
                0x00000000480490e4                _Sin
                0x00000000480490ec                rtk_leave_idle_mode
                0x00000000480490f4                ResolverIn_apply
                0x00000000480490fc                __wrap_exit
                0x0000000048049104                __wrap_atexit
                0x000000004804910c                DioCl2EncoderIn_setMeasurementInterval
                0x0000000048049114                ResolverIn_setExcitationVoltRms
                0x000000004804911c                DacCl1AnalogOut_setOutputValue
                0x0000000048049124                AdcCl1AnalogIn_start
                0x000000004804912c                _fini_array
                0x0000000048049134                SensorSupply_setVoltage
                0x000000004804913c                SrtkDaq_Background
                0x0000000048049144                _preinit_array
                0x000000004804914c                SrtkApp_init
                0x0000000048049154                SrtkDaq_Service
                0x000000004804915c                rtk_task_task_name_get
                0x0000000048049164                AdcCl1AnalogIn_setConversSwTrigger
                0x000000004804916c                SrtkSim_notifyStateTransition
                0x0000000048049174                AdcCl1AnalogIn_getSingleValue
                0x000000004804917c                DioCl2EncoderIn_apply
                0x0000000048049184                msg_set
                0x000000004804918c                ResolverIn_setExcitationFreq
                0x0000000048049194                SensorSupply_apply
                0x000000004804919c                ResolverIn_start
                0x00000000480491a4                rtk_get_subentry
                0x00000000480491ac                dsrtt_set_step_size
                0x00000000480491b4                rtk_enter_idle_mode
                0x00000000480491bc                rtk_initialize
                0x00000000480491c4                DacCl1AnalogOut_setOutputHighZ
                0x00000000480491cc                DioCl2EncoderIn_setEncoderLines
                0x00000000480491d4                SensorSupply_setSensorState
                0x00000000480491dc                SensorSupply_start
                0x00000000480491e4                SrtkApp_background
                0x00000000480491ec                rtk_default_overrun_fcn
                0x00000000480491f4                AdcCl1AnalogIn_create
                0x00000000480491fc                vcm_module_register
                0x0000000048049204                DsTimeSync_simstateStop
                0x000000004804920c                SrtkIntBase_disableIntGlobal
                0x0000000048049214                ResolverIn_setPositionOffset
                0x000000004804921c                SrtkSim_registerState
                0x0000000048049224                __deregister_frame_info

.bss            0x00000000480493e0     0x3274
 *(.dynbss)
 .dynbss        0x00000000480493e0       0x14 C:\Program Files\dSPACE RCPHIL 2016-B\Compiler\QNX650_520\target\qnx6/ppcbe/lib/crt1.o
                0x00000000480493e0                errno
                0x00000000480493e8                dsts_sum_of_reseted_time
                0x00000000480493f0                msg_last_error_no
 *(.bss .bss.* .gnu.linkonce.b.*)
 .bss           0x00000000480493f4        0x0 C:\Program Files\dSPACE RCPHIL 2016-B\Compiler\QNX650_520\target\qnx6/ppcbe/lib/crt1.o
 .bss           0x00000000480493f4        0x0 C:\Program Files\dSPACE RCPHIL 2016-B\Compiler\QNX650_520\target\qnx6/ppcbe/lib/crti.o
 .bss           0x00000000480493f4       0x20 c:/program files/dspace rcphil 2016-b/compiler/qnx650_520/host/win32/x86/usr/bin/../lib/gcc/powerpc-unknown-nto-qnx6.5.0/5.2.0/crtbegin.o
 *fill*         0x0000000048049414        0x4 
 .bss           0x0000000048049418     0x3128 RiccatiRegler_Anlage.o07
                0x0000000048049418                RiccatiRegler_Anlage_DW
                0x000000004804b4c8                RiccatiRegler_Anlage_M_
                0x000000004804b670                RiccatiRegler_Anlage_B
                0x000000004804c4f8                RiccatiRegler_Anlage_X
 .bss           0x000000004804c540        0x0 RiccatiRegler_Anlage_data.o07
 .bss           0x000000004804c540       0x6c RiccatiRegler_Anlage_trc_ptr.o07
                0x000000004804c540                p_0_RiccatiRegler_Anlage_real_T_0
                0x000000004804c544                p_0_RiccatiRegler_Anlage_real32_T_1
                0x000000004804c548                p_0_RiccatiRegler_Anlage_boolean_T_2
                0x000000004804c54c                p_0_RiccatiRegler_Anlage_real_T_3
                0x000000004804c550                p_0_RiccatiRegler_Anlage_real_T_4
                0x000000004804c554                p_0_RiccatiRegler_Anlage_real_T_5
                0x000000004804c558                p_0_RiccatiRegler_Anlage_real_T_6
                0x000000004804c55c                p_0_RiccatiRegler_Anlage_real_T_7
                0x000000004804c560                p_0_RiccatiRegler_Anlage_real_T_8
                0x000000004804c564                p_1_RiccatiRegler_Anlage_struct_fjV6IdSatgurDUg9jrdNzD_0
                0x000000004804c568                p_1_RiccatiRegler_Anlage_real_T_1
                0x000000004804c56c                p_1_RiccatiRegler_Anlage_real32_T_2
                0x000000004804c570                p_1_RiccatiRegler_Anlage_int32_T_3
                0x000000004804c574                p_1_RiccatiRegler_Anlage_uint16_T_4
                0x000000004804c578                p_1_RiccatiRegler_Anlage_uint8_T_5
                0x000000004804c57c                p_1_RiccatiRegler_Anlage_boolean_T_6
                0x000000004804c580                p_1_RiccatiRegler_Anlage_real_T_7
                0x000000004804c584                p_1_RiccatiRegler_Anlage_real_T_8
                0x000000004804c588                p_1_RiccatiRegler_Anlage_real_T_9
                0x000000004804c58c                p_1_RiccatiRegler_Anlage_real_T_10
                0x000000004804c590                p_1_RiccatiRegler_Anlage_real_T_11
                0x000000004804c594                p_1_RiccatiRegler_Anlage_real_T_12
                0x000000004804c598                p_2_RiccatiRegler_Anlage_real_T_2
                0x000000004804c59c                p_2_RiccatiRegler_Anlage_int_T_4
                0x000000004804c5a0                p_2_RiccatiRegler_Anlage_int8_T_5
                0x000000004804c5a4                p_2_RiccatiRegler_Anlage_boolean_T_6
                0x000000004804c5a8                p_3_RiccatiRegler_Anlage_real_T_0
 .bss           0x000000004804c5ac        0x0 rtGetInf.o07
 .bss           0x000000004804c5ac        0x0 rtGetNaN.o07
 *fill*         0x000000004804c5ac        0x4 
 .bss           0x000000004804c5b0       0x2c rt_nonfinite.o07
                0x000000004804c5b0                rtNaN
                0x000000004804c5b8                rtNaNF
                0x000000004804c5c0                rtInf
                0x000000004804c5c8                rtInfF
                0x000000004804c5d0                rtMinusInf
                0x000000004804c5d8                rtMinusInfF
 *fill*         0x000000004804c5dc        0x4 
 .bss           0x000000004804c5e0       0x5c rti_sim_engine.o07
                0x000000004804c5e0                currentTime
                0x000000004804c5e4                finalTime
                0x000000004804c5e8                modelStepSize
                0x000000004804c5f0                pRTIEmcEncoder_Unit_1_DioCl_2_Port_1_Ch1
                0x000000004804c5f4                pRTIDacC1AnalogOut_Ch_2
                0x000000004804c5f8                pRTIDacC1AnalogOut_Ch_3
                0x000000004804c5fc                pRTIDacC1AnalogOut_Ch_1
                0x000000004804c600                pRTIEmcResolver_Unit_1
                0x000000004804c604                pRTIAdcC1AnalogIn_Ch_1
                0x000000004804c608                pRTIAdcC1AnalogIn_Ch_10
                0x000000004804c60c                pRTIAdcC1AnalogIn_Ch_2
                0x000000004804c610                pRTI_Sensor_Supply
                0x000000004804c614                pRti_TIMERA_STime
                0x000000004804c618                pRti_TIMERA_TTime
                0x000000004804c61c                pRti_TIMERA_TState
                0x000000004804c620                pRti_TIMERA_OType
                0x000000004804c624                pRti_TIMERA_OMax
                0x000000004804c628                pRti_TIMERA_ORpt
                0x000000004804c62c                pRti_TIMERA_OCnt
                0x000000004804c630                pRti_TIMERA_TCnt
                0x000000004804c634                pRti_TIMERA_Prio
                0x000000004804c638                rtiAssertionMode
 .bss           0x000000004804c63c        0x4 rti_init_c.o07
 .bss           0x000000004804c640        0x0 rt_sim.o07
 .bss           0x000000004804c640        0x0 rti_assert.o07
 .bss           0x000000004804c640        0x0 C:\Program Files\dSPACE RCPHIL 2016-B\DS1202\Lib/librtversion.a(RtVersion.o)
 .bss           0x000000004804c640       0x14 C:\Program Files\dSPACE RCPHIL 2016-B\DS1202\Lib/librtglobals.a(DsEESPort.o)
                0x000000004804c640                xilapi_eesport_trigger_uint32_T
                0x000000004804c644                xilapi_eesport_flags_uint32_T
                0x000000004804c648                xilapi_eesport_errorswitching_uint32_T
                0x000000004804c64c                xilapi_eesport_erroractivated_uint32_T
                0x000000004804c650                xilapi_eesport_activeerrorset_uint32_T
 .bss           0x000000004804c654        0x0 C:\Program Files\dSPACE RCPHIL 2016-B\DS1202\Lib/libm_fastpow.a(w_pow.o)
 .bss           0x000000004804c654        0x0 C:\Program Files\dSPACE RCPHIL 2016-B\DS1202\Lib/libm_fastpow.a(e_pow.o)
 .bss           0x000000004804c654        0x0 C:\Program Files\dSPACE RCPHIL 2016-B\DS1202\Lib/libm_fastpow.a(s_scalbn.o)
 .bss           0x000000004804c654        0x0 c:/program files/dspace rcphil 2016-b/compiler/qnx650_520/host/win32/x86/usr/bin/../lib/gcc/powerpc-unknown-nto-qnx6.5.0/5.2.0/crtend.o
 .bss           0x000000004804c654        0x0 C:\Program Files\dSPACE RCPHIL 2016-B\Compiler\QNX650_520\target\qnx6/ppcbe/lib/crtn.o
 *(COMMON)
                0x000000004804c654                . = ALIGN ((. != 0x0)?0x4:0x1)

.iplt           0x000000004804c660        0x0
 .iplt          0x000000004804c660        0x0 C:\Program Files\dSPACE RCPHIL 2016-B\Compiler\QNX650_520\target\qnx6/ppcbe/lib/crt1.o
                0x000000004804c660                . = ALIGN (0x4)
                0x000000004804c660                . = ALIGN (0x4)
                0x000000004804c660                __end = .
                0x000000004804c660                _end = .
                [!provide]                        PROVIDE (end, .)
                0x000000004804c660                . = DATA_SEGMENT_END (.)

.stab
 *(.stab)

.stabstr
 *(.stabstr)

.stab.excl
 *(.stab.excl)

.stab.exclstr
 *(.stab.exclstr)

.stab.index
 *(.stab.index)

.stab.indexstr
 *(.stab.indexstr)

.comment        0x0000000000000000       0x47
 *(.comment)
 .comment       0x0000000000000000       0x11 c:/program files/dspace rcphil 2016-b/compiler/qnx650_520/host/win32/x86/usr/bin/../lib/gcc/powerpc-unknown-nto-qnx6.5.0/5.2.0/crtbegin.o
                                         0x12 (size before relaxing)
 .comment       0x0000000000000011       0x12 RiccatiRegler_Anlage.o07
 .comment       0x0000000000000011       0x12 RiccatiRegler_Anlage_data.o07
 .comment       0x0000000000000011       0x12 RiccatiRegler_Anlage_trc_ptr.o07
 .comment       0x0000000000000011       0x12 rtGetInf.o07
 .comment       0x0000000000000011       0x12 rtGetNaN.o07
 .comment       0x0000000000000011       0x12 rt_nonfinite.o07
 .comment       0x0000000000000011       0x12 rti_sim_engine.o07
 .comment       0x0000000000000011       0x12 rti_init_c.o07
 .comment       0x0000000000000011       0x12 rt_sim.o07
 .comment       0x0000000000000011       0x12 rti_assert.o07
 .comment       0x0000000000000011       0x12 C:\Program Files\dSPACE RCPHIL 2016-B\DS1202\Lib/librtversion.a(RtVersion.o)
 .comment       0x0000000000000011       0x12 C:\Program Files\dSPACE RCPHIL 2016-B\DS1202\Lib/librtglobals.a(DsEESPort.o)
 .comment       0x0000000000000011       0x12 C:\Program Files\dSPACE RCPHIL 2016-B\DS1202\Lib/libm_fastpow.a(w_pow.o)
 .comment       0x0000000000000023       0x12 C:\Program Files\dSPACE RCPHIL 2016-B\DS1202\Lib/libm_fastpow.a(e_pow.o)
 .comment       0x0000000000000035       0x12 C:\Program Files\dSPACE RCPHIL 2016-B\DS1202\Lib/libm_fastpow.a(s_scalbn.o)
 .comment       0x0000000000000047       0x12 c:/program files/dspace rcphil 2016-b/compiler/qnx650_520/host/win32/x86/usr/bin/../lib/gcc/powerpc-unknown-nto-qnx6.5.0/5.2.0/crtend.o

.debug
 *(.debug)

.line
 *(.line)

.debug_srcinfo
 *(.debug_srcinfo)

.debug_sfnames
 *(.debug_sfnames)

.debug_aranges
 *(.debug_aranges)

.debug_pubnames
 *(.debug_pubnames)

.debug_info
 *(.debug_info .gnu.linkonce.wi.*)

.debug_abbrev
 *(.debug_abbrev)

.debug_line
 *(.debug_line)

.debug_frame
 *(.debug_frame)

.debug_str
 *(.debug_str)

.debug_loc
 *(.debug_loc)

.debug_macinfo
 *(.debug_macinfo)

.debug_weaknames
 *(.debug_weaknames)

.debug_funcnames
 *(.debug_funcnames)

.debug_typenames
 *(.debug_typenames)

.debug_varnames
 *(.debug_varnames)

.debug_pubtypes
 *(.debug_pubtypes)

.debug_ranges
 *(.debug_ranges)

.gnu.attributes
                0x0000000000000000       0x14
 *(.gnu.attributes)
 .gnu.attributes
                0x0000000000000000       0x10 RiccatiRegler_Anlage.o07
 .gnu.attributes
                0x0000000000000010       0x10 rtGetInf.o07
 .gnu.attributes
                0x0000000000000020       0x10 rtGetNaN.o07
 .gnu.attributes
                0x0000000000000030       0x10 rt_nonfinite.o07
 .gnu.attributes
                0x0000000000000040       0x10 rti_sim_engine.o07
 .gnu.attributes
                0x0000000000000050       0x10 rt_sim.o07
 .gnu.attributes
                0x0000000000000060       0x10 rti_assert.o07
 .gnu.attributes
                0x0000000000000070       0x14 C:\Program Files\dSPACE RCPHIL 2016-B\DS1202\Lib/libm_fastpow.a(w_pow.o)
 .gnu.attributes
                0x0000000000000084       0x14 C:\Program Files\dSPACE RCPHIL 2016-B\DS1202\Lib/libm_fastpow.a(e_pow.o)
 .gnu.attributes
                0x0000000000000098       0x14 C:\Program Files\dSPACE RCPHIL 2016-B\DS1202\Lib/libm_fastpow.a(s_scalbn.o)

/DISCARD/
 *(.note.GNU-stack)
 *(.gnu_debuglink)
OUTPUT(RiccatiRegler_Anlage.ppc elf32-powerpc)
