<*GNU-Linker-generated-mapfile*> 
Archive member included to satisfy reference by file (symbol)

C:\Program Files\dSPACE RCPHIL 2016-B\DS1202\Lib/librtversion.a(RtVersion.o)
                              (--whole-archive)
C:\Program Files\dSPACE RCPHIL 2016-B\DS1202\Lib/librtglobals.a(DsEESPort.o)
                              (--whole-archive)
C:\Program Files\dSPACE RCPHIL 2016-B\DS1202\Lib/libm_fastpow.a(w_pow.o)
                              C:\Program Files\dSPACE RCPHIL 2016-B\DS1202\Lib/libDsRealTimeTestingRP.so (pow)
C:\Program Files\dSPACE RCPHIL 2016-B\DS1202\Lib/libm_fastpow.a(e_pow.o)
                              C:\Program Files\dSPACE RCPHIL 2016-B\DS1202\Lib/libm_fastpow.a(w_pow.o) (__ieee754_pow)
C:\Program Files\dSPACE RCPHIL 2016-B\DS1202\Lib/libm_fastpow.a(s_scalbn.o)
                              C:\Program Files\dSPACE RCPHIL 2016-B\DS1202\Lib/libm_fastpow.a(e_pow.o) (scalbn)

Memory Configuration

Name             Origin             Length             Attributes
*default*        0x0000000000000000 0xffffffffffffffff

Linker script and memory map

LOAD C:\Program Files\dSPACE RCPHIL 2016-B\Compiler\QNX650_520\target\qnx6/ppcbe/lib/crt1.o
LOAD C:\Program Files\dSPACE RCPHIL 2016-B\Compiler\QNX650_520\target\qnx6/ppcbe/lib/crti.o
LOAD c:/program files/dspace rcphil 2016-b/compiler/qnx650_520/host/win32/x86/usr/bin/../lib/gcc/powerpc-unknown-nto-qnx6.5.0/5.2.0/crtbegin.o
                0x0000000000000000                _DSPACE_START = 0x0
                0x0000000000000000                _DSPACE_START_ = 0x0
                0x00000000000004b2                DS_TARGET_PLATFORM = 0x4b2
START GROUP
LOAD gesamtkonzept_p_pd_regler.o07
LOAD gesamtkonzept_p_pd_regler_data.o07
LOAD gesamtkonzept_p_pd_regler_trc_ptr.o07
LOAD rtGetInf.o07
LOAD rtGetNaN.o07
LOAD rt_nonfinite.o07
LOAD rti_sim_engine.o07
LOAD rti_init_c.o07
LOAD rt_sim.o07
LOAD rti_assert.o07
LOAD C:\Program Files\dSPACE RCPHIL 2016-B\DS1202\Lib/librtcan.so
LOAD C:\Program Files\dSPACE RCPHIL 2016-B\DS1202\Lib/librtj1939.so
LOAD C:\Program Files\dSPACE RCPHIL 2016-B\DS1202\Lib/librtser.so
LOAD C:\Program Files\dSPACE RCPHIL 2016-B\DS1202\Lib/librt13xxio.so
LOAD C:\Program Files\dSPACE RCPHIL 2016-B\DS1202\Lib/libDsRealTimeTestingRP.so
LOAD C:\Program Files\dSPACE RCPHIL 2016-B\DS1202\Lib/libDsXcpRP.so
LOAD C:\Program Files\dSPACE RCPHIL 2016-B\DS1202\Lib/libDsXcpComm.so
LOAD C:\Program Files\dSPACE RCPHIL 2016-B\DS1202\Lib/libDsFixedSizeFifo.so
LOAD C:\Program Files\dSPACE RCPHIL 2016-B\DS1202\Lib/libDsNvDataRP.so
LOAD C:\Program Files\dSPACE RCPHIL 2016-B\DS1202\Lib/libDsNVDataCommon.so
LOAD C:\Program Files\dSPACE RCPHIL 2016-B\DS1202\Lib/librt1202.so
LOAD C:\Program Files\dSPACE RCPHIL 2016-B\DS1202\Lib/librtwrap.so
LOAD C:\Program Files\dSPACE RCPHIL 2016-B\DS1202\Lib/librtversion.a
LOAD C:\Program Files\dSPACE RCPHIL 2016-B\DS1202\Lib/librtglobals.a
LOAD C:\Program Files\dSPACE RCPHIL 2016-B\DS1202\Lib/libm_fastpow.a
END GROUP
LOAD C:\Program Files\dSPACE RCPHIL 2016-B\DS1202\Lib/libstdc++.so
LOAD C:\Program Files\dSPACE RCPHIL 2016-B\Compiler\QNX650_520\target\qnx6/ppcbe/lib/libm.so
LOAD c:/program files/dspace rcphil 2016-b/compiler/qnx650_520/host/win32/x86/usr/bin/../lib/gcc/powerpc-unknown-nto-qnx6.5.0/5.2.0\libgcc.a
LOAD C:\Program Files\dSPACE RCPHIL 2016-B\Compiler\QNX650_520\target\qnx6/ppcbe/lib/libc.so
LOAD C:\Program Files\dSPACE RCPHIL 2016-B\Compiler\QNX650_520\target\qnx6/ppcbe/lib\libc.a
LOAD c:/program files/dspace rcphil 2016-b/compiler/qnx650_520/host/win32/x86/usr/bin/../lib/gcc/powerpc-unknown-nto-qnx6.5.0/5.2.0\libgcc.a
LOAD c:/program files/dspace rcphil 2016-b/compiler/qnx650_520/host/win32/x86/usr/bin/../lib/gcc/powerpc-unknown-nto-qnx6.5.0/5.2.0/crtend.o
LOAD C:\Program Files\dSPACE RCPHIL 2016-B\Compiler\QNX650_520\target\qnx6/ppcbe/lib/crtn.o
                [!provide]                        PROVIDE (__stack, 0x0)
                [!provide]                        PROVIDE (___stack, 0x0)
                [!provide]                        PROVIDE (__executable_start, 0x48040000)
                0x0000000048040134                . = (0x48040000 + SIZEOF_HEADERS)

.interp         0x0000000048040134       0x14
 *(.interp)
 .interp        0x0000000048040134       0x14 C:\Program Files\dSPACE RCPHIL 2016-B\Compiler\QNX650_520\target\qnx6/ppcbe/lib/crt1.o

.note           0x0000000048040150       0x18
 .note          0x0000000048040150       0x18 C:\Program Files\dSPACE RCPHIL 2016-B\Compiler\QNX650_520\target\qnx6/ppcbe/lib/crtn.o

.note.gnu.build-id
                0x0000000048040168       0x20
 *(.note.gnu.build-id)
 .note.gnu.build-id
                0x0000000048040168       0x20 C:\Program Files\dSPACE RCPHIL 2016-B\Compiler\QNX650_520\target\qnx6/ppcbe/lib/crt1.o

.hash           0x0000000048040188      0x358
 *(.hash)
 .hash          0x0000000048040188      0x358 C:\Program Files\dSPACE RCPHIL 2016-B\Compiler\QNX650_520\target\qnx6/ppcbe/lib/crt1.o

.gnu.hash
 *(.gnu.hash)

.dynsym         0x00000000480404e0      0x730
 *(.dynsym)
 .dynsym        0x00000000480404e0      0x730 C:\Program Files\dSPACE RCPHIL 2016-B\Compiler\QNX650_520\target\qnx6/ppcbe/lib/crt1.o

.dynstr         0x0000000048040c10      0x9f3
 *(.dynstr)
 .dynstr        0x0000000048040c10      0x9f3 C:\Program Files\dSPACE RCPHIL 2016-B\Compiler\QNX650_520\target\qnx6/ppcbe/lib/crt1.o

.gnu.version    0x0000000048041604        0x0
 *(.gnu.version)
 .gnu.version   0x0000000048041604        0x0 C:\Program Files\dSPACE RCPHIL 2016-B\Compiler\QNX650_520\target\qnx6/ppcbe/lib/crt1.o

.gnu.version_d  0x0000000048041604        0x0
 *(.gnu.version_d)
 .gnu.version_d
                0x0000000048041604        0x0 C:\Program Files\dSPACE RCPHIL 2016-B\Compiler\QNX650_520\target\qnx6/ppcbe/lib/crt1.o

.gnu.version_r  0x0000000048041604        0x0
 *(.gnu.version_r)
 .gnu.version_r
                0x0000000048041604        0x0 C:\Program Files\dSPACE RCPHIL 2016-B\Compiler\QNX650_520\target\qnx6/ppcbe/lib/crt1.o

.rel.dyn
 *(.rel.init)
 *(.rel.text .rel.text.* .rel.gnu.linkonce.t.*)
 *(.rel.fini)
 *(.rel.rodata .rel.rodata.* .rel.gnu.linkonce.r.*)
 *(.rel.data.rel.ro* .rel.gnu.linkonce.d.rel.ro.*)
 *(.rel.data .rel.data.* .rel.gnu.linkonce.d.*)
 *(.rel.tdata .rel.tdata.* .rel.gnu.linkonce.td.*)
 *(.rel.tbss .rel.tbss.* .rel.gnu.linkonce.tb.*)
 *(.rel.ctors)
 *(.rel.dtors)
 *(.rel.got)
 *(.rel.sdata .rel.sdata.* .rel.gnu.linkonce.s.*)
 *(.rel.sbss .rel.sbss.* .rel.gnu.linkonce.sb.*)
 *(.rel.sdata2 .rel.sdata2.* .rel.gnu.linkonce.s2.*)
 *(.rel.sbss2 .rel.sbss2.* .rel.gnu.linkonce.sb2.*)
 *(.rel.bss .rel.bss.* .rel.gnu.linkonce.b.*)

.rela.dyn       0x0000000048041604       0x6c
 *(.rela.init)
 *(.rela.text .rela.text.* .rela.gnu.linkonce.t.*)
 .rela.text     0x0000000048041604        0x0 C:\Program Files\dSPACE RCPHIL 2016-B\Compiler\QNX650_520\target\qnx6/ppcbe/lib/crt1.o
 *(.rela.fini)
 *(.rela.rodata .rela.rodata.* .rela.gnu.linkonce.r.*)
 .rela.rodata   0x0000000048041604        0x0 C:\Program Files\dSPACE RCPHIL 2016-B\Compiler\QNX650_520\target\qnx6/ppcbe/lib/crt1.o
 *(.rela.data .rela.data.* .rela.gnu.linkonce.d.*)
 *(.rela.tdata .rela.tdata.* .rela.gnu.linkonce.td.*)
 *(.rela.tbss .rela.tbss.* .rela.gnu.linkonce.tb.*)
 *(.rela.ctors)
 *(.rela.dtors)
 *(.rela.got)
 .rela.got      0x0000000048041604       0x48 C:\Program Files\dSPACE RCPHIL 2016-B\Compiler\QNX650_520\target\qnx6/ppcbe/lib/crt1.o
 *(.rela.got1)
 *(.rela.got2)
 *(.rela.sdata .rela.sdata.* .rela.gnu.linkonce.s.*)
 *(.rela.sbss .rela.sbss.* .rela.gnu.linkonce.sb.*)
 .rela.sbss     0x000000004804164c        0x0 C:\Program Files\dSPACE RCPHIL 2016-B\Compiler\QNX650_520\target\qnx6/ppcbe/lib/crt1.o
 *(.rela.sdata2 .rela.sdata2.* .rela.gnu.linkonce.s2.*)
 *(.rela.sbss2 .rela.sbss2.* .rela.gnu.linkonce.sb2.*)
 *(.rela.bss .rela.bss.* .rela.gnu.linkonce.b.*)
 .rela.bss      0x000000004804164c       0x24 C:\Program Files\dSPACE RCPHIL 2016-B\Compiler\QNX650_520\target\qnx6/ppcbe/lib/crt1.o
 .rela.iplt     0x0000000048041670        0x0 C:\Program Files\dSPACE RCPHIL 2016-B\Compiler\QNX650_520\target\qnx6/ppcbe/lib/crt1.o

.rel.plt
 *(.rel.plt)

.rela.plt       0x0000000048041670      0x480
 *(.rela.plt)
 .rela.plt      0x0000000048041670      0x480 C:\Program Files\dSPACE RCPHIL 2016-B\Compiler\QNX650_520\target\qnx6/ppcbe/lib/crt1.o

.init           0x0000000048041af0       0x24
 *(.init)
 .init          0x0000000048041af0        0xc C:\Program Files\dSPACE RCPHIL 2016-B\Compiler\QNX650_520\target\qnx6/ppcbe/lib/crti.o
                0x0000000048041af0                _init
 .init          0x0000000048041afc        0x4 c:/program files/dspace rcphil 2016-b/compiler/qnx650_520/host/win32/x86/usr/bin/../lib/gcc/powerpc-unknown-nto-qnx6.5.0/5.2.0/crtbegin.o
 .init          0x0000000048041b00        0x4 c:/program files/dspace rcphil 2016-b/compiler/qnx650_520/host/win32/x86/usr/bin/../lib/gcc/powerpc-unknown-nto-qnx6.5.0/5.2.0/crtend.o
 .init          0x0000000048041b04       0x10 C:\Program Files\dSPACE RCPHIL 2016-B\Compiler\QNX650_520\target\qnx6/ppcbe/lib/crtn.o

.text           0x0000000048041b20     0x544c
                0x0000000048041b20                _btext = .
 *(.text .stub .text.* .gnu.linkonce.t.*)
 .text          0x0000000048041b20      0x118 C:\Program Files\dSPACE RCPHIL 2016-B\Compiler\QNX650_520\target\qnx6/ppcbe/lib/crt1.o
                0x0000000048041b20                _start
 .text          0x0000000048041c38        0x0 C:\Program Files\dSPACE RCPHIL 2016-B\Compiler\QNX650_520\target\qnx6/ppcbe/lib/crti.o
 .text          0x0000000048041c38      0x2b0 c:/program files/dspace rcphil 2016-b/compiler/qnx650_520/host/win32/x86/usr/bin/../lib/gcc/powerpc-unknown-nto-qnx6.5.0/5.2.0/crtbegin.o
 *fill*         0x0000000048041ee8        0x8 00000000
 .text          0x0000000048041ef0     0x31d0 gesamtkonzept_p_pd_regler.o07
                0x0000000048042660                gesamtkonzept__regler_on2_Start
                0x0000000048042680                gesamtkonzept_p_pd_r_regler_on2
                0x00000000480426a0                gesamtkonzept_p_regler_on2_Term
                0x00000000480426c0                gesamtkonzept_p_pd_regler_output
                0x0000000048044620                gesamtkonzept_p_pd_regler_derivatives
                0x0000000048044700                gesamtkonzept_p_pd_regler_update
                0x00000000480448b0                gesamtkonzept_p_pd_regler_initialize
                0x0000000048044e30                gesamtkonzept_p_pd_regler_terminate
 .text          0x00000000480450c0        0x0 gesamtkonzept_p_pd_regler_data.o07
 .text          0x00000000480450c0      0x1b4 gesamtkonzept_p_pd_regler_trc_ptr.o07
                0x0000000048045240                gesamtkonzept_p_pd_regler_rti_init_trc_pointers
 *fill*         0x0000000048045274        0xc 00000000
 .text          0x0000000048045280       0x5c rtGetInf.o07
                0x0000000048045280                rtGetInf
                0x00000000480452a0                rtGetInfF
                0x00000000480452b0                rtGetMinusInf
                0x00000000480452d0                rtGetMinusInfF
 *fill*         0x00000000480452dc        0x4 00000000
 .text          0x00000000480452e0       0x3c rtGetNaN.o07
                0x00000000480452e0                rtGetNaN
                0x0000000048045310                rtGetNaNF
 *fill*         0x000000004804531c        0x4 00000000
 .text          0x0000000048045320       0xf4 rt_nonfinite.o07
                0x0000000048045320                rt_InitInfAndNaN
                0x0000000048045380                rtIsInf
                0x00000000480453b0                rtIsInfF
                0x00000000480453e0                rtIsNaN
                0x0000000048045400                rtIsNaNF
 *fill*         0x0000000048045414        0xc 00000000
 .text          0x0000000048045420      0x604 rti_sim_engine.o07
                0x00000000480459b0                rtk_idle_function
                0x00000000480459c0                rti_th_timertask1_trigger_source
                0x0000000048045a10                initConditions
                0x0000000048045a20                initVariables
 *fill*         0x0000000048045a24        0xc 00000000
 .text.startup  0x0000000048045a30      0x930 rti_sim_engine.o07
                0x0000000048045a30                main
 .text          0x0000000048046360       0x40 rti_init_c.o07
                0x0000000048046360                rti_init
 .text          0x00000000480463a0       0x44 rt_sim.o07
                0x00000000480463a0                rt_SimInitTimingEngine
                0x00000000480463d0                rt_SimGetNextSampleHit
                0x00000000480463e0                rt_SimUpdateDiscreteTaskSampleHits
 *fill*         0x00000000480463e4        0xc 00000000
 .text          0x00000000480463f0       0xd4 rti_assert.o07
                0x00000000480463f0                rti_assertion_handler
                0x0000000048046480                rti_assertion_mode_msg
 .text          0x00000000480464c4        0x0 C:\Program Files\dSPACE RCPHIL 2016-B\DS1202\Lib/librtversion.a(RtVersion.o)
 *fill*         0x00000000480464c4        0xc 00000000
 .text          0x00000000480464d0        0x4 C:\Program Files\dSPACE RCPHIL 2016-B\DS1202\Lib/librtglobals.a(DsEESPort.o)
                0x00000000480464d0                DsEesPort_init()
 .text          0x00000000480464d4       0x20 C:\Program Files\dSPACE RCPHIL 2016-B\DS1202\Lib/libm_fastpow.a(w_pow.o)
                0x00000000480464d4                pow
 .text          0x00000000480464f4      0x85c C:\Program Files\dSPACE RCPHIL 2016-B\DS1202\Lib/libm_fastpow.a(e_pow.o)
                0x00000000480464f4                __ieee754_pow
 .text          0x0000000048046d50      0x188 C:\Program Files\dSPACE RCPHIL 2016-B\DS1202\Lib/libm_fastpow.a(s_scalbn.o)
                0x0000000048046d50                scalbn
 .text          0x0000000048046ed8       0x94 c:/program files/dspace rcphil 2016-b/compiler/qnx650_520/host/win32/x86/usr/bin/../lib/gcc/powerpc-unknown-nto-qnx6.5.0/5.2.0/crtend.o
 .text          0x0000000048046f6c        0x0 C:\Program Files\dSPACE RCPHIL 2016-B\Compiler\QNX650_520\target\qnx6/ppcbe/lib/crtn.o
 *(.gnu.warning)
 *(.glink)
 .glink         0x0000000048046f6c        0x0 C:\Program Files\dSPACE RCPHIL 2016-B\Compiler\QNX650_520\target\qnx6/ppcbe/lib/crt1.o

.fini           0x0000000048046f6c       0x20
 *(.fini)
 .fini          0x0000000048046f6c        0xc C:\Program Files\dSPACE RCPHIL 2016-B\Compiler\QNX650_520\target\qnx6/ppcbe/lib/crti.o
                0x0000000048046f6c                _fini
 .fini          0x0000000048046f78        0x4 c:/program files/dspace rcphil 2016-b/compiler/qnx650_520/host/win32/x86/usr/bin/../lib/gcc/powerpc-unknown-nto-qnx6.5.0/5.2.0/crtbegin.o
 .fini          0x0000000048046f7c       0x10 C:\Program Files\dSPACE RCPHIL 2016-B\Compiler\QNX650_520\target\qnx6/ppcbe/lib/crtn.o
                [!provide]                        PROVIDE (__etext, .)
                0x0000000048046f8c                PROVIDE (_etext, .)
                [!provide]                        PROVIDE (etext, .)

.rodata         0x0000000048046f90      0x5b8
 *(.rodata .rodata.* .gnu.linkonce.r.*)
 .rodata        0x0000000048046f90       0x18 gesamtkonzept_p_pd_regler.o07
                0x0000000048046fa4                gesamtkonzept_p_pd_regler_M
 .rodata.cst4   0x0000000048046fa8       0x58 gesamtkonzept_p_pd_regler.o07
 .rodata.cst8   0x0000000048047000       0x58 gesamtkonzept_p_pd_regler.o07
 .rodata.str1.4
                0x0000000048047058        0x5 gesamtkonzept_p_pd_regler.o07
 *fill*         0x000000004804705d        0x3 
 .rodata.cst4   0x0000000048047060        0x8 rtGetInf.o07
 .rodata.cst4   0x0000000048047068        0x4 rtGetNaN.o07
 .rodata        0x000000004804706c        0xc rti_sim_engine.o07
                0x000000004804706c                rtiDataSetStorageEnabled
                0x0000000048047070                p_dsts_sum_of_reset_time
                0x0000000048047074                p_msg_last_error_no
 .rodata.cst4   0x0000000048047078       0x10 rti_sim_engine.o07
 .rodata.cst8   0x0000000048047088        0x8 rti_sim_engine.o07
 .rodata.str1.4
                0x0000000048047088      0x284 rti_sim_engine.o07
 .rodata.cst4   0x000000004804730c        0x4 rt_sim.o07
                                          0x8 (size before relaxing)
 .rodata.str1.4
                0x0000000048047310       0x71 rt_sim.o07
 *fill*         0x0000000048047381        0x3 
 .rodata.str1.4
                0x0000000048047384       0x70 rti_assert.o07
                                         0x6d (size before relaxing)
 *fill*         0x00000000480473f4        0x4 
 .rodata        0x00000000480473f8       0x30 C:\Program Files\dSPACE RCPHIL 2016-B\DS1202\Lib/libm_fastpow.a(e_pow.o)
 .rodata.cst4   0x0000000048047428        0x8 C:\Program Files\dSPACE RCPHIL 2016-B\DS1202\Lib/libm_fastpow.a(e_pow.o)
 .rodata.cst8   0x0000000048047430       0xe8 C:\Program Files\dSPACE RCPHIL 2016-B\DS1202\Lib/libm_fastpow.a(e_pow.o)
 .rodata.cst8   0x0000000048047518       0x30 C:\Program Files\dSPACE RCPHIL 2016-B\DS1202\Lib/libm_fastpow.a(s_scalbn.o)

.rodata1
 *(.rodata1)

.sdata2         0x0000000048047548        0x0
                0x0000000000008000                PROVIDE (_SDA2_BASE_, 0x8000)
 *(.sdata2 .sdata2.* .gnu.linkonce.s2.*)
 .sdata2        0x0000000048047548        0x0 C:\Program Files\dSPACE RCPHIL 2016-B\Compiler\QNX650_520\target\qnx6/ppcbe/lib/crt1.o

.sbss2
 *(.sbss2 .sbss2.* .gnu.linkonce.sb2.*)

.eh_frame_hdr   0x0000000048047548       0x14
 *(.eh_frame_hdr)
 .eh_frame_hdr  0x0000000048047548       0x14 C:\Program Files\dSPACE RCPHIL 2016-B\DS1202\Lib/librtglobals.a(DsEESPort.o)

.eh_frame       0x000000004804755c       0x2c
 *(.eh_frame)
 .eh_frame      0x000000004804755c        0x0 C:\Program Files\dSPACE RCPHIL 2016-B\Compiler\QNX650_520\target\qnx6/ppcbe/lib/crt1.o
 .eh_frame      0x000000004804755c        0x0 c:/program files/dspace rcphil 2016-b/compiler/qnx650_520/host/win32/x86/usr/bin/../lib/gcc/powerpc-unknown-nto-qnx6.5.0/5.2.0/crtbegin.o
 .eh_frame      0x000000004804755c       0x28 C:\Program Files\dSPACE RCPHIL 2016-B\DS1202\Lib/librtglobals.a(DsEESPort.o)
 .eh_frame      0x0000000048047584        0x4 c:/program files/dspace rcphil 2016-b/compiler/qnx650_520/host/win32/x86/usr/bin/../lib/gcc/powerpc-unknown-nto-qnx6.5.0/5.2.0/crtend.o

.gcc_except_table
 *(.gcc_except_table .gcc_except_table.*)
                0x0000000048047588                . = (ALIGN (0x1000) - ((0x1000 - .) & 0xfff))
                0x0000000048048000                . = DATA_SEGMENT_ALIGN (0x1000, 0x1000)

.eh_frame
 *(.eh_frame)

.gcc_except_table
 *(.gcc_except_table .gcc_except_table.*)

.tdata
 *(.tdata .tdata.* .gnu.linkonce.td.*)

.tbss
 *(.tbss .tbss.* .gnu.linkonce.tb.*)
 *(.tcommon)

.preinit_array  0x0000000048048000        0x0
                0x0000000048048000                PROVIDE (__preinit_array_start, .)
 *(.preinit_array)
                0x0000000048048000                PROVIDE (__preinit_array_end, .)

.init_array     0x0000000048048000        0x0
                0x0000000048048000                PROVIDE (__init_array_start, .)
 *(SORT(.init_array.*))
 *(.init_array)
                0x0000000048048000                PROVIDE (__init_array_end, .)

.fini_array     0x0000000048048000        0x0
                0x0000000048048000                PROVIDE (__fini_array_start, .)
 *(.fini_array)
 *(SORT(.fini_array.*))
                0x0000000048048000                PROVIDE (__fini_array_end, .)

.ctors          0x0000000048048000        0x8
 *crtbegin.o(.ctors)
 .ctors         0x0000000048048000        0x4 c:/program files/dspace rcphil 2016-b/compiler/qnx650_520/host/win32/x86/usr/bin/../lib/gcc/powerpc-unknown-nto-qnx6.5.0/5.2.0/crtbegin.o
 *crtbegin?.o(.ctors)
 *(EXCLUDE_FILE(*crtend?.o *crtend.o) .ctors)
 *(SORT(.ctors.*))
 *(.ctors)
 .ctors         0x0000000048048004        0x4 c:/program files/dspace rcphil 2016-b/compiler/qnx650_520/host/win32/x86/usr/bin/../lib/gcc/powerpc-unknown-nto-qnx6.5.0/5.2.0/crtend.o

.dtors          0x0000000048048008        0x8
 *crtbegin.o(.dtors)
 .dtors         0x0000000048048008        0x4 c:/program files/dspace rcphil 2016-b/compiler/qnx650_520/host/win32/x86/usr/bin/../lib/gcc/powerpc-unknown-nto-qnx6.5.0/5.2.0/crtbegin.o
 *crtbegin?.o(.dtors)
 *(EXCLUDE_FILE(*crtend?.o *crtend.o) .dtors)
 *(SORT(.dtors.*))
 *(.dtors)
 .dtors         0x000000004804800c        0x4 c:/program files/dspace rcphil 2016-b/compiler/qnx650_520/host/win32/x86/usr/bin/../lib/gcc/powerpc-unknown-nto-qnx6.5.0/5.2.0/crtend.o
                0x000000004804800c                __DTOR_END__

.jcr            0x0000000048048010        0x4
 *(.jcr)
 .jcr           0x0000000048048010        0x0 c:/program files/dspace rcphil 2016-b/compiler/qnx650_520/host/win32/x86/usr/bin/../lib/gcc/powerpc-unknown-nto-qnx6.5.0/5.2.0/crtbegin.o
 .jcr           0x0000000048048010        0x4 c:/program files/dspace rcphil 2016-b/compiler/qnx650_520/host/win32/x86/usr/bin/../lib/gcc/powerpc-unknown-nto-qnx6.5.0/5.2.0/crtend.o

.data.rel.ro
 *(.data.rel.ro.local* .gnu.linkonce.d.rel.ro.local.*)
 *(.data.rel.ro* .gnu.linkonce.d.rel.ro.*)

.fixup
 *(.fixup)

.got1
 *(.got1)

.got2
 *(.got2)

.dynamic        0x0000000048048014      0x128
 *(.dynamic)
 .dynamic       0x0000000048048014      0x128 C:\Program Files\dSPACE RCPHIL 2016-B\Compiler\QNX650_520\target\qnx6/ppcbe/lib/crt1.o
                0x0000000048048014                _DYNAMIC

.got
 *(.got)
                0x000000004804813c                . = DATA_SEGMENT_RELRO_END (., 0x0)

.plt
 *(.plt)

.data           0x0000000048048140      0xcf0
 *(.data .data.* .gnu.linkonce.d.*)
 .data          0x0000000048048140        0x0 C:\Program Files\dSPACE RCPHIL 2016-B\Compiler\QNX650_520\target\qnx6/ppcbe/lib/crt1.o
 .data          0x0000000048048140        0x0 C:\Program Files\dSPACE RCPHIL 2016-B\Compiler\QNX650_520\target\qnx6/ppcbe/lib/crti.o
 .data          0x0000000048048140        0x0 c:/program files/dspace rcphil 2016-b/compiler/qnx650_520/host/win32/x86/usr/bin/../lib/gcc/powerpc-unknown-nto-qnx6.5.0/5.2.0/crtbegin.o
 .data.rel.local
                0x0000000048048140        0x4 c:/program files/dspace rcphil 2016-b/compiler/qnx650_520/host/win32/x86/usr/bin/../lib/gcc/powerpc-unknown-nto-qnx6.5.0/5.2.0/crtbegin.o
                0x0000000048048140                __dso_handle
 .data          0x0000000048048144        0x0 gesamtkonzept_p_pd_regler.o07
 *fill*         0x0000000048048144        0x4 
 .data          0x0000000048048148      0xcc8 gesamtkonzept_p_pd_regler_data.o07
                0x0000000048048148                gesamtkonzept_p_pd_regler_P
 .data          0x0000000048048e10        0x0 gesamtkonzept_p_pd_regler_trc_ptr.o07
 .data          0x0000000048048e10        0x0 rtGetInf.o07
 .data          0x0000000048048e10        0x0 rtGetNaN.o07
 .data          0x0000000048048e10        0x0 rt_nonfinite.o07
 .data          0x0000000048048e10       0x14 rti_sim_engine.o07
                0x0000000048048e10                simState
                0x0000000048048e20                lastSimState
 .data          0x0000000048048e24        0x0 rti_init_c.o07
 .data          0x0000000048048e24        0x0 rt_sim.o07
 .data          0x0000000048048e24        0x0 rti_assert.o07
 .data          0x0000000048048e24        0x0 C:\Program Files\dSPACE RCPHIL 2016-B\DS1202\Lib/librtversion.a(RtVersion.o)
 .data          0x0000000048048e24        0x0 C:\Program Files\dSPACE RCPHIL 2016-B\DS1202\Lib/librtglobals.a(DsEESPort.o)
 .data.rel      0x0000000048048e24        0xc C:\Program Files\dSPACE RCPHIL 2016-B\DS1202\Lib/librtglobals.a(DsEESPort.o)
                0x0000000048048e24                p_xilapi_eesport_errorswitching_uint32_T
                0x0000000048048e28                p_xilapi_eesport_erroractivated_uint32_T
                0x0000000048048e2c                p_xilapi_eesport_activeerrorset_uint32_T
 .data          0x0000000048048e30        0x0 C:\Program Files\dSPACE RCPHIL 2016-B\DS1202\Lib/libm_fastpow.a(w_pow.o)
 .data          0x0000000048048e30        0x0 C:\Program Files\dSPACE RCPHIL 2016-B\DS1202\Lib/libm_fastpow.a(e_pow.o)
 .data          0x0000000048048e30        0x0 C:\Program Files\dSPACE RCPHIL 2016-B\DS1202\Lib/libm_fastpow.a(s_scalbn.o)
 .data          0x0000000048048e30        0x0 c:/program files/dspace rcphil 2016-b/compiler/qnx650_520/host/win32/x86/usr/bin/../lib/gcc/powerpc-unknown-nto-qnx6.5.0/5.2.0/crtend.o
 .data          0x0000000048048e30        0x0 C:\Program Files\dSPACE RCPHIL 2016-B\Compiler\QNX650_520\target\qnx6/ppcbe/lib/crtn.o

.tm_clone_table
                0x0000000048048e30        0x0
 .tm_clone_table
                0x0000000048048e30        0x0 c:/program files/dspace rcphil 2016-b/compiler/qnx650_520/host/win32/x86/usr/bin/../lib/gcc/powerpc-unknown-nto-qnx6.5.0/5.2.0/crtbegin.o
 .tm_clone_table
                0x0000000048048e30        0x0 c:/program files/dspace rcphil 2016-b/compiler/qnx650_520/host/win32/x86/usr/bin/../lib/gcc/powerpc-unknown-nto-qnx6.5.0/5.2.0/crtend.o

.data1
 *(.data1)

.got            0x0000000048048e30       0x54
 *(.got)
 .got           0x0000000048048e30       0x54 C:\Program Files\dSPACE RCPHIL 2016-B\Compiler\QNX650_520\target\qnx6/ppcbe/lib/crt1.o
                0x0000000048048e78                _GLOBAL_OFFSET_TABLE_

.sdata          0x0000000048048e84        0x0
                0x0000000000008000                PROVIDE (_SDA_BASE_, 0x8000)
 *(.sdata .sdata.* .gnu.linkonce.s.*)
 .sdata         0x0000000048048e84        0x0 C:\Program Files\dSPACE RCPHIL 2016-B\Compiler\QNX650_520\target\qnx6/ppcbe/lib/crt1.o
                0x0000000048048e84                _edata = .
                [!provide]                        PROVIDE (edata, .)
                0x0000000048048e84                __bss_start = .

.sbss           0x0000000048048e84        0x0
                [!provide]                        PROVIDE (__sbss_start, .)
                [!provide]                        PROVIDE (___sbss_start, .)
 *(.dynsbss)
 .dynsbss       0x0000000048048e84        0x0 C:\Program Files\dSPACE RCPHIL 2016-B\Compiler\QNX650_520\target\qnx6/ppcbe/lib/crt1.o
 *(.sbss .sbss.* .gnu.linkonce.sb.*)
 *(.scommon)
                [!provide]                        PROVIDE (__sbss_end, .)
                [!provide]                        PROVIDE (___sbss_end, .)

.plt            0x0000000048048e84      0x4c8
 *(.plt)
 .plt           0x0000000048048e84      0x4c8 C:\Program Files\dSPACE RCPHIL 2016-B\Compiler\QNX650_520\target\qnx6/ppcbe/lib/crt1.o
                0x0000000048048ecc                ts_reset
                0x0000000048048ed4                __register_frame_info
                0x0000000048048edc                DioCl2EncoderIn_create
                0x0000000048048ee4                msg_error_clear
                0x0000000048048eec                AdcCl1AnalogIn_read
                0x0000000048048ef4                dsrtt_set_current_time
                0x0000000048048efc                sqrt
                0x0000000048048f04                DioCl2EncoderIn_read
                0x0000000048048f0c                rtk_current_task_absolute_time_ptr_get
                0x0000000048048f14                DsTimeSync_simstateRun
                0x0000000048048f1c                DacCl1AnalogOut_create
                0x0000000048048f24                DioCl2EncoderIn_setEncPosition
                0x0000000048048f2c                DioCl2EncoderIn_stop
                0x0000000048048f34                memcpy
                0x0000000048048f3c                rtk_setup_temp_overrun_handling
                0x0000000048048f44                DioCl2EncoderIn_setIndexMode
                0x0000000048048f4c                rtk_reset_tasks
                0x0000000048048f54                __cxa_finalize
                0x0000000048048f5c                _init_array
                0x0000000048048f64                rtk_set_task_type
                0x0000000048048f6c                DsTimeSync_baserate
                0x0000000048048f74                rtk_task_name_set
                0x0000000048048f7c                DacCl1AnalogOut_apply
                0x0000000048048f84                dsrtt_script_service_post_computation
                0x0000000048048f8c                rtk_create_task
                0x0000000048048f94                msg_warning_printf
                0x0000000048048f9c                msg_last_error_number
                0x0000000048048fa4                DioCl2EncoderIn_start
                0x0000000048048fac                AdcCl1AnalogIn_setConversTrigger
                0x0000000048048fb4                dsparam_copy_data_set
                0x0000000048048fbc                SrtkPreload_preloadRegion
                0x0000000048048fc4                DioCl2EncoderIn_getMechVelocity
                0x0000000048048fcc                msg_error_set
                0x0000000048048fd4                asin
                0x0000000048048fdc                rtk_enable_services
                0x0000000048048fe4                SrtkDaq_Init
                0x0000000048048fec                rtk_task_task_calls_get
                0x0000000048048ff4                DsTimeSync_setCurrentTimePtr
                0x0000000048048ffc                SrtkIntBase_enableIntGlobal
                0x0000000048049004                DacCl1AnalogOut_write
                0x000000004804900c                AdcCl1AnalogIn_setConversionMode
                0x0000000048049014                rtk_overrun_flag_clear
                0x000000004804901c                rtk_bind_interrupt
                0x0000000048049024                DacCl1AnalogOut_stop
                0x000000004804902c                AdcCl1AnalogIn_apply
                0x0000000048049034                _init_libc
                0x000000004804903c                DioCl2EncoderIn_setGatedMode
                0x0000000048049044                dsrtt_init
                0x000000004804904c                AdcCl1AnalogIn_write
                0x0000000048049054                SrtkApp_terminate
                0x000000004804905c                DioCl2EncoderIn_setMaxPosition
                0x0000000048049064                DioCl2EncoderIn_setMinPosition
                0x000000004804906c                DioCl2EncoderIn_getMechPosition
                0x0000000048049074                AdcCl1AnalogIn_isDataReady
                0x000000004804907c                msg_info_set
                0x0000000048049084                SensorSupply_create
                0x000000004804908c                dsrtt_script_service_pre_computation
                0x0000000048049094                DacCl1AnalogOut_start
                0x000000004804909c                msg_error_printf
                0x00000000480490a4                memset
                0x00000000480490ac                _Sin
                0x00000000480490b4                rtk_leave_idle_mode
                0x00000000480490bc                __wrap_exit
                0x00000000480490c4                __wrap_atexit
                0x00000000480490cc                DioCl2EncoderIn_setMeasurementInterval
                0x00000000480490d4                DacCl1AnalogOut_setOutputValue
                0x00000000480490dc                AdcCl1AnalogIn_start
                0x00000000480490e4                _fini_array
                0x00000000480490ec                SensorSupply_setVoltage
                0x00000000480490f4                SrtkDaq_Background
                0x00000000480490fc                _preinit_array
                0x0000000048049104                SrtkApp_init
                0x000000004804910c                SrtkDaq_Service
                0x0000000048049114                rtk_task_task_name_get
                0x000000004804911c                AdcCl1AnalogIn_setConversSwTrigger
                0x0000000048049124                SrtkSim_notifyStateTransition
                0x000000004804912c                AdcCl1AnalogIn_getSingleValue
                0x0000000048049134                DioCl2EncoderIn_apply
                0x000000004804913c                msg_set
                0x0000000048049144                SensorSupply_apply
                0x000000004804914c                rtk_get_subentry
                0x0000000048049154                dsrtt_set_step_size
                0x000000004804915c                rtk_enter_idle_mode
                0x0000000048049164                rtk_initialize
                0x000000004804916c                DacCl1AnalogOut_setOutputHighZ
                0x0000000048049174                DioCl2EncoderIn_setEncoderLines
                0x000000004804917c                SensorSupply_setSensorState
                0x0000000048049184                SensorSupply_start
                0x000000004804918c                SrtkApp_background
                0x0000000048049194                rtk_default_overrun_fcn
                0x000000004804919c                AdcCl1AnalogIn_create
                0x00000000480491a4                vcm_module_register
                0x00000000480491ac                DsTimeSync_simstateStop
                0x00000000480491b4                SrtkIntBase_disableIntGlobal
                0x00000000480491bc                SrtkSim_registerState
                0x00000000480491c4                __deregister_frame_info

.bss            0x0000000048049350     0x3858
 *(.dynbss)
 .dynbss        0x0000000048049350       0x14 C:\Program Files\dSPACE RCPHIL 2016-B\Compiler\QNX650_520\target\qnx6/ppcbe/lib/crt1.o
                0x0000000048049350                errno
                0x0000000048049358                dsts_sum_of_reseted_time
                0x0000000048049360                msg_last_error_no
 *(.bss .bss.* .gnu.linkonce.b.*)
 .bss           0x0000000048049364        0x0 C:\Program Files\dSPACE RCPHIL 2016-B\Compiler\QNX650_520\target\qnx6/ppcbe/lib/crt1.o
 .bss           0x0000000048049364        0x0 C:\Program Files\dSPACE RCPHIL 2016-B\Compiler\QNX650_520\target\qnx6/ppcbe/lib/crti.o
 .bss           0x0000000048049364       0x20 c:/program files/dspace rcphil 2016-b/compiler/qnx650_520/host/win32/x86/usr/bin/../lib/gcc/powerpc-unknown-nto-qnx6.5.0/5.2.0/crtbegin.o
 *fill*         0x0000000048049384        0x4 
 .bss           0x0000000048049388     0x3725 gesamtkonzept_p_pd_regler.o07
                0x0000000048049388                gesamtkonzept_p_pd_regler_DW
                0x000000004804b4a0                gesamtkonzept_p_pd_regler_M_
                0x000000004804b778                gesamtkonzept_p_pd_regler_B
                0x000000004804c930                gesamtkonzept_p_pd_regler_X
                0x000000004804caa8                gesamtkonzept_p_pd_regl_PrevZCX
 .bss           0x000000004804caad        0x0 gesamtkonzept_p_pd_regler_data.o07
 *fill*         0x000000004804caad        0x3 
 .bss           0x000000004804cab0       0x58 gesamtkonzept_p_pd_regler_trc_ptr.o07
                0x000000004804cab0                p_0_gesamtkonzept_p_pd_regler_real_T_0
                0x000000004804cab4                p_0_gesamtkonzept_p_pd_regler_real32_T_1
                0x000000004804cab8                p_0_gesamtkonzept_p_pd_regler_boolean_T_2
                0x000000004804cabc                p_0_gesamtkonzept_p_pd_regler_real_T_3
                0x000000004804cac0                p_0_gesamtkonzept_p_pd_regler_real_T_4
                0x000000004804cac4                p_0_gesamtkonzept_p_pd_regler_real_T_5
                0x000000004804cac8                p_1_gesamtkonzept_p_pd_regler_struct_D7yM47lRFTRXetKJK1f9JF_0
                0x000000004804cacc                p_1_gesamtkonzept_p_pd_regler_struct_V3XwXYNi6dhvgEezMVGCoF_1
                0x000000004804cad0                p_1_gesamtkonzept_p_pd_regler_real_T_2
                0x000000004804cad4                p_1_gesamtkonzept_p_pd_regler_real32_T_3
                0x000000004804cad8                p_1_gesamtkonzept_p_pd_regler_int32_T_4
                0x000000004804cadc                p_1_gesamtkonzept_p_pd_regler_uint32_T_5
                0x000000004804cae0                p_1_gesamtkonzept_p_pd_regler_uint16_T_6
                0x000000004804cae4                p_1_gesamtkonzept_p_pd_regler_uint8_T_7
                0x000000004804cae8                p_1_gesamtkonzept_p_pd_regler_boolean_T_8
                0x000000004804caec                p_2_gesamtkonzept_p_pd_regler_real_T_2
                0x000000004804caf0                p_2_gesamtkonzept_p_pd_regler_int_T_5
                0x000000004804caf4                p_2_gesamtkonzept_p_pd_regler_boolean_T_6
                0x000000004804caf8                p_2_gesamtkonzept_p_pd_regler_boolean_T_9
                0x000000004804cafc                p_2_gesamtkonzept_p_pd_regler_boolean_T_12
                0x000000004804cb00                p_2_gesamtkonzept_p_pd_regler_boolean_T_15
                0x000000004804cb04                p_3_gesamtkonzept_p_pd_regler_real_T_0
 .bss           0x000000004804cb08        0x0 rtGetInf.o07
 .bss           0x000000004804cb08        0x0 rtGetNaN.o07
 .bss           0x000000004804cb08       0x2c rt_nonfinite.o07
                0x000000004804cb08                rtNaN
                0x000000004804cb10                rtNaNF
                0x000000004804cb18                rtInf
                0x000000004804cb20                rtInfF
                0x000000004804cb28                rtMinusInf
                0x000000004804cb30                rtMinusInfF
 *fill*         0x000000004804cb34        0x4 
 .bss           0x000000004804cb38       0x58 rti_sim_engine.o07
                0x000000004804cb38                currentTime
                0x000000004804cb3c                finalTime
                0x000000004804cb40                modelStepSize
                0x000000004804cb48                pRTIDacC1AnalogOut_Ch_2
                0x000000004804cb4c                pRTIDacC1AnalogOut_Ch_3
                0x000000004804cb50                pRTIEmcEncoder_Unit_1_DioCl_2_Port_1_Ch1
                0x000000004804cb54                pRTIDacC1AnalogOut_Ch_1
                0x000000004804cb58                pRTIAdcC1AnalogIn_Ch_2
                0x000000004804cb5c                pRTIAdcC1AnalogIn_Ch_1
                0x000000004804cb60                pRTIAdcC1AnalogIn_Ch_10
                0x000000004804cb64                pRTI_Sensor_Supply
                0x000000004804cb68                pRti_TIMERA_STime
                0x000000004804cb6c                pRti_TIMERA_TTime
                0x000000004804cb70                pRti_TIMERA_TState
                0x000000004804cb74                pRti_TIMERA_OType
                0x000000004804cb78                pRti_TIMERA_OMax
                0x000000004804cb7c                pRti_TIMERA_ORpt
                0x000000004804cb80                pRti_TIMERA_OCnt
                0x000000004804cb84                pRti_TIMERA_TCnt
                0x000000004804cb88                pRti_TIMERA_Prio
                0x000000004804cb8c                rtiAssertionMode
 .bss           0x000000004804cb90        0x4 rti_init_c.o07
 .bss           0x000000004804cb94        0x0 rt_sim.o07
 .bss           0x000000004804cb94        0x0 rti_assert.o07
 .bss           0x000000004804cb94        0x0 C:\Program Files\dSPACE RCPHIL 2016-B\DS1202\Lib/librtversion.a(RtVersion.o)
 .bss           0x000000004804cb94       0x14 C:\Program Files\dSPACE RCPHIL 2016-B\DS1202\Lib/librtglobals.a(DsEESPort.o)
                0x000000004804cb94                xilapi_eesport_trigger_uint32_T
                0x000000004804cb98                xilapi_eesport_flags_uint32_T
                0x000000004804cb9c                xilapi_eesport_errorswitching_uint32_T
                0x000000004804cba0                xilapi_eesport_erroractivated_uint32_T
                0x000000004804cba4                xilapi_eesport_activeerrorset_uint32_T
 .bss           0x000000004804cba8        0x0 C:\Program Files\dSPACE RCPHIL 2016-B\DS1202\Lib/libm_fastpow.a(w_pow.o)
 .bss           0x000000004804cba8        0x0 C:\Program Files\dSPACE RCPHIL 2016-B\DS1202\Lib/libm_fastpow.a(e_pow.o)
 .bss           0x000000004804cba8        0x0 C:\Program Files\dSPACE RCPHIL 2016-B\DS1202\Lib/libm_fastpow.a(s_scalbn.o)
 .bss           0x000000004804cba8        0x0 c:/program files/dspace rcphil 2016-b/compiler/qnx650_520/host/win32/x86/usr/bin/../lib/gcc/powerpc-unknown-nto-qnx6.5.0/5.2.0/crtend.o
 .bss           0x000000004804cba8        0x0 C:\Program Files\dSPACE RCPHIL 2016-B\Compiler\QNX650_520\target\qnx6/ppcbe/lib/crtn.o
 *(COMMON)
                0x000000004804cba8                . = ALIGN ((. != 0x0)?0x4:0x1)

.iplt           0x000000004804cbb0        0x0
 .iplt          0x000000004804cbb0        0x0 C:\Program Files\dSPACE RCPHIL 2016-B\Compiler\QNX650_520\target\qnx6/ppcbe/lib/crt1.o
                0x000000004804cbb0                . = ALIGN (0x4)
                0x000000004804cbb0                . = ALIGN (0x4)
                0x000000004804cbb0                __end = .
                0x000000004804cbb0                _end = .
                [!provide]                        PROVIDE (end, .)
                0x000000004804cbb0                . = DATA_SEGMENT_END (.)

.stab
 *(.stab)

.stabstr
 *(.stabstr)

.stab.excl
 *(.stab.excl)

.stab.exclstr
 *(.stab.exclstr)

.stab.index
 *(.stab.index)

.stab.indexstr
 *(.stab.indexstr)

.comment        0x0000000000000000       0x47
 *(.comment)
 .comment       0x0000000000000000       0x11 c:/program files/dspace rcphil 2016-b/compiler/qnx650_520/host/win32/x86/usr/bin/../lib/gcc/powerpc-unknown-nto-qnx6.5.0/5.2.0/crtbegin.o
                                         0x12 (size before relaxing)
 .comment       0x0000000000000011       0x12 gesamtkonzept_p_pd_regler.o07
 .comment       0x0000000000000011       0x12 gesamtkonzept_p_pd_regler_data.o07
 .comment       0x0000000000000011       0x12 gesamtkonzept_p_pd_regler_trc_ptr.o07
 .comment       0x0000000000000011       0x12 rtGetInf.o07
 .comment       0x0000000000000011       0x12 rtGetNaN.o07
 .comment       0x0000000000000011       0x12 rt_nonfinite.o07
 .comment       0x0000000000000011       0x12 rti_sim_engine.o07
 .comment       0x0000000000000011       0x12 rti_init_c.o07
 .comment       0x0000000000000011       0x12 rt_sim.o07
 .comment       0x0000000000000011       0x12 rti_assert.o07
 .comment       0x0000000000000011       0x12 C:\Program Files\dSPACE RCPHIL 2016-B\DS1202\Lib/librtversion.a(RtVersion.o)
 .comment       0x0000000000000011       0x12 C:\Program Files\dSPACE RCPHIL 2016-B\DS1202\Lib/librtglobals.a(DsEESPort.o)
 .comment       0x0000000000000011       0x12 C:\Program Files\dSPACE RCPHIL 2016-B\DS1202\Lib/libm_fastpow.a(w_pow.o)
 .comment       0x0000000000000023       0x12 C:\Program Files\dSPACE RCPHIL 2016-B\DS1202\Lib/libm_fastpow.a(e_pow.o)
 .comment       0x0000000000000035       0x12 C:\Program Files\dSPACE RCPHIL 2016-B\DS1202\Lib/libm_fastpow.a(s_scalbn.o)
 .comment       0x0000000000000047       0x12 c:/program files/dspace rcphil 2016-b/compiler/qnx650_520/host/win32/x86/usr/bin/../lib/gcc/powerpc-unknown-nto-qnx6.5.0/5.2.0/crtend.o

.debug
 *(.debug)

.line
 *(.line)

.debug_srcinfo
 *(.debug_srcinfo)

.debug_sfnames
 *(.debug_sfnames)

.debug_aranges
 *(.debug_aranges)

.debug_pubnames
 *(.debug_pubnames)

.debug_info
 *(.debug_info .gnu.linkonce.wi.*)

.debug_abbrev
 *(.debug_abbrev)

.debug_line
 *(.debug_line)

.debug_frame
 *(.debug_frame)

.debug_str
 *(.debug_str)

.debug_loc
 *(.debug_loc)

.debug_macinfo
 *(.debug_macinfo)

.debug_weaknames
 *(.debug_weaknames)

.debug_funcnames
 *(.debug_funcnames)

.debug_typenames
 *(.debug_typenames)

.debug_varnames
 *(.debug_varnames)

.debug_pubtypes
 *(.debug_pubtypes)

.debug_ranges
 *(.debug_ranges)

.gnu.attributes
                0x0000000000000000       0x14
 *(.gnu.attributes)
 .gnu.attributes
                0x0000000000000000       0x10 gesamtkonzept_p_pd_regler.o07
 .gnu.attributes
                0x0000000000000010       0x10 rtGetInf.o07
 .gnu.attributes
                0x0000000000000020       0x10 rtGetNaN.o07
 .gnu.attributes
                0x0000000000000030       0x10 rt_nonfinite.o07
 .gnu.attributes
                0x0000000000000040       0x10 rti_sim_engine.o07
 .gnu.attributes
                0x0000000000000050       0x10 rt_sim.o07
 .gnu.attributes
                0x0000000000000060       0x10 rti_assert.o07
 .gnu.attributes
                0x0000000000000070       0x14 C:\Program Files\dSPACE RCPHIL 2016-B\DS1202\Lib/libm_fastpow.a(w_pow.o)
 .gnu.attributes
                0x0000000000000084       0x14 C:\Program Files\dSPACE RCPHIL 2016-B\DS1202\Lib/libm_fastpow.a(e_pow.o)
 .gnu.attributes
                0x0000000000000098       0x14 C:\Program Files\dSPACE RCPHIL 2016-B\DS1202\Lib/libm_fastpow.a(s_scalbn.o)

/DISCARD/
 *(.note.GNU-stack)
 *(.gnu_debuglink)
OUTPUT(gesamtkonzept_p_pd_regler.ppc elf32-powerpc)
